  **** HLS Build v2026.1 6493734
Sourcing Tcl script 'D:/Desktop/AMD/fpga/run_hls.tcl'
INFO: HLS_IP    = fir_filter
INFO: source    = src/fir_filter.cpp
INFO: testbench = sim/tb_fir_filter.cpp
INFO: [HLS 200-1510] Running: open_component -reset component_fir_filter -flow_target vivado 
INFO: [HLS 200-10] Creating and opening component 'D:/Desktop/AMD/fpga/component_fir_filter'.
INFO: [HLS 200-10] Cleaning up the component database.
INFO: [HLS 200-1505] Using flow_target 'vivado'
Resolution: For help on HLS 200-1505 see docs.amd.com/access/sources/dita/topic?Doc_Version=2026.1%20English&url=ug1448-hls-guidance&resourceid=200-1505.html
WARNING: [HLS 200-2149] The 'flow_target' option is deprecated and will be removed in a future release. For 'vivado' value you may simply remove the option for equivalent behavior.
INFO: [HLS 200-2176] Writing Vitis IDE component file D:/Desktop/AMD/fpga/component_fir_filter/vitis-comp.json
INFO: [HLS 200-1915] Writing HLS config ini file D:/Desktop/AMD/fpga/component_fir_filter/hls_config.cfg
WARNING: [HLS 200-484] The 'open_component -flow_target' command is deprecated and will be removed in a future release.
INFO: [HLS 200-1510] Running: add_files src/fir_filter.cpp 
INFO: [HLS 200-10] Adding design file 'src/fir_filter.cpp' to the project
INFO: [HLS 200-1510] Running: add_files -tb sim/tb_fir_filter.cpp 
INFO: [HLS 200-10] Adding test bench file 'sim/tb_fir_filter.cpp' to the project
INFO: [HLS 200-1510] Running: set_top fir_filter 
INFO: [HLS 200-1510] Running: set_part xc7z020clg400-1 
INFO: [HLS 200-1611] Setting target device to 'xc7z020-clg400-1'
INFO: [HLS 200-1510] Running: create_clock -period 10 
INFO: [SYN 201-201] Setting up clock 'default' with a period of 10ns.
INFO: data dir  = D:/Desktop/AMD/fpga/sim/data_fir
INFO: hls_exec  = 1  (1=csim+csynth, 2=+cosim, 3=+export)
INFO: [HLS 200-1510] Running: csim_design -argv D:/Desktop/AMD/fpga/sim/data_fir 
INFO: [HLS 200-1915] Writing HLS config ini file D:/Desktop/AMD/fpga/component_fir_filter/hls_config.cfg
INFO: [SIM 211-2] *************** CSIM start ***************
INFO: [HLS 200-2191] C-Simulation will use clang-16 as the compiler
INFO: [HLS 200-2036] Building debug C Simulation binaries
   Compiling ../../../../sim/tb_fir_filter.cpp in debug mode
   Compiling ../../../../src/fir_filter.cpp in debug mode
   Generating csim.exe
In file included from ../../../../sim/tb_fir_filter.cpp:36:
In file included from D:/Xilinx/2026.1/Vitis/include\ap_axi_sdata.h:15:
In file included from D:/Xilinx/2026.1/Vitis/include/ap_int.h:10:
In file included from D:/Xilinx/2026.1/Vitis/include\etc/ap_common.h:668:
In file included from D:/Xilinx/2026.1/Vitis/include\etc/ap_private.h:68:
In file included from D:/Xilinx/2026.1/Vitis/include\hls_half.h:26:
In file included from D:/Xilinx/2026.1/Vitis/include/etc/hls_half_fpo.h:19:
In file included from D:/Xilinx/2026.1/Vitis/include\hls_fpo.h:140:
In file included from D:/Xilinx/2026.1/Vitis/include/floating_point_v7_1_bitacc_cmodel.h:150:
D:/Xilinx/2026.1/Vitis/include\gmp.h:58:9: warning: '__GMP_LIBGMP_DLL' macro redefined [-Wmacro-redefined]
#define __GMP_LIBGMP_DLL  0
        ^
D:/Xilinx/2026.1/Vitis/include/floating_point_v7_1_bitacc_cmodel.h:142:9: note: previous definition is here
#define __GMP_LIBGMP_DLL 1
        ^
1 warning generated.
In file included from ../../../../src/fir_filter.cpp:48:
In file included from D:/Xilinx/2026.1/Vitis/include\ap_axi_sdata.h:15:
In file included from D:/Xilinx/2026.1/Vitis/include/ap_int.h:10:
In file included from D:/Xilinx/2026.1/Vitis/include\etc/ap_common.h:668:
In file included from D:/Xilinx/2026.1/Vitis/include\etc/ap_private.h:68:
In file included from D:/Xilinx/2026.1/Vitis/include\hls_half.h:26:
In file included from D:/Xilinx/2026.1/Vitis/include/etc/hls_half_fpo.h:19:
In file included from D:/Xilinx/2026.1/Vitis/include\hls_fpo.h:140:
In file included from D:/Xilinx/2026.1/Vitis/include/floating_point_v7_1_bitacc_cmodel.h:150:
D:/Xilinx/2026.1/Vitis/include\gmp.h:58:9: warning: '__GMP_LIBGMP_DLL' macro redefined [-Wmacro-redefined]
#define __GMP_LIBGMP_DLL  0
        ^
D:/Xilinx/2026.1/Vitis/include/floating_point_v7_1_bitacc_cmodel.h:142:9: note: previous definition is here
#define __GMP_LIBGMP_DLL 1
        ^
1 warning generated.
==== tb_fir_filter: contract docs/interface.md (tolerance = 0) ====
NOTE: 延迟线是 static（上电初始化、复位不清零）-> 每段序列的第一次调用必须 reset=1。
---- [Layer 1] embedded boundary cases (N=63, shift=15) ----
  Layer 1: 8 passed, 0 failed
---- [Layer 2] cross-language golden reference ----
  meta     : fs=30 Hz, N=63, shift=15, 15 segments, 3940 samples
  [跨段一致性] 分段(reset=1,0,0) == 一次调用 ✅ (512 样本)
  Layer 2: 16 passed, 0 failed  (样本不一致 0, 流头错误 0)

==== RESULT: PASS ====
INFO [HLS SIM]: The maximum depth reached by any hls::stream() instance in the design is 512
INFO: [SIM 211-1] CSim done with 0 errors.
INFO: [SIM 211-3] *************** CSIM finish ***************
INFO: [HLS 200-2161] Finished Command csim_design Elapsed time: 00:00:05; Allocated memory: 1.613 MB.
INFO: [HLS 200-1510] Running: csynth_design 
INFO: [HLS 200-1915] Writing HLS config ini file D:/Desktop/AMD/fpga/component_fir_filter/hls_config.cfg
INFO: [HLS 200-111] Finished File checks and directory preparation: CPU user time: 0 seconds. CPU system time: 0 seconds. Elapsed time: 3.177 seconds; current allocated memory: 156.031 MB.
INFO: [HLS 200-2191] C-Synthesis will use clang-16 as the compiler
INFO: [HLS 200-10] Analyzing design file 'src/fir_filter.cpp' ... 
INFO: [HLS 200-111] Finished Source Code Analysis and Preprocessing: CPU user time: 0 seconds. CPU system time: 0 seconds. Elapsed time: 4.407 seconds; current allocated memory: 159.023 MB.
INFO: [HLS 200-1995] There were 908 instructions in the design after the 'Compile/Link' phase of compilation. See the Design Size Report for more details (D:/Desktop/AMD/fpga/component_fir_filter/hls/syn/report/csynth_design_size.rpt:2)
INFO: [HLS 214-291] Loop 'VITIS_LOOP_115_3' is marked as complete unroll implied by the pipeline pragma (src/fir_filter.cpp:115:27)
INFO: [HLS 214-291] Loop 'VITIS_LOOP_124_4' is marked as complete unroll implied by the pipeline pragma (src/fir_filter.cpp:124:27)
INFO: [HLS 214-186] Unrolling loop 'VITIS_LOOP_115_3' (src/fir_filter.cpp:115:27) in function 'fir_filter' completely with a factor of 62 (src/fir_filter.cpp:66:0)
INFO: [HLS 214-186] Unrolling loop 'VITIS_LOOP_124_4' (src/fir_filter.cpp:124:27) in function 'fir_filter' completely with a factor of 31 (src/fir_filter.cpp:66:0)
INFO: [HLS 214-186] Unrolling loop 'VITIS_LOOP_98_1' (src/fir_filter.cpp:98:26) in function 'fir_filter' completely with a factor of 63 (src/fir_filter.cpp:66:0)
INFO: [HLS 200-1995] There were 643 instructions in the design after the 'Unroll/Inline' phase of compilation. See the Design Size Report for more details (D:/Desktop/AMD/fpga/component_fir_filter/hls/syn/report/csynth_design_size.rpt:2)
INFO: [HLS 200-1995] There were 526 instructions in the design after the 'Unroll/Inline (step 2)' phase of compilation. See the Design Size Report for more details (D:/Desktop/AMD/fpga/component_fir_filter/hls/syn/report/csynth_design_size.rpt:2)
INFO: [HLS 214-178] Inlining function 'hls::axis<ap_uint<16>, 1ul, 1ul, 1ul, (unsigned char)56, false>::axis()' into 'fir_filter(hls::stream<hls::axis<ap_uint<16>, 1ul, 1ul, 1ul, (unsigned char)56, false>, 0>&, hls::stream<hls::axis<ap_uint<16>, 1ul, 1ul, 1ul, (unsigned char)56, false>, 0>&, ap_uint<16>, ap_uint<1>, ap_uint<16>&, ap_uint<16>&, ap_uint<32>&)' (src/fir_filter.cpp:66:0)
INFO: [HLS 200-1995] There were 585 instructions in the design after the 'Unroll/Inline (step 3)' phase of compilation. See the Design Size Report for more details (D:/Desktop/AMD/fpga/component_fir_filter/hls/syn/report/csynth_design_size.rpt:2)
INFO: [HLS 200-1995] There were 549 instructions in the design after the 'Unroll/Inline (step 4)' phase of compilation. See the Design Size Report for more details (D:/Desktop/AMD/fpga/component_fir_filter/hls/syn/report/csynth_design_size.rpt:2)
INFO: [HLS 214-248] Applying array_partition to '_ZZ10fir_filterRN3hls6streamINS_4axisI7ap_uintILi16EELm1ELm1ELm1ELh56ELb0EEELi0EEES6_S3_S2_ILi1EERS3_S8_RS2_ILi32EEE10delay_line': Complete partitioning on dimension 1. (src/fir_filter.cpp:82:0)
INFO: [HLS 200-1995] There were 548 instructions in the design after the 'Array/Struct' phase of compilation. See the Design Size Report for more details (D:/Desktop/AMD/fpga/component_fir_filter/hls/syn/report/csynth_design_size.rpt:2)
INFO: [HLS 200-1995] There were 548 instructions in the design after the 'Array/Struct (step 2)' phase of compilation. See the Design Size Report for more details (D:/Desktop/AMD/fpga/component_fir_filter/hls/syn/report/csynth_design_size.rpt:2)
INFO: [HLS 200-1995] There were 548 instructions in the design after the 'Array/Struct (step 3)' phase of compilation. See the Design Size Report for more details (D:/Desktop/AMD/fpga/component_fir_filter/hls/syn/report/csynth_design_size.rpt:2)
INFO: [HLS 200-1995] There were 548 instructions in the design after the 'Array/Struct (step 4)' phase of compilation. See the Design Size Report for more details (D:/Desktop/AMD/fpga/component_fir_filter/hls/syn/report/csynth_design_size.rpt:2)
INFO: [HLS 200-1995] There were 736 instructions in the design after the 'Array/Struct (step 5)' phase of compilation. See the Design Size Report for more details (D:/Desktop/AMD/fpga/component_fir_filter/hls/syn/report/csynth_design_size.rpt:2)
INFO: [HLS 200-1995] There were 731 instructions in the design after the 'Performance' phase of compilation. See the Design Size Report for more details (D:/Desktop/AMD/fpga/component_fir_filter/hls/syn/report/csynth_design_size.rpt:2)
INFO: [HLS 200-1995] There were 641 instructions in the design after the 'Performance (step 2)' phase of compilation. See the Design Size Report for more details (D:/Desktop/AMD/fpga/component_fir_filter/hls/syn/report/csynth_design_size.rpt:2)
INFO: [HLS 200-1995] There were 580 instructions in the design after the 'Performance (step 3)' phase of compilation. See the Design Size Report for more details (D:/Desktop/AMD/fpga/component_fir_filter/hls/syn/report/csynth_design_size.rpt:2)
INFO: [HLS 200-1995] There were 580 instructions in the design after the 'Performance (step 4)' phase of compilation. See the Design Size Report for more details (D:/Desktop/AMD/fpga/component_fir_filter/hls/syn/report/csynth_design_size.rpt:2)
INFO: [HLS 200-1995] There were 548 instructions in the design after the 'HW Transforms' phase of compilation. See the Design Size Report for more details (D:/Desktop/AMD/fpga/component_fir_filter/hls/syn/report/csynth_design_size.rpt:2)
INFO: [HLS 200-1995] There were 501 instructions in the design after the 'HW Transforms (step 2)' phase of compilation. See the Design Size Report for more details (D:/Desktop/AMD/fpga/component_fir_filter/hls/syn/report/csynth_design_size.rpt:2)
INFO: [HLS 200-111] Finished Compiling Optimization and Transform: CPU user time: 0 seconds. CPU system time: 0 seconds. Elapsed time: 9.064 seconds; current allocated memory: 161.539 MB.
INFO: [HLS 200-111] Finished Checking Pragmas: CPU user time: 0 seconds. CPU system time: 0 seconds. Elapsed time: 0.002 seconds; current allocated memory: 161.539 MB.
INFO: [HLS 200-10] Starting code transformations ...
INFO: [HLS 200-111] Finished Standard Transforms: CPU user time: 0 seconds. CPU system time: 0 seconds. Elapsed time: 0.039 seconds; current allocated memory: 166.680 MB.
INFO: [HLS 200-10] Checking synthesizability ...
INFO: [HLS 200-111] Finished Checking Synthesizability: CPU user time: 0 seconds. CPU system time: 0 seconds. Elapsed time: 0.029 seconds; current allocated memory: 168.723 MB.
INFO: [XFORM 203-401] Performing if-conversion on hyperblock from (src/fir_filter.cpp:107:1) to (src/fir_filter.cpp:106:23) in function 'fir_filter'... converting 3 basic blocks.
INFO: [XFORM 203-11] Balancing expressions in function 'fir_filter' (src/fir_filter.cpp:59:1)...29 expression(s) balanced.
INFO: [HLS 200-111] Finished Loop, function and other optimizations: CPU user time: 0 seconds. CPU system time: 0 seconds. Elapsed time: 0.115 seconds; current allocated memory: 193.066 MB.
INFO: [HLS 200-111] Finished Architecture Synthesis: CPU user time: 1 seconds. CPU system time: 0 seconds. Elapsed time: 0.139 seconds; current allocated memory: 199.516 MB.
INFO: [HLS 200-2255] Checking Wire Delay Status: Wire Delay Mode is ON
INFO: [HLS 200-10] Starting hardware synthesis ...
INFO: [HLS 200-10] Synthesizing 'fir_filter' ...
INFO: [HLS 200-10] ----------------------------------------------------------------
INFO: [HLS 200-42] -- Implementing module 'fir_filter_Pipeline_VITIS_LOOP_106_2' 
INFO: [HLS 200-10] ----------------------------------------------------------------
INFO: [SCHED 204-11] Starting scheduling ...
INFO: [HLS 200-486] Changing DSP latency (root=add_ln129_52) to 3 in order to utilize available DSP registers.
INFO: [HLS 200-486] Changing DSP latency (root=add_ln129_51) to 3 in order to utilize available DSP registers.
INFO: [HLS 200-486] Changing DSP latency (root=add_ln129_49) to 3 in order to utilize available DSP registers.
INFO: [HLS 200-486] Changing DSP latency (root=add_ln129_48) to 3 in order to utilize available DSP registers.
INFO: [HLS 200-486] Changing DSP latency (root=add_ln129_45) to 3 in order to utilize available DSP registers.
INFO: [HLS 200-486] Changing DSP latency (root=add_ln129_44) to 3 in order to utilize available DSP registers.
INFO: [HLS 200-486] Changing DSP latency (root=add_ln129_43) to 3 in order to utilize available DSP registers.
INFO: [HLS 200-486] Changing DSP latency (root=add_ln129_42) to 3 in order to utilize available DSP registers.
INFO: [HLS 200-486] Changing DSP latency (root=add_ln129_38) to 3 in order to utilize available DSP registers.
INFO: [HLS 200-486] Changing DSP latency (root=add_ln129_37) to 3 in order to utilize available DSP registers.
INFO: [HLS 200-486] Changing DSP latency (root=add_ln129_35) to 3 in order to utilize available DSP registers.
INFO: [HLS 200-486] Changing DSP latency (root=add_ln129_34) to 3 in order to utilize available DSP registers.
INFO: [HLS 200-486] Changing DSP latency (root=add_ln129_31) to 3 in order to utilize available DSP registers.
INFO: [HLS 200-486] Changing DSP latency (root=add_ln129_30) to 3 in order to utilize available DSP registers.
INFO: [HLS 200-486] Changing DSP latency (root=add_ln129_29) to 3 in order to utilize available DSP registers.
INFO: [HLS 200-486] Changing DSP latency (root=add_ln129_28) to 3 in order to utilize available DSP registers.
INFO: [HLS 200-486] Changing DSP latency (root=mul_ln129_24) to 3 in order to utilize available DSP registers.
INFO: [HLS 200-486] Changing DSP latency (root=mul_ln129_16) to 3 in order to utilize available DSP registers.
INFO: [HLS 200-486] Changing DSP latency (root=mul_ln129_13) to 3 in order to utilize available DSP registers.
INFO: [HLS 200-486] Changing DSP latency (root=mul_ln129_10) to 3 in order to utilize available DSP registers.
INFO: [HLS 200-486] Changing DSP latency (root=mul_ln129_7) to 3 in order to utilize available DSP registers.
INFO: [HLS 200-486] Changing DSP latency (root=mul_ln129_5) to 3 in order to utilize available DSP registers.
INFO: [HLS 200-486] Changing DSP latency (root=mul_ln129_3) to 3 in order to utilize available DSP registers.
INFO: [HLS 200-486] Changing DSP latency (root=mul_ln129_1) to 3 in order to utilize available DSP registers.
INFO: [SCHED 204-61] Pipelining loop 'VITIS_LOOP_106_2'.
INFO: [HLS 200-1470] Pipelining result : Target II = 1, Final II = 1, Depth = 9, loop 'VITIS_LOOP_106_2'
INFO: [SCHED 204-11] Finished scheduling.
INFO: [HLS 200-111] Finished Scheduling: CPU user time: 0 seconds. CPU system time: 0 seconds. Elapsed time: 1.786 seconds; current allocated memory: 205.973 MB.
INFO: [BIND 205-100] Starting micro-architecture generation ...
INFO: [BIND 205-101] Performing variable lifetime analysis.
INFO: [BIND 205-101] Exploring resource sharing.
INFO: [BIND 205-101] Binding ...
INFO: [BIND 205-100] Finished micro-architecture generation.
INFO: [HLS 200-111] Finished Binding: CPU user time: 0 seconds. CPU system time: 0 seconds. Elapsed time: 0.151 seconds; current allocated memory: 207.156 MB.
INFO: [HLS 200-10] ----------------------------------------------------------------
INFO: [HLS 200-42] -- Implementing module 'fir_filter' 
INFO: [HLS 200-10] ----------------------------------------------------------------
INFO: [SCHED 204-11] Starting scheduling ...
INFO: [SCHED 204-11] Finished scheduling.
INFO: [HLS 200-111] Finished Scheduling: CPU user time: 0 seconds. CPU system time: 0 seconds. Elapsed time: 0.19 seconds; current allocated memory: 209.129 MB.
INFO: [BIND 205-100] Starting micro-architecture generation ...
INFO: [BIND 205-101] Performing variable lifetime analysis.
INFO: [BIND 205-101] Exploring resource sharing.
INFO: [BIND 205-101] Binding ...
INFO: [BIND 205-100] Finished micro-architecture generation.
INFO: [HLS 200-111] Finished Binding: CPU user time: 0 seconds. CPU system time: 0 seconds. Elapsed time: 0.066 seconds; current allocated memory: 209.465 MB.
INFO: [HLS 200-10] ----------------------------------------------------------------
INFO: [HLS 200-10] -- Generating RTL for module 'fir_filter_Pipeline_VITIS_LOOP_106_2' 
INFO: [HLS 200-10] ----------------------------------------------------------------
INFO: [RTGEN 206-100] Generating core module 'am_addmul_16s_16s_10s_27_4_1': 1 instance(s).
INFO: [RTGEN 206-100] Generating core module 'am_addmul_16s_16s_11ns_29_4_1': 1 instance(s).
INFO: [RTGEN 206-100] Generating core module 'am_addmul_16s_16s_11s_27_4_1': 1 instance(s).
INFO: [RTGEN 206-100] Generating core module 'am_addmul_16s_16s_11s_28_4_1': 1 instance(s).
INFO: [RTGEN 206-100] Generating core module 'am_addmul_16s_16s_13s_29_4_1': 1 instance(s).
INFO: [RTGEN 206-100] Generating core module 'am_addmul_16s_16s_13s_30_4_1': 1 instance(s).
INFO: [RTGEN 206-100] Generating core module 'am_addmul_16s_16s_8ns_25_4_1': 1 instance(s).
INFO: [RTGEN 206-100] Generating core module 'am_addmul_18s_16s_7ns_25_4_1': 1 instance(s).
INFO: [RTGEN 206-100] Generating core module 'ama_addmuladd_16s_16s_11s_27s_28_4_1': 1 instance(s).
INFO: [RTGEN 206-100] Generating core module 'ama_addmuladd_16s_16s_11s_28s_28_4_1': 1 instance(s).
INFO: [RTGEN 206-100] Generating core module 'ama_addmuladd_16s_16s_11s_29s_29_4_1': 1 instance(s).
INFO: [RTGEN 206-100] Generating core module 'ama_addmuladd_16s_16s_12ns_30s_30_4_1': 1 instance(s).
INFO: [RTGEN 206-100] Generating core module 'ama_addmuladd_16s_16s_12s_29s_29_4_1': 1 instance(s).
INFO: [RTGEN 206-100] Generating core module 'ama_addmuladd_16s_16s_13ns_30s_31_4_1': 1 instance(s).
INFO: [RTGEN 206-100] Generating core module 'ama_addmuladd_16s_16s_13s_30s_30_4_1': 1 instance(s).
INFO: [RTGEN 206-100] Generating core module 'ama_addmuladd_16s_16s_5ns_21s_23_4_1': 1 instance(s).
INFO: [RTGEN 206-100] Generating core module 'ama_addmuladd_16s_16s_5ns_25s_25_4_1': 1 instance(s).
INFO: [RTGEN 206-100] Generating core module 'ama_addmuladd_16s_16s_6ns_24s_24_4_1': 1 instance(s).
INFO: [RTGEN 206-100] Generating core module 'ama_addmuladd_16s_16s_6ns_25s_25_4_1': 1 instance(s).
INFO: [RTGEN 206-100] Generating core module 'ama_addmuladd_16s_16s_7ns_23s_25_4_1': 1 instance(s).
INFO: [RTGEN 206-100] Generating core module 'ama_addmuladd_16s_16s_7s_24s_24_4_1': 1 instance(s).
INFO: [RTGEN 206-100] Generating core module 'ama_addmuladd_16s_16s_8s_27s_27_4_1': 1 instance(s).
INFO: [RTGEN 206-100] Generating core module 'ama_addmuladd_16s_16s_9s_22s_25_4_1': 1 instance(s).
INFO: [RTGEN 206-100] Generating core module 'ama_addmuladd_16s_16s_9s_27s_27_4_1': 1 instance(s).
INFO: [RTGEN 206-100] Generating core module 'mul_16s_14ns_30_1_1': 1 instance(s).
INFO: [RTGEN 206-100] Finished creating RTL model for 'fir_filter_Pipeline_VITIS_LOOP_106_2'.
INFO: [HLS 200-111] Finished Creating RTL model: CPU user time: 0 seconds. CPU system time: 0 seconds. Elapsed time: 1.482 seconds; current allocated memory: 214.891 MB.
INFO: [HLS 200-10] ----------------------------------------------------------------
INFO: [HLS 200-10] -- Generating RTL for module 'fir_filter' 
INFO: [HLS 200-10] ----------------------------------------------------------------
WARNING: [RTGEN 206-101] Design contains AXI ports. Reset is fixed to synchronous and active low.
INFO: [RTGEN 206-500] Setting interface mode on port 'fir_filter/fir_in_V_data_V' to 'axis' (register, both mode).
INFO: [RTGEN 206-500] Setting interface mode on port 'fir_filter/fir_in_V_keep_V' to 'axis' (register, both mode).
INFO: [RTGEN 206-500] Setting interface mode on port 'fir_filter/fir_in_V_strb_V' to 'axis' (register, both mode).
INFO: [RTGEN 206-500] Setting interface mode on port 'fir_filter/fir_in_V_user_V' to 'axis' (register, both mode).
INFO: [RTGEN 206-500] Setting interface mode on port 'fir_filter/fir_in_V_last_V' to 'axis' (register, both mode).
INFO: [RTGEN 206-500] Setting interface mode on port 'fir_filter/fir_in_V_id_V' to 'axis' (register, both mode).
INFO: [RTGEN 206-500] Setting interface mode on port 'fir_filter/fir_in_V_dest_V' to 'axis' (register, both mode).
INFO: [RTGEN 206-500] Setting interface mode on port 'fir_filter/fir_out_V_data_V' to 'axis' (register, both mode).
INFO: [RTGEN 206-500] Setting interface mode on port 'fir_filter/fir_out_V_keep_V' to 'axis' (register, both mode).
INFO: [RTGEN 206-500] Setting interface mode on port 'fir_filter/fir_out_V_strb_V' to 'axis' (register, both mode).
INFO: [RTGEN 206-500] Setting interface mode on port 'fir_filter/fir_out_V_user_V' to 'axis' (register, both mode).
INFO: [RTGEN 206-500] Setting interface mode on port 'fir_filter/fir_out_V_last_V' to 'axis' (register, both mode).
INFO: [RTGEN 206-500] Setting interface mode on port 'fir_filter/fir_out_V_id_V' to 'axis' (register, both mode).
INFO: [RTGEN 206-500] Setting interface mode on port 'fir_filter/fir_out_V_dest_V' to 'axis' (register, both mode).
INFO: [RTGEN 206-500] Setting interface mode on port 'fir_filter/n_samples' to 's_axilite & ap_none'.
INFO: [RTGEN 206-500] Setting interface mode on port 'fir_filter/reset' to 's_axilite & ap_none'.
INFO: [RTGEN 206-500] Setting interface mode on port 'fir_filter/out_count' to 's_axilite & ap_vld'.
INFO: [RTGEN 206-500] Setting interface mode on port 'fir_filter/saturation_count' to 's_axilite & ap_vld'.
INFO: [RTGEN 206-500] Setting interface mode on port 'fir_filter/seg_id' to 's_axilite & ap_vld'.
INFO: [RTGEN 206-500] Setting interface mode on function 'fir_filter' to 's_axilite & ap_ctrl_hs'.
WARNING: [RTGEN 206-101] Register 'fir_filter_stream_stream_ap_uint_ap_uint_ap_uint_ap_uint_ap_uint_delay_line_9' is power-on initialization.
WARNING: [RTGEN 206-101] Register 'fir_filter_stream_stream_ap_uint_ap_uint_ap_uint_ap_uint_ap_uint_delay_line_8' is power-on initialization.
WARNING: [RTGEN 206-101] Register 'fir_filter_stream_stream_ap_uint_ap_uint_ap_uint_ap_uint_ap_uint_delay_line_7' is power-on initialization.
WARNING: [RTGEN 206-101] Register 'fir_filter_stream_stream_ap_uint_ap_uint_ap_uint_ap_uint_ap_uint_delay_line_6' is power-on initialization.
WARNING: [RTGEN 206-101] Register 'fir_filter_stream_stream_ap_uint_ap_uint_ap_uint_ap_uint_ap_uint_delay_line_5' is power-on initialization.
WARNING: [RTGEN 206-101] Register 'fir_filter_stream_stream_ap_uint_ap_uint_ap_uint_ap_uint_ap_uint_delay_line_4' is power-on initialization.
WARNING: [RTGEN 206-101] Register 'fir_filter_stream_stream_ap_uint_ap_uint_ap_uint_ap_uint_ap_uint_delay_line_3' is power-on initialization.
WARNING: [RTGEN 206-101] Register 'fir_filter_stream_stream_ap_uint_ap_uint_ap_uint_ap_uint_ap_uint_delay_line_2' is power-on initialization.
WARNING: [RTGEN 206-101] Register 'fir_filter_stream_stream_ap_uint_ap_uint_ap_uint_ap_uint_ap_uint_delay_line_1' is power-on initialization.
WARNING: [RTGEN 206-101] Register 'fir_filter_stream_stream_ap_uint_ap_uint_ap_uint_ap_uint_ap_uint_delay_line' is power-on initialization.
WARNING: [RTGEN 206-101] Register 'p_ZZ10fir_filterRN3hls6streamINS_4axisI7ap_uintILi16EELm1ELm1ELm1ELh56ELb0EEELi0E_51' is power-on initialization.
WARNING: [RTGEN 206-101] Register 'p_ZZ10fir_filterRN3hls6streamINS_4axisI7ap_uintILi16EELm1ELm1ELm1ELh56ELb0EEELi0E_50' is power-on initialization.
WARNING: [RTGEN 206-101] Register 'p_ZZ10fir_filterRN3hls6streamINS_4axisI7ap_uintILi16EELm1ELm1ELm1ELh56ELb0EEELi0E_49' is power-on initialization.
WARNING: [RTGEN 206-101] Register 'p_ZZ10fir_filterRN3hls6streamINS_4axisI7ap_uintILi16EELm1ELm1ELm1ELh56ELb0EEELi0E_48' is power-on initialization.
WARNING: [RTGEN 206-101] Register 'p_ZZ10fir_filterRN3hls6streamINS_4axisI7ap_uintILi16EELm1ELm1ELm1ELh56ELb0EEELi0E_47' is power-on initialization.
WARNING: [RTGEN 206-101] Register 'p_ZZ10fir_filterRN3hls6streamINS_4axisI7ap_uintILi16EELm1ELm1ELm1ELh56ELb0EEELi0E_46' is power-on initialization.
WARNING: [RTGEN 206-101] Register 'p_ZZ10fir_filterRN3hls6streamINS_4axisI7ap_uintILi16EELm1ELm1ELm1ELh56ELb0EEELi0E_45' is power-on initialization.
WARNING: [RTGEN 206-101] Register 'p_ZZ10fir_filterRN3hls6streamINS_4axisI7ap_uintILi16EELm1ELm1ELm1ELh56ELb0EEELi0E_44' is power-on initialization.
WARNING: [RTGEN 206-101] Register 'p_ZZ10fir_filterRN3hls6streamINS_4axisI7ap_uintILi16EELm1ELm1ELm1ELh56ELb0EEELi0E_43' is power-on initialization.
WARNING: [RTGEN 206-101] Register 'p_ZZ10fir_filterRN3hls6streamINS_4axisI7ap_uintILi16EELm1ELm1ELm1ELh56ELb0EEELi0E_42' is power-on initialization.
WARNING: [RTGEN 206-101] Register 'p_ZZ10fir_filterRN3hls6streamINS_4axisI7ap_uintILi16EELm1ELm1ELm1ELh56ELb0EEELi0E_41' is power-on initialization.
WARNING: [RTGEN 206-101] Register 'p_ZZ10fir_filterRN3hls6streamINS_4axisI7ap_uintILi16EELm1ELm1ELm1ELh56ELb0EEELi0E_40' is power-on initialization.
WARNING: [RTGEN 206-101] Register 'p_ZZ10fir_filterRN3hls6streamINS_4axisI7ap_uintILi16EELm1ELm1ELm1ELh56ELb0EEELi0E_39' is power-on initialization.
WARNING: [RTGEN 206-101] Register 'p_ZZ10fir_filterRN3hls6streamINS_4axisI7ap_uintILi16EELm1ELm1ELm1ELh56ELb0EEELi0E_38' is power-on initialization.
WARNING: [RTGEN 206-101] Register 'p_ZZ10fir_filterRN3hls6streamINS_4axisI7ap_uintILi16EELm1ELm1ELm1ELh56ELb0EEELi0E_37' is power-on initialization.
WARNING: [RTGEN 206-101] Register 'p_ZZ10fir_filterRN3hls6streamINS_4axisI7ap_uintILi16EELm1ELm1ELm1ELh56ELb0EEELi0E_36' is power-on initialization.
WARNING: [RTGEN 206-101] Register 'p_ZZ10fir_filterRN3hls6streamINS_4axisI7ap_uintILi16EELm1ELm1ELm1ELh56ELb0EEELi0E_35' is power-on initialization.
WARNING: [RTGEN 206-101] Register 'p_ZZ10fir_filterRN3hls6streamINS_4axisI7ap_uintILi16EELm1ELm1ELm1ELh56ELb0EEELi0E_34' is power-on initialization.
WARNING: [RTGEN 206-101] Register 'p_ZZ10fir_filterRN3hls6streamINS_4axisI7ap_uintILi16EELm1ELm1ELm1ELh56ELb0EEELi0E_33' is power-on initialization.
WARNING: [RTGEN 206-101] Register 'p_ZZ10fir_filterRN3hls6streamINS_4axisI7ap_uintILi16EELm1ELm1ELm1ELh56ELb0EEELi0E_32' is power-on initialization.
WARNING: [RTGEN 206-101] Register 'p_ZZ10fir_filterRN3hls6streamINS_4axisI7ap_uintILi16EELm1ELm1ELm1ELh56ELb0EEELi0E_31' is power-on initialization.
WARNING: [RTGEN 206-101] Register 'p_ZZ10fir_filterRN3hls6streamINS_4axisI7ap_uintILi16EELm1ELm1ELm1ELh56ELb0EEELi0E_30' is power-on initialization.
WARNING: [RTGEN 206-101] Register 'p_ZZ10fir_filterRN3hls6streamINS_4axisI7ap_uintILi16EELm1ELm1ELm1ELh56ELb0EEELi0E_29' is power-on initialization.
WARNING: [RTGEN 206-101] Register 'p_ZZ10fir_filterRN3hls6streamINS_4axisI7ap_uintILi16EELm1ELm1ELm1ELh56ELb0EEELi0E_28' is power-on initialization.
WARNING: [RTGEN 206-101] Register 'p_ZZ10fir_filterRN3hls6streamINS_4axisI7ap_uintILi16EELm1ELm1ELm1ELh56ELb0EEELi0E_27' is power-on initialization.
WARNING: [RTGEN 206-101] Register 'p_ZZ10fir_filterRN3hls6streamINS_4axisI7ap_uintILi16EELm1ELm1ELm1ELh56ELb0EEELi0E_26' is power-on initialization.
WARNING: [RTGEN 206-101] Register 'p_ZZ10fir_filterRN3hls6streamINS_4axisI7ap_uintILi16EELm1ELm1ELm1ELh56ELb0EEELi0E_25' is power-on initialization.
WARNING: [RTGEN 206-101] Register 'p_ZZ10fir_filterRN3hls6streamINS_4axisI7ap_uintILi16EELm1ELm1ELm1ELh56ELb0EEELi0E_24' is power-on initialization.
WARNING: [RTGEN 206-101] Register 'p_ZZ10fir_filterRN3hls6streamINS_4axisI7ap_uintILi16EELm1ELm1ELm1ELh56ELb0EEELi0E_23' is power-on initialization.
WARNING: [RTGEN 206-101] Register 'p_ZZ10fir_filterRN3hls6streamINS_4axisI7ap_uintILi16EELm1ELm1ELm1ELh56ELb0EEELi0E_22' is power-on initialization.
WARNING: [RTGEN 206-101] Register 'p_ZZ10fir_filterRN3hls6streamINS_4axisI7ap_uintILi16EELm1ELm1ELm1ELh56ELb0EEELi0E_21' is power-on initialization.
WARNING: [RTGEN 206-101] Register 'p_ZZ10fir_filterRN3hls6streamINS_4axisI7ap_uintILi16EELm1ELm1ELm1ELh56ELb0EEELi0E_20' is power-on initialization.
WARNING: [RTGEN 206-101] Register 'p_ZZ10fir_filterRN3hls6streamINS_4axisI7ap_uintILi16EELm1ELm1ELm1ELh56ELb0EEELi0E_19' is power-on initialization.
WARNING: [RTGEN 206-101] Register 'p_ZZ10fir_filterRN3hls6streamINS_4axisI7ap_uintILi16EELm1ELm1ELm1ELh56ELb0EEELi0E_18' is power-on initialization.
WARNING: [RTGEN 206-101] Register 'p_ZZ10fir_filterRN3hls6streamINS_4axisI7ap_uintILi16EELm1ELm1ELm1ELh56ELb0EEELi0E_17' is power-on initialization.
WARNING: [RTGEN 206-101] Register 'p_ZZ10fir_filterRN3hls6streamINS_4axisI7ap_uintILi16EELm1ELm1ELm1ELh56ELb0EEELi0E_16' is power-on initialization.
WARNING: [RTGEN 206-101] Register 'p_ZZ10fir_filterRN3hls6streamINS_4axisI7ap_uintILi16EELm1ELm1ELm1ELh56ELb0EEELi0E_15' is power-on initialization.
WARNING: [RTGEN 206-101] Register 'p_ZZ10fir_filterRN3hls6streamINS_4axisI7ap_uintILi16EELm1ELm1ELm1ELh56ELb0EEELi0E_14' is power-on initialization.
WARNING: [RTGEN 206-101] Register 'p_ZZ10fir_filterRN3hls6streamINS_4axisI7ap_uintILi16EELm1ELm1ELm1ELh56ELb0EEELi0E_13' is power-on initialization.
WARNING: [RTGEN 206-101] Register 'p_ZZ10fir_filterRN3hls6streamINS_4axisI7ap_uintILi16EELm1ELm1ELm1ELh56ELb0EEELi0E_12' is power-on initialization.
WARNING: [RTGEN 206-101] Register 'p_ZZ10fir_filterRN3hls6streamINS_4axisI7ap_uintILi16EELm1ELm1ELm1ELh56ELb0EEELi0E_11' is power-on initialization.
WARNING: [RTGEN 206-101] Register 'p_ZZ10fir_filterRN3hls6streamINS_4axisI7ap_uintILi16EELm1ELm1ELm1ELh56ELb0EEELi0E_10' is power-on initialization.
WARNING: [RTGEN 206-101] Register 'p_ZZ10fir_filterRN3hls6streamINS_4axisI7ap_uintILi16EELm1ELm1ELm1ELh56ELb0EEELi0E_9' is power-on initialization.
WARNING: [RTGEN 206-101] Register 'p_ZZ10fir_filterRN3hls6streamINS_4axisI7ap_uintILi16EELm1ELm1ELm1ELh56ELb0EEELi0E_8' is power-on initialization.
WARNING: [RTGEN 206-101] Register 'p_ZZ10fir_filterRN3hls6streamINS_4axisI7ap_uintILi16EELm1ELm1ELm1ELh56ELb0EEELi0E_7' is power-on initialization.
WARNING: [RTGEN 206-101] Register 'p_ZZ10fir_filterRN3hls6streamINS_4axisI7ap_uintILi16EELm1ELm1ELm1ELh56ELb0EEELi0E_6' is power-on initialization.
WARNING: [RTGEN 206-101] Register 'p_ZZ10fir_filterRN3hls6streamINS_4axisI7ap_uintILi16EELm1ELm1ELm1ELh56ELb0EEELi0E_5' is power-on initialization.
WARNING: [RTGEN 206-101] Register 'p_ZZ10fir_filterRN3hls6streamINS_4axisI7ap_uintILi16EELm1ELm1ELm1ELh56ELb0EEELi0E_4' is power-on initialization.
WARNING: [RTGEN 206-101] Register 'p_ZZ10fir_filterRN3hls6streamINS_4axisI7ap_uintILi16EELm1ELm1ELm1ELh56ELb0EEELi0E_3' is power-on initialization.
WARNING: [RTGEN 206-101] Register 'p_ZZ10fir_filterRN3hls6streamINS_4axisI7ap_uintILi16EELm1ELm1ELm1ELh56ELb0EEELi0E_2' is power-on initialization.
WARNING: [RTGEN 206-101] Register 'p_ZZ10fir_filterRN3hls6streamINS_4axisI7ap_uintILi16EELm1ELm1ELm1ELh56ELb0EEELi0E_1' is power-on initialization.
WARNING: [RTGEN 206-101] Register 'p_ZZ10fir_filterRN3hls6streamINS_4axisI7ap_uintILi16EELm1ELm1ELm1ELh56ELb0EEELi0E' is power-on initialization.
WARNING: [RTGEN 206-101] Register 'sid' is power-on initialization.
INFO: [RTGEN 206-100] Bundling port 'n_samples', 'reset', 'out_count', 'saturation_count', 'seg_id' and 'return' to AXI-Lite port ctrl.
INFO: [RTGEN 206-100] Finished creating RTL model for 'fir_filter'.
INFO: [HLS 200-111] Finished Creating RTL model: CPU user time: 1 seconds. CPU system time: 0 seconds. Elapsed time: 2.047 seconds; current allocated memory: 228.293 MB.
INFO: [HLS 200-111] Finished Generating all RTL models: CPU user time: 0 seconds. CPU system time: 1 seconds. Elapsed time: 0.868 seconds; current allocated memory: 238.090 MB.
INFO: [HLS 200-2225] Wrote inferred directives to file D:/Desktop/AMD/fpga/component_fir_filter/hls/syn/inferred_directives.ini
INFO: [HLS 200-111] Finished Updating report files: CPU user time: 1 seconds. CPU system time: 0 seconds. Elapsed time: 1.027 seconds; current allocated memory: 246.422 MB.
INFO: [VHDL 208-304] Generating VHDL RTL for fir_filter.
INFO: [VLOG 209-307] Generating Verilog RTL for fir_filter.
INFO: [HLS 200-790] **** Loop Constraint Status: All loop constraints were satisfied.
INFO: [HLS 200-789] **** Estimated Fmax: 146.97 MHz
INFO: [HLS 200-2161] Finished Command csynth_design Elapsed time: 00:00:24; Allocated memory: 90.609 MB.
INFO: [HLS 200-112] Total CPU user time: 4 seconds. Total CPU system time: 3 seconds. Total elapsed time: 32.162 seconds; peak allocated memory: 246.500 MB.
INFO: [vitis-run 60-791] Total elapsed time: 0h 0m 33s
INFO: [vitis-run 60-1662] Stopping dispatch session having empty uuid.
