  **** HLS Build v2026.1 6493734
Sourcing Tcl script 'D:/Desktop/AMD/fpga/run_hls.tcl'
INFO: HLS_IP    = rgb2gray
INFO: source    = src/rgb2gray.cpp
INFO: testbench = sim/tb_rgb2gray.cpp
INFO: [HLS 200-1510] Running: open_component -reset component_rgb2gray -flow_target vivado 
INFO: [HLS 200-10] Creating and opening component 'D:/Desktop/AMD/fpga/component_rgb2gray'.
INFO: [HLS 200-10] Cleaning up the component database.
INFO: [HLS 200-1505] Using flow_target 'vivado'
Resolution: For help on HLS 200-1505 see docs.amd.com/access/sources/dita/topic?Doc_Version=2026.1%20English&url=ug1448-hls-guidance&resourceid=200-1505.html
WARNING: [HLS 200-2149] The 'flow_target' option is deprecated and will be removed in a future release. For 'vivado' value you may simply remove the option for equivalent behavior.
INFO: [HLS 200-2176] Writing Vitis IDE component file D:/Desktop/AMD/fpga/component_rgb2gray/vitis-comp.json
INFO: [HLS 200-1915] Writing HLS config ini file D:/Desktop/AMD/fpga/component_rgb2gray/hls_config.cfg
WARNING: [HLS 200-484] The 'open_component -flow_target' command is deprecated and will be removed in a future release.
INFO: [HLS 200-1510] Running: add_files src/rgb2gray.cpp 
INFO: [HLS 200-10] Adding design file 'src/rgb2gray.cpp' to the project
INFO: [HLS 200-1510] Running: add_files -tb sim/tb_rgb2gray.cpp 
INFO: [HLS 200-10] Adding test bench file 'sim/tb_rgb2gray.cpp' to the project
INFO: [HLS 200-1510] Running: set_top rgb2gray 
INFO: [HLS 200-1510] Running: set_part xc7z020clg400-1 
INFO: [HLS 200-1611] Setting target device to 'xc7z020-clg400-1'
INFO: [HLS 200-1510] Running: create_clock -period 10 
INFO: [SYN 201-201] Setting up clock 'default' with a period of 10ns.
INFO: data dir  = D:/Desktop/AMD/fpga/sim/data_motion_small
INFO: hls_exec  = 2  (1=csim+csynth, 2=+cosim, 3=+export)
INFO: [HLS 200-1510] Running: csim_design -argv D:/Desktop/AMD/fpga/sim/data_motion_small 
INFO: [HLS 200-1915] Writing HLS config ini file D:/Desktop/AMD/fpga/component_rgb2gray/hls_config.cfg
INFO: [SIM 211-2] *************** CSIM start ***************
INFO: [HLS 200-2191] C-Simulation will use clang-16 as the compiler
INFO: [HLS 200-2036] Building debug C Simulation binaries
   Compiling ../../../../sim/tb_rgb2gray.cpp in debug mode
   Compiling ../../../../src/rgb2gray.cpp in debug mode
   Generating csim.exe
In file included from ../../../../sim/tb_rgb2gray.cpp:27:
In file included from D:/Xilinx/2026.1/Vitis/include\ap_axi_sdata.h:15:
In file included from D:/Xilinx/2026.1/Vitis/include/ap_int.h:10:
In file included from D:/Xilinx/2026.1/Vitis/include\etc/ap_common.h:668:
In file included from D:/Xilinx/2026.1/Vitis/include\etc/ap_private.h:68:
In file included from D:/Xilinx/2026.1/Vitis/include\hls_half.h:26:
In file included from D:/Xilinx/2026.1/Vitis/include/etc/hls_half_fpo.h:19:
In file included from D:/Xilinx/2026.1/Vitis/include\hls_fpo.h:140:
In file included from D:/Xilinx/2026.1/Vitis/include/floating_point_v7_1_bitacc_cmodel.h:150:
D:/Xilinx/2026.1/Vitis/include\gmp.h:58:9: warning: '__GMP_LIBGMP_DLL' macro redefined [-Wmacro-redefined]
#define __GMP_LIBGMP_DLL  0
        ^
D:/Xilinx/2026.1/Vitis/include/floating_point_v7_1_bitacc_cmodel.h:142:9: note: previous definition is here
#define __GMP_LIBGMP_DLL 1
        ^
1 warning generated.
In file included from ../../../../src/rgb2gray.cpp:42:
In file included from D:/Xilinx/2026.1/Vitis/include\ap_axi_sdata.h:15:
In file included from D:/Xilinx/2026.1/Vitis/include/ap_int.h:10:
In file included from D:/Xilinx/2026.1/Vitis/include\etc/ap_common.h:668:
In file included from D:/Xilinx/2026.1/Vitis/include\etc/ap_private.h:68:
In file included from D:/Xilinx/2026.1/Vitis/include\hls_half.h:26:
In file included from D:/Xilinx/2026.1/Vitis/include/etc/hls_half_fpo.h:19:
In file included from D:/Xilinx/2026.1/Vitis/include\hls_fpo.h:140:
In file included from D:/Xilinx/2026.1/Vitis/include/floating_point_v7_1_bitacc_cmodel.h:150:
D:/Xilinx/2026.1/Vitis/include\gmp.h:58:9: warning: '__GMP_LIBGMP_DLL' macro redefined [-Wmacro-redefined]
#define __GMP_LIBGMP_DLL  0
        ^
D:/Xilinx/2026.1/Vitis/include/floating_point_v7_1_bitacc_cmodel.h:142:9: note: previous definition is here
#define __GMP_LIBGMP_DLL 1
        ^
1 warning generated.
==== tb_rgb2gray: contract docs/interface.md (tolerance = 0) ====
---- [Layer 1] embedded cases (in 10x5 -> out 6x3) ----
  Layer 1: 8 passed, 0 failed
---- [Layer 2] cross-language golden reference (per-pixel) ----
  meta     : in 80x60 -> out 48x36, 10 frames, rgb_bytes=14400, gray_bytes=1728
  Layer 2: 10 passed, 0 failed  (mismatched pixels: 0, header errors: 0)

==== RESULT: PASS ====
INFO [HLS SIM]: The maximum depth reached by any hls::stream() instance in the design is 4800
INFO: [SIM 211-1] CSim done with 0 errors.
INFO: [SIM 211-3] *************** CSIM finish ***************
INFO: [HLS 200-2161] Finished Command csim_design Elapsed time: 00:00:05; Allocated memory: 1.676 MB.
INFO: [HLS 200-1510] Running: csynth_design 
INFO: [HLS 200-1915] Writing HLS config ini file D:/Desktop/AMD/fpga/component_rgb2gray/hls_config.cfg
INFO: [HLS 200-111] Finished File checks and directory preparation: CPU user time: 0 seconds. CPU system time: 0 seconds. Elapsed time: 3.243 seconds; current allocated memory: 155.027 MB.
INFO: [HLS 200-2191] C-Synthesis will use clang-16 as the compiler
INFO: [HLS 200-10] Analyzing design file 'src/rgb2gray.cpp' ... 
INFO: [HLS 200-111] Finished Source Code Analysis and Preprocessing: CPU user time: 0 seconds. CPU system time: 0 seconds. Elapsed time: 4.741 seconds; current allocated memory: 157.949 MB.
INFO: [HLS 200-1995] There were 2,706 instructions in the design after the 'Compile/Link' phase of compilation. See the Design Size Report for more details (D:/Desktop/AMD/fpga/component_rgb2gray/hls/syn/report/csynth_design_size.rpt:2)
INFO: [HLS 200-1995] There were 281 instructions in the design after the 'Unroll/Inline' phase of compilation. See the Design Size Report for more details (D:/Desktop/AMD/fpga/component_rgb2gray/hls/syn/report/csynth_design_size.rpt:2)
INFO: [HLS 200-1995] There were 224 instructions in the design after the 'Unroll/Inline (step 2)' phase of compilation. See the Design Size Report for more details (D:/Desktop/AMD/fpga/component_rgb2gray/hls/syn/report/csynth_design_size.rpt:2)
INFO: [HLS 214-178] Inlining function 'hls::axis<ap_uint<24>, 1ul, 1ul, 1ul, (unsigned char)56, false>::axis()' into 'rgb2gray(hls::stream<hls::axis<ap_uint<24>, 1ul, 1ul, 1ul, (unsigned char)56, false>, 0>&, hls::stream<hls::axis<ap_uint<8>, 1ul, 1ul, 1ul, (unsigned char)56, false>, 0>&, ap_uint<16>, ap_uint<16>, ap_uint<16>&, ap_uint<16>&, ap_uint<32>&, ap_uint<32>&, ap_uint<32>&)' (src/rgb2gray.cpp:60:0)
INFO: [HLS 214-178] Inlining function 'hls::axis<ap_uint<8>, 1ul, 1ul, 1ul, (unsigned char)56, false>::axis()' into 'rgb2gray(hls::stream<hls::axis<ap_uint<24>, 1ul, 1ul, 1ul, (unsigned char)56, false>, 0>&, hls::stream<hls::axis<ap_uint<8>, 1ul, 1ul, 1ul, (unsigned char)56, false>, 0>&, ap_uint<16>, ap_uint<16>, ap_uint<16>&, ap_uint<16>&, ap_uint<32>&, ap_uint<32>&, ap_uint<32>&)' (src/rgb2gray.cpp:60:0)
INFO: [HLS 200-1995] There were 221 instructions in the design after the 'Unroll/Inline (step 3)' phase of compilation. See the Design Size Report for more details (D:/Desktop/AMD/fpga/component_rgb2gray/hls/syn/report/csynth_design_size.rpt:2)
INFO: [HLS 200-1995] There were 188 instructions in the design after the 'Unroll/Inline (step 4)' phase of compilation. See the Design Size Report for more details (D:/Desktop/AMD/fpga/component_rgb2gray/hls/syn/report/csynth_design_size.rpt:2)
INFO: [HLS 200-1995] There were 187 instructions in the design after the 'Array/Struct' phase of compilation. See the Design Size Report for more details (D:/Desktop/AMD/fpga/component_rgb2gray/hls/syn/report/csynth_design_size.rpt:2)
INFO: [HLS 200-1995] There were 187 instructions in the design after the 'Array/Struct (step 2)' phase of compilation. See the Design Size Report for more details (D:/Desktop/AMD/fpga/component_rgb2gray/hls/syn/report/csynth_design_size.rpt:2)
INFO: [HLS 200-1995] There were 187 instructions in the design after the 'Array/Struct (step 3)' phase of compilation. See the Design Size Report for more details (D:/Desktop/AMD/fpga/component_rgb2gray/hls/syn/report/csynth_design_size.rpt:2)
INFO: [HLS 200-1995] There were 187 instructions in the design after the 'Array/Struct (step 4)' phase of compilation. See the Design Size Report for more details (D:/Desktop/AMD/fpga/component_rgb2gray/hls/syn/report/csynth_design_size.rpt:2)
INFO: [HLS 200-1995] There were 301 instructions in the design after the 'Array/Struct (step 5)' phase of compilation. See the Design Size Report for more details (D:/Desktop/AMD/fpga/component_rgb2gray/hls/syn/report/csynth_design_size.rpt:2)
INFO: [HLS 200-1995] There were 297 instructions in the design after the 'Performance' phase of compilation. See the Design Size Report for more details (D:/Desktop/AMD/fpga/component_rgb2gray/hls/syn/report/csynth_design_size.rpt:2)
INFO: [HLS 200-1995] There were 270 instructions in the design after the 'Performance (step 2)' phase of compilation. See the Design Size Report for more details (D:/Desktop/AMD/fpga/component_rgb2gray/hls/syn/report/csynth_design_size.rpt:2)
INFO: [HLS 200-1995] There were 218 instructions in the design after the 'Performance (step 3)' phase of compilation. See the Design Size Report for more details (D:/Desktop/AMD/fpga/component_rgb2gray/hls/syn/report/csynth_design_size.rpt:2)
INFO: [HLS 200-1995] There were 218 instructions in the design after the 'Performance (step 4)' phase of compilation. See the Design Size Report for more details (D:/Desktop/AMD/fpga/component_rgb2gray/hls/syn/report/csynth_design_size.rpt:2)
INFO: [HLS 200-1995] There were 191 instructions in the design after the 'HW Transforms' phase of compilation. See the Design Size Report for more details (D:/Desktop/AMD/fpga/component_rgb2gray/hls/syn/report/csynth_design_size.rpt:2)
INFO: [HLS 200-1995] There were 140 instructions in the design after the 'HW Transforms (step 2)' phase of compilation. See the Design Size Report for more details (D:/Desktop/AMD/fpga/component_rgb2gray/hls/syn/report/csynth_design_size.rpt:2)
INFO: [HLS 200-111] Finished Compiling Optimization and Transform: CPU user time: 0 seconds. CPU system time: 0 seconds. Elapsed time: 8.295 seconds; current allocated memory: 160.496 MB.
INFO: [HLS 200-111] Finished Checking Pragmas: CPU user time: 0 seconds. CPU system time: 0 seconds. Elapsed time: 0.002 seconds; current allocated memory: 160.496 MB.
INFO: [HLS 200-10] Starting code transformations ...
INFO: [HLS 200-111] Finished Standard Transforms: CPU user time: 0 seconds. CPU system time: 0 seconds. Elapsed time: 0.032 seconds; current allocated memory: 165.172 MB.
INFO: [HLS 200-10] Checking synthesizability ...
INFO: [HLS 200-111] Finished Checking Synthesizability: CPU user time: 0 seconds. CPU system time: 0 seconds. Elapsed time: 0.021 seconds; current allocated memory: 166.879 MB.
INFO: [XFORM 203-401] Performing if-conversion on hyperblock from (src/rgb2gray.cpp:81:17) to (src/rgb2gray.cpp:85:22) in function 'rgb2gray'... converting 3 basic blocks.
INFO: [XFORM 203-11] Balancing expressions in function 'rgb2gray' (src/rgb2gray.cpp:51:22)...3 expression(s) balanced.
INFO: [HLS 200-111] Finished Loop, function and other optimizations: CPU user time: 0 seconds. CPU system time: 0 seconds. Elapsed time: 0.061 seconds; current allocated memory: 188.551 MB.
INFO: [HLS 200-111] Finished Architecture Synthesis: CPU user time: 0 seconds. CPU system time: 0 seconds. Elapsed time: 0.058 seconds; current allocated memory: 192.551 MB.
INFO: [HLS 200-2255] Checking Wire Delay Status: Wire Delay Mode is ON
INFO: [HLS 200-10] Starting hardware synthesis ...
INFO: [HLS 200-10] Synthesizing 'rgb2gray' ...
INFO: [HLS 200-10] ----------------------------------------------------------------
INFO: [HLS 200-42] -- Implementing module 'rgb2gray_Pipeline_VITIS_LOOP_85_1' 
INFO: [HLS 200-10] ----------------------------------------------------------------
INFO: [SCHED 204-11] Starting scheduling ...
INFO: [HLS 200-486] Changing DSP latency (root=add_ln103_1) to 3 in order to utilize available DSP registers.
INFO: [HLS 200-486] Changing DSP latency (root=add_ln103) to 3 in order to utilize available DSP registers.
INFO: [SCHED 204-61] Pipelining loop 'VITIS_LOOP_85_1'.
INFO: [HLS 200-1470] Pipelining result : Target II = 1, Final II = 1, Depth = 6, loop 'VITIS_LOOP_85_1'
INFO: [SCHED 204-11] Finished scheduling.
INFO: [HLS 200-111] Finished Scheduling: CPU user time: 0 seconds. CPU system time: 0 seconds. Elapsed time: 0.118 seconds; current allocated memory: 196.414 MB.
INFO: [BIND 205-100] Starting micro-architecture generation ...
INFO: [BIND 205-101] Performing variable lifetime analysis.
INFO: [BIND 205-101] Exploring resource sharing.
INFO: [BIND 205-101] Binding ...
INFO: [BIND 205-100] Finished micro-architecture generation.
INFO: [HLS 200-111] Finished Binding: CPU user time: 0 seconds. CPU system time: 0 seconds. Elapsed time: 0.029 seconds; current allocated memory: 197.484 MB.
INFO: [HLS 200-10] ----------------------------------------------------------------
INFO: [HLS 200-42] -- Implementing module 'rgb2gray' 
INFO: [HLS 200-10] ----------------------------------------------------------------
INFO: [SCHED 204-11] Starting scheduling ...
INFO: [SCHED 204-11] Finished scheduling.
INFO: [HLS 200-111] Finished Scheduling: CPU user time: 0 seconds. CPU system time: 0 seconds. Elapsed time: 0.04 seconds; current allocated memory: 197.562 MB.
INFO: [BIND 205-100] Starting micro-architecture generation ...
INFO: [BIND 205-101] Performing variable lifetime analysis.
INFO: [BIND 205-101] Exploring resource sharing.
INFO: [BIND 205-101] Binding ...
INFO: [BIND 205-100] Finished micro-architecture generation.
INFO: [HLS 200-111] Finished Binding: CPU user time: 0 seconds. CPU system time: 0 seconds. Elapsed time: 1.598 seconds; current allocated memory: 197.605 MB.
INFO: [HLS 200-10] ----------------------------------------------------------------
INFO: [HLS 200-10] -- Generating RTL for module 'rgb2gray_Pipeline_VITIS_LOOP_85_1' 
INFO: [HLS 200-10] ----------------------------------------------------------------
INFO: [HLS 200-1030] Apply Unified Pipeline Control on module 'rgb2gray_Pipeline_VITIS_LOOP_85_1' pipeline 'VITIS_LOOP_85_1' pipeline type 'loop pipeline'
INFO: [RTGEN 206-100] Generating core module 'mac_muladd_8ns_5ns_8ns_13_4_1': 1 instance(s).
INFO: [RTGEN 206-100] Generating core module 'mac_muladd_8ns_7ns_16s_16_4_1': 1 instance(s).
INFO: [RTGEN 206-100] Generating core module 'mul_8ns_9ns_16_1_1': 1 instance(s).
INFO: [RTGEN 206-100] Finished creating RTL model for 'rgb2gray_Pipeline_VITIS_LOOP_85_1'.
INFO: [HLS 200-111] Finished Creating RTL model: CPU user time: 0 seconds. CPU system time: 0 seconds. Elapsed time: 0.06 seconds; current allocated memory: 199.703 MB.
INFO: [HLS 200-10] ----------------------------------------------------------------
INFO: [HLS 200-10] -- Generating RTL for module 'rgb2gray' 
INFO: [HLS 200-10] ----------------------------------------------------------------
WARNING: [RTGEN 206-101] Design contains AXI ports. Reset is fixed to synchronous and active low.
INFO: [RTGEN 206-500] Setting interface mode on port 'rgb2gray/rgb_in_V_data_V' to 'axis' (register, both mode).
INFO: [RTGEN 206-500] Setting interface mode on port 'rgb2gray/rgb_in_V_keep_V' to 'axis' (register, both mode).
INFO: [RTGEN 206-500] Setting interface mode on port 'rgb2gray/rgb_in_V_strb_V' to 'axis' (register, both mode).
INFO: [RTGEN 206-500] Setting interface mode on port 'rgb2gray/rgb_in_V_user_V' to 'axis' (register, both mode).
INFO: [RTGEN 206-500] Setting interface mode on port 'rgb2gray/rgb_in_V_last_V' to 'axis' (register, both mode).
INFO: [RTGEN 206-500] Setting interface mode on port 'rgb2gray/rgb_in_V_id_V' to 'axis' (register, both mode).
INFO: [RTGEN 206-500] Setting interface mode on port 'rgb2gray/rgb_in_V_dest_V' to 'axis' (register, both mode).
INFO: [RTGEN 206-500] Setting interface mode on port 'rgb2gray/gray_out_V_data_V' to 'axis' (register, both mode).
INFO: [RTGEN 206-500] Setting interface mode on port 'rgb2gray/gray_out_V_keep_V' to 'axis' (register, both mode).
INFO: [RTGEN 206-500] Setting interface mode on port 'rgb2gray/gray_out_V_strb_V' to 'axis' (register, both mode).
INFO: [RTGEN 206-500] Setting interface mode on port 'rgb2gray/gray_out_V_user_V' to 'axis' (register, both mode).
INFO: [RTGEN 206-500] Setting interface mode on port 'rgb2gray/gray_out_V_last_V' to 'axis' (register, both mode).
INFO: [RTGEN 206-500] Setting interface mode on port 'rgb2gray/gray_out_V_id_V' to 'axis' (register, both mode).
INFO: [RTGEN 206-500] Setting interface mode on port 'rgb2gray/gray_out_V_dest_V' to 'axis' (register, both mode).
INFO: [RTGEN 206-500] Setting interface mode on port 'rgb2gray/width' to 's_axilite & ap_none'.
INFO: [RTGEN 206-500] Setting interface mode on port 'rgb2gray/height' to 's_axilite & ap_none'.
INFO: [RTGEN 206-500] Setting interface mode on port 'rgb2gray/out_width' to 's_axilite & ap_vld'.
INFO: [RTGEN 206-500] Setting interface mode on port 'rgb2gray/out_height' to 's_axilite & ap_vld'.
INFO: [RTGEN 206-500] Setting interface mode on port 'rgb2gray/pixel_count' to 's_axilite & ap_vld'.
INFO: [RTGEN 206-500] Setting interface mode on port 'rgb2gray/sum_gray' to 's_axilite & ap_vld'.
INFO: [RTGEN 206-500] Setting interface mode on port 'rgb2gray/frame_id' to 's_axilite & ap_vld'.
INFO: [RTGEN 206-500] Setting interface mode on function 'rgb2gray' to 's_axilite & ap_ctrl_hs'.
WARNING: [RTGEN 206-101] Register 'fid' is power-on initialization.
INFO: [RTGEN 206-100] Bundling port 'width', 'height', 'out_width', 'out_height', 'pixel_count', 'sum_gray', 'frame_id' and 'return' to AXI-Lite port ctrl.
INFO: [RTGEN 206-100] Generating core module 'mul_16ns_16ns_32_1_1': 1 instance(s).
INFO: [RTGEN 206-100] Generating core module 'mul_16ns_18ns_33_1_1': 2 instance(s).
INFO: [RTGEN 206-100] Finished creating RTL model for 'rgb2gray'.
INFO: [HLS 200-111] Finished Creating RTL model: CPU user time: 1 seconds. CPU system time: 0 seconds. Elapsed time: 1.977 seconds; current allocated memory: 202.828 MB.
INFO: [HLS 200-111] Finished Generating all RTL models: CPU user time: 0 seconds. CPU system time: 0 seconds. Elapsed time: 0.384 seconds; current allocated memory: 207.172 MB.
INFO: [HLS 200-2225] Wrote inferred directives to file D:/Desktop/AMD/fpga/component_rgb2gray/hls/syn/inferred_directives.ini
INFO: [HLS 200-111] Finished Updating report files: CPU user time: 0 seconds. CPU system time: 1 seconds. Elapsed time: 0.854 seconds; current allocated memory: 211.816 MB.
INFO: [VHDL 208-304] Generating VHDL RTL for rgb2gray.
INFO: [VLOG 209-307] Generating Verilog RTL for rgb2gray.
INFO: [HLS 200-790] **** Loop Constraint Status: All loop constraints were satisfied.
INFO: [HLS 200-789] **** Estimated Fmax: 137.46 MHz
INFO: [HLS 200-2161] Finished Command csynth_design Elapsed time: 00:00:21; Allocated memory: 56.949 MB.
INFO: [HLS 200-1510] Running: cosim_design -rtl verilog -tool auto -argv D:/Desktop/AMD/fpga/sim/data_motion_small 
INFO: [HLS 200-1915] Writing HLS config ini file D:/Desktop/AMD/fpga/component_rgb2gray/hls_config.cfg
INFO: [COSIM 212-47] Using XSIM for RTL simulation.
INFO: [COSIM 212-14] Instrumenting C test bench ...
   Build using "D:/Xilinx/2026.1/Vitis/win64/tools/clang-16/bin/clang++"
   Compiling apatb_rgb2gray.cpp
   Compiling apatb_rgb2gray_util.cpp
   Compiling rgb2gray.cpp_pre.cpp
   Compiling tb_rgb2gray.cpp_pre.cpp
   Compiling apatb_rgb2gray_ir.ll
   Generating cosim.tv.exe
INFO: [COSIM 212-302] Starting C TB testing ... 
==== tb_rgb2gray: contract docs/interface.md (tolerance = 0) ====
---- [Layer 1] embedded cases (in 10x5 -> out 6x3) ----
  Layer 1: 8 passed, 0 failed
---- [Layer 2] cross-language golden reference (per-pixel) ----
  meta     : in 80x60 -> out 48x36, 10 frames, rgb_bytes=14400, gray_bytes=1728
  Layer 2: 10 passed, 0 failed  (mismatched pixels: 0, header errors: 0)

==== RESULT: PASS ====
INFO [HLS SIM]: The maximum depth reached by any hls::stream() instance in the design is 4800
INFO: [COSIM 212-333] Generating C post check test bench ...
INFO: [COSIM 212-12] Generating RTL test bench ...
find not read role field
find not read role field
find not read role field
find not read role field
find not read role field
INFO: [COSIM 212-1] *** C/RTL co-simulation file generation completed. ***
INFO: [COSIM 212-323] Starting verilog simulation. 
INFO: [COSIM 212-15] Starting XSIM ...

D:\Desktop\AMD\fpga\component_rgb2gray\hls\sim\verilog>set PATH= 

D:\Desktop\AMD\fpga\component_rgb2gray\hls\sim\verilog>call D:/Xilinx/2026.1/Vivado/bin/xelab xil_defaultlib.apatb_rgb2gray_top xil_defaultlib.glbl -Oenable_linking_all_libraries -prj rgb2gray.prj -L smartconnect_v1_0 -L axi_protocol_checker_v1_1_12 -L axi_protocol_checker_v1_1_13 -L axis_protocol_checker_v1_1_11 -L axis_protocol_checker_v1_1_12 -L xil_defaultlib -L unisims_ver -L xpm  -L floating_point_v7_1_22 -L floating_point_v7_0_27 --lib "ieee_proposed=./ieee_proposed" -L uvm -relax -i ./svr -i ./axivip -i ./svtb -i ./file_agent -i ./rgb2gray_subsystem  -s rgb2gray  
Vivado Simulator v2026.1
Copyright 1986-2022 Xilinx, Inc. All Rights Reserved.
Copyright 2022-2026 Advanced Micro Devices, Inc. All Rights Reserved.
Running: D:/Xilinx/2026.1/Vivado/bin/unwrapped/win64.o/xelab.exe xil_defaultlib.apatb_rgb2gray_top xil_defaultlib.glbl -Oenable_linking_all_libraries -prj rgb2gray.prj -L smartconnect_v1_0 -L axi_protocol_checker_v1_1_12 -L axi_protocol_checker_v1_1_13 -L axis_protocol_checker_v1_1_11 -L axis_protocol_checker_v1_1_12 -L xil_defaultlib -L unisims_ver -L xpm -L floating_point_v7_1_22 -L floating_point_v7_0_27 --lib ieee_proposed=./ieee_proposed -L uvm -relax -i ./svr -i ./axivip -i ./svtb -i ./file_agent -i ./rgb2gray_subsystem -s rgb2gray 
Multi-threading is on. Using 22 slave threads.
INFO: [VRFC 10-2263] Analyzing SystemVerilog file "D:/Desktop/AMD/fpga/component_rgb2gray/hls/sim/verilog/glbl.v" into library xil_defaultlib
INFO: [VRFC 10-311] analyzing module glbl
INFO: [VRFC 10-2263] Analyzing SystemVerilog file "D:/Desktop/AMD/fpga/component_rgb2gray/hls/sim/verilog/AESL_deadlock_idx0_monitor.v" into library xil_defaultlib
INFO: [VRFC 10-311] analyzing module AESL_deadlock_idx0_monitor
INFO: [VRFC 10-2263] Analyzing SystemVerilog file "D:/Desktop/AMD/fpga/component_rgb2gray/hls/sim/verilog/AESL_deadlock_idx1_monitor.v" into library xil_defaultlib
INFO: [VRFC 10-311] analyzing module AESL_deadlock_idx1_monitor
INFO: [VRFC 10-2263] Analyzing SystemVerilog file "D:/Desktop/AMD/fpga/component_rgb2gray/hls/sim/verilog/AESL_deadlock_kernel_monitor_top.v" into library xil_defaultlib
INFO: [VRFC 10-311] analyzing module AESL_deadlock_kernel_monitor_top
INFO: [VRFC 10-2263] Analyzing SystemVerilog file "D:/Desktop/AMD/fpga/component_rgb2gray/hls/sim/verilog/rgb2gray.autotb.v" into library xil_defaultlib
INFO: [VRFC 10-311] analyzing module apatb_rgb2gray_top
INFO: [VRFC 10-2263] Analyzing SystemVerilog file "D:/Desktop/AMD/fpga/component_rgb2gray/hls/sim/verilog/rgb2gray.v" into library xil_defaultlib
INFO: [VRFC 10-311] analyzing module rgb2gray
INFO: [VRFC 10-2263] Analyzing SystemVerilog file "D:/Desktop/AMD/fpga/component_rgb2gray/hls/sim/verilog/rgb2gray_ctrl_s_axi.v" into library xil_defaultlib
INFO: [VRFC 10-311] analyzing module rgb2gray_ctrl_s_axi
INFO: [VRFC 10-2263] Analyzing SystemVerilog file "D:/Desktop/AMD/fpga/component_rgb2gray/hls/sim/verilog/rgb2gray_flow_control_loop_pipe_sequential_init.v" into library xil_defaultlib
INFO: [VRFC 10-311] analyzing module rgb2gray_flow_control_loop_pipe_sequential_init
INFO: [VRFC 10-2263] Analyzing SystemVerilog file "D:/Desktop/AMD/fpga/component_rgb2gray/hls/sim/verilog/rgb2gray_mac_muladd_8ns_5ns_8ns_13_4_1.v" into library xil_defaultlib
INFO: [VRFC 10-311] analyzing module rgb2gray_mac_muladd_8ns_5ns_8ns_13_4_1_DSP48_0
INFO: [VRFC 10-311] analyzing module rgb2gray_mac_muladd_8ns_5ns_8ns_13_4_1
INFO: [VRFC 10-2263] Analyzing SystemVerilog file "D:/Desktop/AMD/fpga/component_rgb2gray/hls/sim/verilog/rgb2gray_mac_muladd_8ns_7ns_16s_16_4_1.v" into library xil_defaultlib
INFO: [VRFC 10-311] analyzing module rgb2gray_mac_muladd_8ns_7ns_16s_16_4_1_DSP48_0
INFO: [VRFC 10-311] analyzing module rgb2gray_mac_muladd_8ns_7ns_16s_16_4_1
INFO: [VRFC 10-2263] Analyzing SystemVerilog file "D:/Desktop/AMD/fpga/component_rgb2gray/hls/sim/verilog/rgb2gray_mul_16ns_16ns_32_1_1.v" into library xil_defaultlib
INFO: [VRFC 10-311] analyzing module rgb2gray_mul_16ns_16ns_32_1_1
INFO: [VRFC 10-2263] Analyzing SystemVerilog file "D:/Desktop/AMD/fpga/component_rgb2gray/hls/sim/verilog/rgb2gray_mul_16ns_18ns_33_1_1.v" into library xil_defaultlib
INFO: [VRFC 10-311] analyzing module rgb2gray_mul_16ns_18ns_33_1_1
INFO: [VRFC 10-2263] Analyzing SystemVerilog file "D:/Desktop/AMD/fpga/component_rgb2gray/hls/sim/verilog/rgb2gray_mul_8ns_9ns_16_1_1.v" into library xil_defaultlib
INFO: [VRFC 10-311] analyzing module rgb2gray_mul_8ns_9ns_16_1_1
INFO: [VRFC 10-2263] Analyzing SystemVerilog file "D:/Desktop/AMD/fpga/component_rgb2gray/hls/sim/verilog/rgb2gray_regslice_both.v" into library xil_defaultlib
INFO: [VRFC 10-311] analyzing module rgb2gray_regslice_both
INFO: [VRFC 10-2263] Analyzing SystemVerilog file "D:/Desktop/AMD/fpga/component_rgb2gray/hls/sim/verilog/rgb2gray_rgb2gray_Pipeline_VITIS_LOOP_85_1.v" into library xil_defaultlib
INFO: [VRFC 10-311] analyzing module rgb2gray_rgb2gray_Pipeline_VITIS_LOOP_85_1
INFO: [VRFC 10-2263] Analyzing SystemVerilog file "D:/Desktop/AMD/fpga/component_rgb2gray/hls/sim/verilog/dataflow_monitor.sv" into library xil_defaultlib
INFO: [VRFC 10-311] analyzing module dataflow_monitor
INFO: [VRFC 10-2263] Analyzing SystemVerilog file "D:/Desktop/AMD/fpga/component_rgb2gray/hls/sim/verilog/file_agent/file_agent_pkg.sv" into library xil_defaultlib
INFO: [VRFC 10-2263] Analyzing SystemVerilog file "D:/Desktop/AMD/fpga/component_rgb2gray/hls/sim/verilog/svr/svr_pkg.sv" into library xil_defaultlib
INFO: [VRFC 10-2263] Analyzing SystemVerilog file "D:/Desktop/AMD/fpga/component_rgb2gray/hls/sim/verilog/svr/svr_if.sv" into library xil_defaultlib
INFO: [VRFC 10-2263] Analyzing SystemVerilog file "D:/Desktop/AMD/fpga/component_rgb2gray/hls/sim/verilog/axivip/axi_pkg.sv" into library xil_defaultlib
INFO: [VRFC 10-2263] Analyzing SystemVerilog file "D:/Desktop/AMD/fpga/component_rgb2gray/hls/sim/verilog/axivip/axi_if.sv" into library xil_defaultlib
INFO: [VRFC 10-2263] Analyzing SystemVerilog file "D:/Desktop/AMD/fpga/component_rgb2gray/hls/sim/verilog/rgb2gray_subsystem/rgb2gray_subsystem_pkg.sv" into library xil_defaultlib
INFO: [VRFC 10-2263] Analyzing SystemVerilog file "D:/Desktop/AMD/fpga/component_rgb2gray/hls/sim/verilog/svtb/misc_interface.sv" into library xil_defaultlib
INFO: [VRFC 10-2263] Analyzing SystemVerilog file "D:/Desktop/AMD/fpga/component_rgb2gray/hls/sim/verilog/svtb/sv_module_top.sv" into library xil_defaultlib
INFO: [VRFC 10-311] analyzing module sv_module_top
Starting static elaboration
Pass Through NonSizing Optimizer
Completed static elaboration
Starting simulation data flow analysis
Completed simulation data flow analysis
Time Resolution for simulation is 1ps
Compiling package xil_defaultlib.$unit_sv_module_top_sv
Compiling package uvm.uvm_pkg
Compiling package std.std
Compiling package xil_defaultlib.svr_pkg
Compiling package xil_defaultlib.file_agent_pkg
Compiling package xil_defaultlib.axi_pkg
Compiling package xil_defaultlib.rgb2gray_subsystem_pkg
Compiling package xil_defaultlib.$unit_dataflow_monitor_sv
Compiling module xil_defaultlib.rgb2gray_mul_8ns_9ns_16_1_1(NUM_...
Compiling module xil_defaultlib.rgb2gray_mac_muladd_8ns_5ns_8ns_...
Compiling module xil_defaultlib.rgb2gray_mac_muladd_8ns_5ns_8ns_...
Compiling module xil_defaultlib.rgb2gray_mac_muladd_8ns_7ns_16s_...
Compiling module xil_defaultlib.rgb2gray_mac_muladd_8ns_7ns_16s_...
Compiling module xil_defaultlib.rgb2gray_flow_control_loop_pipe_...
Compiling module xil_defaultlib.rgb2gray_rgb2gray_Pipeline_VITIS...
Compiling module xil_defaultlib.rgb2gray_ctrl_s_axi
Compiling module xil_defaultlib.rgb2gray_mul_16ns_18ns_33_1_1(NU...
Compiling module xil_defaultlib.rgb2gray_mul_16ns_16ns_32_1_1(NU...
Compiling module xil_defaultlib.rgb2gray_regslice_both(DataWidth...
Compiling module xil_defaultlib.rgb2gray_regslice_both(DataWidth...
Compiling module xil_defaultlib.rgb2gray_regslice_both(DataWidth...
Compiling module xil_defaultlib.rgb2gray_regslice_both
Compiling module xil_defaultlib.rgb2gray
Compiling module xil_defaultlib.misc_interface_default
Compiling module xil_defaultlib.svr_if(DATA_WIDTH=34)
Compiling module xil_defaultlib.svr_if(DATA_WIDTH=14)
Compiling module xil_defaultlib.axi_if(ADDR_WIDTH=7,STRB_WIDTH=4...
Compiling module xil_defaultlib.sv_module_top
Compiling module xil_defaultlib.AESL_deadlock_idx1_monitor
Compiling module xil_defaultlib.AESL_deadlock_idx0_monitor
Compiling module xil_defaultlib.AESL_deadlock_kernel_monitor_top...
Compiling module xil_defaultlib.nodf_module_intf_default
Compiling module xil_defaultlib.upc_loop_intf(FSM_WIDTH=1)
Compiling module xil_defaultlib.dataflow_monitor_1
Compiling module xil_defaultlib.apatb_rgb2gray_top
Compiling module xil_defaultlib.glbl
Built simulation snapshot rgb2gray

****** xsim v2026.1 (64-bit)
  **** SW Build 6511674 on Tue Jun 16 11:02:23 MDT 2026
  **** IP Build 6504888 on Tue Jun 09 09:05:25 MDT 2026
  **** SharedData Build 6501428 on Mon Jun 08 17:34:18 MDT 2026
  **** Start of session at: Thu Sep 10 23:37:48 2026
    ** Copyright 1986-2022 Xilinx, Inc. All Rights Reserved.
    ** Copyright 2022-2026 Advanced Micro Devices, Inc. All Rights Reserved.

source xsim.dir/rgb2gray/xsim_script.tcl
# xsim {rgb2gray} -testplusarg UVM_VERBOSITY=UVM_NONE -testplusarg UVM_TESTNAME=rgb2gray_test_lib -testplusarg UVM_TIMEOUT=20000000000000 -autoloadwcfg -tclbatch {rgb2gray.tcl}
Time resolution is 1 ps
source rgb2gray.tcl
## run all
UVM_INFO D:Xiliÿÿ‚6.1Vivado/data/system_verilog/uvm_1.2/xlnx_uvm_package.sv(18601) @ 0: reporter [UVM/RELNOTES] 
----------------------------------------------------------------
UVM-1.2
(C) 2007-2014 Mentor Graphics Corporation
(C) 2007-2014 Cadence Design Systems, Inc.
(C) 2006-2014 Synopsys, Inc.
(C) 2011-2013 Cypress Semiconductor Corp.
(C) 2013-2014 NVIDIA Corporation
----------------------------------------------------------------

  ***********       IMPORTANT RELEASE NOTES         ************

  You are using a version of the UVM library that has been compiled
  with `UVM_NO_DEPRECATED undefined.

  You are using a version of the UVM library that has been compiled
  with `UVM_OBJECT_DO_NOT_NEED_CONSTRUCTOR undefined.

      (Specify +UVM_NO_RELNOTES to turn off this notice)

UVM_INFO D:Xiliÿÿ‚6.1Vivado/data/system_verilog/uvm_1.2/xlnx_uvm_package.sv(18648) @ 0: reporter [NO_DPI_TSTNAME] UVM_NO_DPI defined--getting UVM_TESTNAME directly, without DPI
UVM_INFO D:Xiliÿÿ‚6.1Vivado/data/system_verilog/uvm_1.2/xlnx_uvm_package.sv(18752) @ 0: reporter [UVMTOP] UVM testbench topology:
--------------------------------------------------------------------------------------------------------------
Name                                                Type                                 Size  Value          
--------------------------------------------------------------------------------------------------------------
uvm_test_top                                        rgb2gray_test_lib                    -     @373           
  top_env                                           rgb2gray_env                         -     @384           
    axi_lite_ctrl                                   uvm_env                              -     @431           
      item_rtr_port                                 uvm_analysis_port                    -     @450           
      item_wtr_port                                 uvm_analysis_port                    -     @440           
      master                                        uvm_agent                            -     @843           
        ardrv                                       uvm_driver #(REQ,RSP)                -     @1518          
          item_read_imp                             uvm_analysis_port                    -     @1547          
          rsp_port                                  uvm_analysis_port                    -     @1537          
          seq_item_port                             uvm_seq_item_pull_port               -     @1527          
          m_num_sent                                integral                             32    'h0            
        arsqr                                       axi_sequencer                        -     @1557          
          rsp_export                                uvm_analysis_export                  -     @1566          
          seq_item_export                           uvm_seq_item_pull_imp                -     @1684          
          arbitration_queue                         array                                0     -              
          lock_queue                                array                                0     -              
          num_last_reqs                             integral                             32    'd1            
          num_last_rsps                             integral                             32    'd1            
        awdrv                                       uvm_driver #(REQ,RSP)                -     @990           
          item_read_imp                             uvm_analysis_port                    -     @1019          
          rsp_port                                  uvm_analysis_port                    -     @1009          
          seq_item_port                             uvm_seq_item_pull_port               -     @999           
          m_num_sent                                integral                             32    'h0            
        awsqr                                       axi_sequencer                        -     @1029          
          rsp_export                                uvm_analysis_export                  -     @1038          
          seq_item_export                           uvm_seq_item_pull_imp                -     @1156          
          arbitration_queue                         array                                0     -              
          lock_queue                                array                                0     -              
          num_last_reqs                             integral                             32    'd1            
          num_last_rsps                             integral                             32    'd1            
        bdrv                                        uvm_driver #(REQ,RSP)                -     @1342          
          item_read_imp                             uvm_analysis_port                    -     @1371          
          rsp_port                                  uvm_analysis_port                    -     @1361          
          seq_item_port                             uvm_seq_item_pull_port               -     @1351          
          m_num_sent                                integral                             32    'h0            
        bsqr                                        axi_sequencer                        -     @1381          
          rsp_export                                uvm_analysis_export                  -     @1390          
          seq_item_export                           uvm_seq_item_pull_imp                -     @1508          
          arbitration_queue                         array                                0     -              
          lock_queue                                array                                0     -              
          num_last_reqs                             integral                             32    'd1            
          num_last_rsps                             integral                             32    'd1            
        rdrv                                        uvm_driver #(REQ,RSP)                -     @1694          
          item_read_imp                             uvm_analysis_port                    -     @1723          
          rsp_port                                  uvm_analysis_port                    -     @1713          
          seq_item_port                             uvm_seq_item_pull_port               -     @1703          
          m_num_sent                                integral                             32    'h0            
        rsqr                                        axi_sequencer                        -     @1733          
          rsp_export                                uvm_analysis_export                  -     @1742          
          seq_item_export                           uvm_seq_item_pull_imp                -     @1860          
          arbitration_queue                         array                                0     -              
          lock_queue                                array                                0     -              
          num_last_reqs                             integral                             32    'd1            
          num_last_rsps                             integral                             32    'd1            
        wdrv                                        uvm_driver #(REQ,RSP)                -     @1166          
          item_read_imp                             uvm_analysis_port                    -     @1195          
          rsp_port                                  uvm_analysis_port                    -     @1185          
          seq_item_port                             uvm_seq_item_pull_port               -     @1175          
          m_num_sent                                integral                             32    'h0            
        wsqr                                        axi_sequencer                        -     @1205          
          rsp_export                                uvm_analysis_export                  -     @1214          
          seq_item_export                           uvm_seq_item_pull_imp                -     @1332          
          arbitration_queue                         array                                0     -              
          lock_queue                                array                                0     -              
          num_last_reqs                             integral                             32    'd1            
          num_last_rsps                             integral                             32    'd1            
      monitor                                       uvm_monitor                          -     @665           
        item_ar2r_port                              uvm_analysis_port                    -     @734           
        item_ar_port                                uvm_analysis_port                    -     @704           
        item_aw2b_port                              uvm_analysis_port                    -     @724           
        item_aw_port                                uvm_analysis_port                    -     @674           
        item_b_port                                 uvm_analysis_port                    -     @694           
        item_r_port                                 uvm_analysis_port                    -     @714           
        item_w_port                                 uvm_analysis_port                    -     @684           
        checks_enable                               integral                             1     'h1            
        coverage_enable                             integral                             1     'h1            
      state                                         axi_state                            -     @744           
        ar2r_imp                                    uvm_analysis_imp_ar2r                -     @813           
        ar_imp                                      uvm_analysis_imp_ar                  -     @783           
        aw2b_imp                                    uvm_analysis_imp_aw2b                -     @803           
        aw_imp                                      uvm_analysis_imp_aw                  -     @753           
        b_imp                                       uvm_analysis_imp_b                   -     @773           
        item_rtr_port                               uvm_analysis_port                    -     @833           
        item_wtr_port                               uvm_analysis_port                    -     @823           
        r_imp                                       uvm_analysis_imp_r                   -     @793           
        w_imp                                       uvm_analysis_imp_w                   -     @763           
        avg_rate                                    integral                             32    'h0            
        exp_rate                                    integral                             32    'h0            
        win_size                                    integral                             32    'h0            
        bqnum_for_slaseq                            integral                             32    'h0            
        rq_from_model_num                           integral                             32    'h0            
      vsqr                                          axi_virtual_sequencer                -     @852           
        rsp_export                                  uvm_analysis_export                  -     @861           
        seq_item_export                             uvm_seq_item_pull_imp                -     @979           
        arbitration_queue                           array                                0     -              
        lock_queue                                  array                                0     -              
        num_last_reqs                               integral                             32    'd1            
        num_last_rsps                               integral                             32    'd1            
      cfg                                           axi_cfg                              -     @403           
        has_checker                                 integral                             1     'h1            
        has_coverage                                integral                             1     'h1            
        id_num                                      integral                             32    'h1            
        reset_level                                 reset_level_enum                     32    RESET_LEVEL_LOW
        drv_type                                    drv_type_enum                        32    MASTER         
        write_latency_mode                          latency_mode_enum                    32    CHANNEL_FIRST  
        read_latency_mode                           latency_mode_enum                    32    CHANNEL_FIRST  
        clatency                                    axi_latency                          -     @427           
          wr_latency                                integral                             32    'h0            
          rd_latency                                integral                             32    'h0            
    env_master_svr_rgb_in                           uvm_env                              -     @404           
      m_agt                                         uvm_agent                            -     @1938          
        drv                                         uvm_driver #(REQ,RSP)                -     @2086          
          rsp_port                                  uvm_analysis_port                    -     @2105          
          seq_item_port                             uvm_seq_item_pull_port               -     @2095          
        mon                                         uvm_monitor                          -     @2115          
          item_collect_port                         uvm_analysis_port                    -     @2126          
        sqr                                         uvm_sequencer                        -     @1949          
          rsp_export                                uvm_analysis_export                  -     @1958          
          seq_item_export                           uvm_seq_item_pull_imp                -     @2076          
          arbitration_queue                         array                                0     -              
          lock_queue                                array                                0     -              
          num_last_reqs                             integral                             32    'd1            
          num_last_rsps                             integral                             32    'd1            
    env_slave_svr_gray_out                          uvm_env                              -     @417           
      s_agt                                         uvm_agent                            -     @2144          
        drv                                         uvm_driver #(REQ,RSP)                -     @2292          
          rsp_port                                  uvm_analysis_port                    -     @2311          
          seq_item_port                             uvm_seq_item_pull_port               -     @2301          
        mon                                         uvm_monitor                          -     @2321          
          item_collect_port                         uvm_analysis_port                    -     @2332          
        sqr                                         uvm_sequencer                        -     @2155          
          rsp_export                                uvm_analysis_export                  -     @2164          
          seq_item_export                           uvm_seq_item_pull_imp                -     @2282          
          arbitration_queue                         array                                0     -              
          lock_queue                                array                                0     -              
          num_last_reqs                             integral                             32    'd1            
          num_last_rsps                             integral                             32    'd1            
    refm                                            rgb2gray_reference_model             -     @460           
      trans_num_idx                                 integral                             32    'h0            
    rgb2gray_virtual_sqr                            rgb2gray_virtual_sequencer           -     @522           
      rsp_export                                    uvm_analysis_export                  -     @531           
      seq_item_export                               uvm_seq_item_pull_imp                -     @649           
      arbitration_queue                             array                                0     -              
      lock_queue                                    array                                0     -              
      num_last_reqs                                 integral                             32    'd1            
      num_last_rsps                                 integral                             32    'd1            
    subsys_mon                                      rgb2gray_subsystem_monitor           -     @473           
      ctrl_rtr_imp                                  uvm_analysis_imp_axi_rtr_ctrl        -     @512           
      ctrl_wtr_imp                                  uvm_analysis_imp_axi_wtr_ctrl        -     @502           
      scbd                                          rgb2gray_scoreboard                  -     @2359          
        refm                                        rgb2gray_reference_model             -     @460           
          trans_num_idx                             integral                             32    'h0            
        file_rd_TVOUT_transaction_size              <unknown>                            -     @2369          
          TV_FILE                                   string                               0     ""             
          fp                                        integral                             32    'hxxxxxxxx     
          TV_FILE_num                               integral                             32    'h0            
          HEX_read                                  integral                             32    'h0            
          DEC_read                                  integral                             32    'h0            
          is_binary                                 integral                             32    'h0            
          TV_FILE_COMPARE                           string                               0     ""             
          fp_compare                                integral                             32    'hxxxxxxxx     
        TVOUT_transaction_size_queue                da(integral)                         0     -              
        file_wr_port_gray_out_gray_out_TDATA        <unknown>                            -     @2370          
          TV_FILE                                   string                               0     ""             
          fp                                        integral                             32    'hxxxxxxxx     
          file_open                                 integral                             32    'h0            
          write_file_done                           integral                             32    'h0            
          write_section_done                        integral                             32    'h0            
          TRANSACTION_NUM                           integral                             32    'h0            
          transaction_num_idx                       integral                             32    'h0            
          TRANSACTION_DEPTH                         integral                             32    'h0            
          TRANSACTION_DEPTH_queue                   da(integral)                         0     -              
          TRANSACTION_DEPTH_queue_for_depth_check   da(integral)                         0     -              
          transaction_depth_idx                     integral                             32    'h0            
          ap_done_num_idx                           integral                             32    'h0            
          is_binary                                 integral                             32    'h0            
        write_file_done_gray_out_gray_out_TDATA     integral                             32    'h0            
        write_section_done_gray_out_gray_out_TDATA  integral                             32    'h0            
        file_wr_port_gray_out_gray_out_TKEEP        <unknown>                            -     @2371          
          TV_FILE                                   string                               0     ""             
          fp                                        integral                             32    'hxxxxxxxx     
          file_open                                 integral                             32    'h0            
          write_file_done                           integral                             32    'h0            
          write_section_done                        integral                             32    'h0            
          TRANSACTION_NUM                           integral                             32    'h0            
          transaction_num_idx                       integral                             32    'h0            
          TRANSACTION_DEPTH                         integral                             32    'h0            
          TRANSACTION_DEPTH_queue                   da(integral)                         0     -              
          TRANSACTION_DEPTH_queue_for_depth_check   da(integral)                         0     -              
          transaction_depth_idx                     integral                             32    'h0            
          ap_done_num_idx                           integral                             32    'h0            
          is_binary                                 integral                             32    'h0            
        write_file_done_gray_out_gray_out_TKEEP     integral                             32    'h0            
        write_section_done_gray_out_gray_out_TKEEP  integral                             32    'h0            
        file_wr_port_gray_out_gray_out_TSTRB        <unknown>                            -     @2372          
          TV_FILE                                   string                               0     ""             
          fp                                        integral                             32    'hxxxxxxxx     
          file_open                                 integral                             32    'h0            
          write_file_done                           integral                             32    'h0            
          write_section_done                        integral                             32    'h0            
          TRANSACTION_NUM                           integral                             32    'h0            
          transaction_num_idx                       integral                             32    'h0            
          TRANSACTION_DEPTH                         integral                             32    'h0            
          TRANSACTION_DEPTH_queue                   da(integral)                         0     -              
          TRANSACTION_DEPTH_queue_for_depth_check   da(integral)                         0     -              
          transaction_depth_idx                     integral                             32    'h0            
          ap_done_num_idx                           integral                             32    'h0            
          is_binary                                 integral                             32    'h0            
        write_file_done_gray_out_gray_out_TSTRB     integral                             32    'h0            
        write_section_done_gray_out_gray_out_TSTRB  integral                             32    'h0            
        file_wr_port_gray_out_gray_out_TUSER        <unknown>                            -     @2373          
          TV_FILE                                   string                               0     ""             
          fp                                        integral                             32    'hxxxxxxxx     
          file_open                                 integral                             32    'h0            
          write_file_done                           integral                             32    'h0            
          write_section_done                        integral                             32    'h0            
          TRANSACTION_NUM                           integral                             32    'h0            
          transaction_num_idx                       integral                             32    'h0            
          TRANSACTION_DEPTH                         integral                             32    'h0            
          TRANSACTION_DEPTH_queue                   da(integral)                         0     -              
          TRANSACTION_DEPTH_queue_for_depth_check   da(integral)                         0     -              
          transaction_depth_idx                     integral                             32    'h0            
          ap_done_num_idx                           integral                             32    'h0            
          is_binary                                 integral                             32    'h0            
        write_file_done_gray_out_gray_out_TUSER     integral                             32    'h0            
        write_section_done_gray_out_gray_out_TUSER  integral                             32    'h0            
        file_wr_port_gray_out_gray_out_TLAST        <unknown>                            -     @2374          
          TV_FILE                                   string                               0     ""             
          fp                                        integral                             32    'hxxxxxxxx     
          file_open                                 integral                             32    'h0            
          write_file_done                           integral                             32    'h0            
          write_section_done                        integral                             32    'h0            
          TRANSACTION_NUM                           integral                             32    'h0            
          transaction_num_idx                       integral                             32    'h0            
          TRANSACTION_DEPTH                         integral                             32    'h0            
          TRANSACTION_DEPTH_queue                   da(integral)                         0     -              
          TRANSACTION_DEPTH_queue_for_depth_check   da(integral)                         0     -              
          transaction_depth_idx                     integral                             32    'h0            
          ap_done_num_idx                           integral                             32    'h0            
          is_binary                                 integral                             32    'h0            
        write_file_done_gray_out_gray_out_TLAST     integral                             32    'h0            
        write_section_done_gray_out_gray_out_TLAST  integral                             32    'h0            
        file_wr_port_gray_out_gray_out_TID          <unknown>                            -     @2375          
          TV_FILE                                   string                               0     ""             
          fp                                        integral                             32    'hxxxxxxxx     
          file_open                                 integral                             32    'h0            
          write_file_done                           integral                             32    'h0            
          write_section_done                        integral                             32    'h0            
          TRANSACTION_NUM                           integral                             32    'h0            
          transaction_num_idx                       integral                             32    'h0            
          TRANSACTION_DEPTH                         integral                             32    'h0            
          TRANSACTION_DEPTH_queue                   da(integral)                         0     -              
          TRANSACTION_DEPTH_queue_for_depth_check   da(integral)                         0     -              
          transaction_depth_idx                     integral                             32    'h0            
          ap_done_num_idx                           integral                             32    'h0            
          is_binary                                 integral                             32    'h0            
        write_file_done_gray_out_gray_out_TID       integral                             32    'h0            
        write_section_done_gray_out_gray_out_TID    integral                             32    'h0            
        file_wr_port_gray_out_gray_out_TDEST        <unknown>                            -     @2376          
          TV_FILE                                   string                               0     ""             
          fp                                        integral                             32    'hxxxxxxxx     
          file_open                                 integral                             32    'h0            
          write_file_done                           integral                             32    'h0            
          write_section_done                        integral                             32    'h0            
          TRANSACTION_NUM                           integral                             32    'h0            
          transaction_num_idx                       integral                             32    'h0            
          TRANSACTION_DEPTH                         integral                             32    'h0            
          TRANSACTION_DEPTH_queue                   da(integral)                         0     -              
          TRANSACTION_DEPTH_queue_for_depth_check   da(integral)                         0     -              
          transaction_depth_idx                     integral                             32    'h0            
          ap_done_num_idx                           integral                             32    'h0            
          is_binary                                 integral                             32    'h0            
        write_file_done_gray_out_gray_out_TDEST     integral                             32    'h0            
        write_section_done_gray_out_gray_out_TDEST  integral                             32    'h0            
      svr_master_rgb_in_imp                         uvm_analysis_imp_svr_master_rgb_in   -     @482           
      svr_slave_gray_out_imp                        uvm_analysis_imp_svr_slave_gray_out  -     @492           
    env_master_svr_rgb_in                           uvm_env                              -     @404           
    env_slave_svr_gray_out                          uvm_env                              -     @417           
    refm                                            rgb2gray_reference_model             -     @460           
    rgb2gray_virtual_sqr                            rgb2gray_virtual_sequencer           -     @522           
    rgb2gray_cfg                                    rgb2gray_config                      -     @398           
      port_rgb_in_cfg                               svr_config                           -     @399           
        svr_type                                    svr_inst_type                        32    SVR_MASTER     
        prt_type                                    svr_protocol_type                    32    AXIS           
        is_active                                   svr_active_passive_enum              1     SVR_ACTIVE     
        reset_level                                 svr_reset_level_enum                 1     RESET_LEVEL_LOW
        spec_cfg                                    svr_spec_cfg_enum                    32    NORMAL         
        clatency                                    svr_latency                          -     @400           
          transfer_latency                          integral                             32    'h0            
      port_gray_out_cfg                             svr_config                           -     @401           
        svr_type                                    svr_inst_type                        32    SVR_SLAVE      
        prt_type                                    svr_protocol_type                    32    AXIS           
        is_active                                   svr_active_passive_enum              1     SVR_ACTIVE     
        reset_level                                 svr_reset_level_enum                 1     RESET_LEVEL_LOW
        spec_cfg                                    svr_spec_cfg_enum                    32    NORMAL         
        clatency                                    svr_latency                          -     @402           
          transfer_latency                          integral                             32    'h0            
      ctrl_cfg                                      axi_cfg                              -     @403           
        has_checker                                 integral                             1     'h1            
        has_coverage                                integral                             1     'h1            
        id_num                                      integral                             32    'h1            
        reset_level                                 reset_level_enum                     32    RESET_LEVEL_LOW
        drv_type                                    drv_type_enum                        32    MASTER         
        write_latency_mode                          latency_mode_enum                    32    CHANNEL_FIRST  
        read_latency_mode                           latency_mode_enum                    32    CHANNEL_FIRST  
        clatency                                    axi_latency                          -     @427           
          wr_latency                                integral                             32    'h0            
          rd_latency                                integral                             32    'h0            
      check_ena                                     integral                             32    'h0            
      cover_ena                                     integral                             32    'h0            
--------------------------------------------------------------------------------------------------------------

UVM_INFO D:Xiliÿÿ‚6.1Vivado/data/system_verilog/uvm_1.2/xlnx_uvm_package.sv(20867) @ 0: reporter [UVM/COMP/NAMECHECK] This implementation of the component name checks requires DPI to be enabled
////////////////////////////////////////////////////////////////////////////////////
// Inter-Transaction Progress: Completed Transaction / Total Transaction
// Intra-Transaction Progress: Measured Latency / Latency Estimation * 100%
//
// RTL Simulation : "Inter-Transaction Progress" ["Intra-Transaction Progress"] @ "Simulation Time"
////////////////////////////////////////////////////////////////////////////////////
// RTL Simulation : 0 / 18 [n/a] @ "125000"
// RTL Simulation : 1 / 18 [n/a] @ "845000"
// RTL Simulation : 2 / 18 [n/a] @ "1635000"
// RTL Simulation : 3 / 18 [n/a] @ "2425000"
// RTL Simulation : 4 / 18 [n/a] @ "3215000"
// RTL Simulation : 5 / 18 [n/a] @ "4005000"
// RTL Simulation : 6 / 18 [n/a] @ "4795000"
// RTL Simulation : 7 / 18 [n/a] @ "5585000"
// RTL Simulation : 8 / 18 [n/a] @ "6375000"
// RTL Simulation : 9 / 18 [n/a] @ "54725000"
// RTL Simulation : 10 / 18 [n/a] @ "103015000"
// RTL Simulation : 11 / 18 [n/a] @ "151305000"
// RTL Simulation : 12 / 18 [n/a] @ "199595000"
// RTL Simulation : 13 / 18 [n/a] @ "247885000"
// RTL Simulation : 14 / 18 [n/a] @ "296175000"
// RTL Simulation : 15 / 18 [n/a] @ "344465000"
// RTL Simulation : 16 / 18 [n/a] @ "392755000"
// RTL Simulation : 17 / 18 [n/a] @ "441045000"
// RTL Simulation : 18 / 18 [n/a] @ "489335000"
////////////////////////////////////////////////////////////////////////////////////
$finish called at time : 489545 ns : File "D:\Xilinx\2026.1\Vivado/data/system_verilog/uvm_1.2/xlnx_uvm_package.sv" Line 18699
run: Time (s): cpu = 00:00:00 ; elapsed = 00:00:05 . Memory (MB): peak = 231.703 ; gain = 0.000
## quit
INFO: xsimkernel Simulation Memory Usage: 280208 KB (Peak: 280208 KB), Simulation CPU Usage: 5312 ms
INFO: [Common 17-206] Exiting xsim at Thu Sep 10 23:37:55 2026...
INFO: [COSIM 212-316] Starting C post checking ...
==== tb_rgb2gray: contract docs/interface.md (tolerance = 0) ====
---- [Layer 1] embedded cases (in 10x5 -> out 6x3) ----
  Layer 1: 8 passed, 0 failed
---- [Layer 2] cross-language golden reference (per-pixel) ----
  meta     : in 80x60 -> out 48x36, 10 frames, rgb_bytes=14400, gray_bytes=1728
  Layer 2: 10 passed, 0 failed  (mismatched pixels: 0, header errors: 0)

==== RESULT: PASS ====
INFO [HLS SIM]: The maximum depth reached by any hls::stream() instance in the design is 4800
INFO: [COSIM 212-1000] *** C/RTL co-simulation finished: PASS ***
INFO: [HLS 200-2161] Finished Command cosim_design Elapsed time: 00:00:50; Allocated memory: 14.121 MB.
INFO: [HLS 200-112] Total CPU user time: 3 seconds. Total CPU system time: 3 seconds. Total elapsed time: 80.279 seconds; peak allocated memory: 225.945 MB.
INFO: [vitis-run 60-791] Total elapsed time: 0h 1m 21s
INFO: [vitis-run 60-1662] Stopping dispatch session having empty uuid.
