  **** HLS Build v2026.1 6493734
Sourcing Tcl script 'D:/Desktop/AMD/fpga/run_hls.tcl'
INFO: HLS_IP    = rgb2gray
INFO: source    = src/rgb2gray.cpp
INFO: testbench = sim/tb_rgb2gray.cpp
INFO: [HLS 200-1510] Running: open_component -reset component_rgb2gray -flow_target vivado 
INFO: [HLS 200-10] Creating and opening component 'D:/Desktop/AMD/fpga/component_rgb2gray'.
INFO: [HLS 200-10] Cleaning up the component database.
INFO: [HLS 200-1505] Using flow_target 'vivado'
Resolution: For help on HLS 200-1505 see docs.amd.com/access/sources/dita/topic?Doc_Version=2026.1%20English&url=ug1448-hls-guidance&resourceid=200-1505.html
WARNING: [HLS 200-2149] The 'flow_target' option is deprecated and will be removed in a future release. For 'vivado' value you may simply remove the option for equivalent behavior.
INFO: [HLS 200-2176] Writing Vitis IDE component file D:/Desktop/AMD/fpga/component_rgb2gray/vitis-comp.json
INFO: [HLS 200-1915] Writing HLS config ini file D:/Desktop/AMD/fpga/component_rgb2gray/hls_config.cfg
WARNING: [HLS 200-484] The 'open_component -flow_target' command is deprecated and will be removed in a future release.
INFO: [HLS 200-1510] Running: add_files src/rgb2gray.cpp 
INFO: [HLS 200-10] Adding design file 'src/rgb2gray.cpp' to the project
INFO: [HLS 200-1510] Running: add_files -tb sim/tb_rgb2gray.cpp 
INFO: [HLS 200-10] Adding test bench file 'sim/tb_rgb2gray.cpp' to the project
INFO: [HLS 200-1510] Running: set_top rgb2gray 
INFO: [HLS 200-1510] Running: set_part xc7z020clg400-1 
INFO: [HLS 200-1611] Setting target device to 'xc7z020-clg400-1'
INFO: [HLS 200-1510] Running: create_clock -period 10 
INFO: [SYN 201-201] Setting up clock 'default' with a period of 10ns.
INFO: data dir  = D:/Desktop/AMD/fpga/sim/data_motion
INFO: hls_exec  = 1  (1=csim+csynth, 2=+cosim, 3=+export)
INFO: [HLS 200-1510] Running: csim_design -argv D:/Desktop/AMD/fpga/sim/data_motion 
INFO: [HLS 200-1915] Writing HLS config ini file D:/Desktop/AMD/fpga/component_rgb2gray/hls_config.cfg
INFO: [SIM 211-2] *************** CSIM start ***************
INFO: [HLS 200-2191] C-Simulation will use clang-16 as the compiler
INFO: [HLS 200-2036] Building debug C Simulation binaries
   Compiling ../../../../sim/tb_rgb2gray.cpp in debug mode
   Compiling ../../../../src/rgb2gray.cpp in debug mode
   Generating csim.exe
In file included from ../../../../sim/tb_rgb2gray.cpp:27:
In file included from D:/Xilinx/2026.1/Vitis/include\ap_axi_sdata.h:15:
In file included from D:/Xilinx/2026.1/Vitis/include/ap_int.h:10:
In file included from D:/Xilinx/2026.1/Vitis/include\etc/ap_common.h:668:
In file included from D:/Xilinx/2026.1/Vitis/include\etc/ap_private.h:68:
In file included from D:/Xilinx/2026.1/Vitis/include\hls_half.h:26:
In file included from D:/Xilinx/2026.1/Vitis/include/etc/hls_half_fpo.h:19:
In file included from D:/Xilinx/2026.1/Vitis/include\hls_fpo.h:140:
In file included from D:/Xilinx/2026.1/Vitis/include/floating_point_v7_1_bitacc_cmodel.h:150:
D:/Xilinx/2026.1/Vitis/include\gmp.h:58:9: warning: '__GMP_LIBGMP_DLL' macro redefined [-Wmacro-redefined]
#define __GMP_LIBGMP_DLL  0
        ^
D:/Xilinx/2026.1/Vitis/include/floating_point_v7_1_bitacc_cmodel.h:142:9: note: previous definition is here
#define __GMP_LIBGMP_DLL 1
        ^
1 warning generated.
In file included from ../../../../src/rgb2gray.cpp:42:
In file included from D:/Xilinx/2026.1/Vitis/include\ap_axi_sdata.h:15:
In file included from D:/Xilinx/2026.1/Vitis/include/ap_int.h:10:
In file included from D:/Xilinx/2026.1/Vitis/include\etc/ap_common.h:668:
In file included from D:/Xilinx/2026.1/Vitis/include\etc/ap_private.h:68:
In file included from D:/Xilinx/2026.1/Vitis/include\hls_half.h:26:
In file included from D:/Xilinx/2026.1/Vitis/include/etc/hls_half_fpo.h:19:
In file included from D:/Xilinx/2026.1/Vitis/include\hls_fpo.h:140:
In file included from D:/Xilinx/2026.1/Vitis/include/floating_point_v7_1_bitacc_cmodel.h:150:
D:/Xilinx/2026.1/Vitis/include\gmp.h:58:9: warning: '__GMP_LIBGMP_DLL' macro redefined [-Wmacro-redefined]
#define __GMP_LIBGMP_DLL  0
        ^
D:/Xilinx/2026.1/Vitis/include/floating_point_v7_1_bitacc_cmodel.h:142:9: note: previous definition is here
#define __GMP_LIBGMP_DLL 1
        ^
1 warning generated.
==== tb_rgb2gray: contract docs/interface.md (tolerance = 0) ====
---- [Layer 1] embedded cases (in 10x5 -> out 6x3) ----
  Layer 1: 8 passed, 0 failed
---- [Layer 2] cross-language golden reference (per-pixel) ----
  meta     : in 640x480 -> out 384x288, 10 frames, rgb_bytes=921600, gray_bytes=110592
  Layer 2: 10 passed, 0 failed  (mismatched pixels: 0, header errors: 0)

==== RESULT: PASS ====
INFO [HLS SIM]: The maximum depth reached by any hls::stream() instance in the design is 307200
INFO: [SIM 211-1] CSim done with 0 errors.
INFO: [SIM 211-3] *************** CSIM finish ***************
INFO: [HLS 200-2161] Finished Command csim_design Elapsed time: 00:00:08; Allocated memory: 1.703 MB.
INFO: [HLS 200-1510] Running: csynth_design 
INFO: [HLS 200-1915] Writing HLS config ini file D:/Desktop/AMD/fpga/component_rgb2gray/hls_config.cfg
INFO: [HLS 200-111] Finished File checks and directory preparation: CPU user time: 0 seconds. CPU system time: 0 seconds. Elapsed time: 3.22 seconds; current allocated memory: 156.090 MB.
INFO: [HLS 200-2191] C-Synthesis will use clang-16 as the compiler
INFO: [HLS 200-10] Analyzing design file 'src/rgb2gray.cpp' ... 
INFO: [HLS 200-111] Finished Source Code Analysis and Preprocessing: CPU user time: 0 seconds. CPU system time: 0 seconds. Elapsed time: 4.759 seconds; current allocated memory: 159.047 MB.
INFO: [HLS 200-1995] There were 2,707 instructions in the design after the 'Compile/Link' phase of compilation. See the Design Size Report for more details (D:/Desktop/AMD/fpga/component_rgb2gray/hls/syn/report/csynth_design_size.rpt:2)
INFO: [HLS 200-1995] There were 282 instructions in the design after the 'Unroll/Inline' phase of compilation. See the Design Size Report for more details (D:/Desktop/AMD/fpga/component_rgb2gray/hls/syn/report/csynth_design_size.rpt:2)
INFO: [HLS 200-1995] There were 225 instructions in the design after the 'Unroll/Inline (step 2)' phase of compilation. See the Design Size Report for more details (D:/Desktop/AMD/fpga/component_rgb2gray/hls/syn/report/csynth_design_size.rpt:2)
INFO: [HLS 214-178] Inlining function 'hls::axis<ap_uint<24>, 1ul, 1ul, 1ul, (unsigned char)56, false>::axis()' into 'rgb2gray(hls::stream<hls::axis<ap_uint<24>, 1ul, 1ul, 1ul, (unsigned char)56, false>, 0>&, hls::stream<hls::axis<ap_uint<8>, 1ul, 1ul, 1ul, (unsigned char)56, false>, 0>&, ap_uint<16>, ap_uint<16>, ap_uint<16>&, ap_uint<16>&, ap_uint<32>&, ap_uint<32>&, ap_uint<32>&)' (src/rgb2gray.cpp:60:0)
INFO: [HLS 214-178] Inlining function 'hls::axis<ap_uint<8>, 1ul, 1ul, 1ul, (unsigned char)56, false>::axis()' into 'rgb2gray(hls::stream<hls::axis<ap_uint<24>, 1ul, 1ul, 1ul, (unsigned char)56, false>, 0>&, hls::stream<hls::axis<ap_uint<8>, 1ul, 1ul, 1ul, (unsigned char)56, false>, 0>&, ap_uint<16>, ap_uint<16>, ap_uint<16>&, ap_uint<16>&, ap_uint<32>&, ap_uint<32>&, ap_uint<32>&)' (src/rgb2gray.cpp:60:0)
INFO: [HLS 200-1995] There were 222 instructions in the design after the 'Unroll/Inline (step 3)' phase of compilation. See the Design Size Report for more details (D:/Desktop/AMD/fpga/component_rgb2gray/hls/syn/report/csynth_design_size.rpt:2)
INFO: [HLS 200-1995] There were 189 instructions in the design after the 'Unroll/Inline (step 4)' phase of compilation. See the Design Size Report for more details (D:/Desktop/AMD/fpga/component_rgb2gray/hls/syn/report/csynth_design_size.rpt:2)
INFO: [HLS 200-1995] There were 188 instructions in the design after the 'Array/Struct' phase of compilation. See the Design Size Report for more details (D:/Desktop/AMD/fpga/component_rgb2gray/hls/syn/report/csynth_design_size.rpt:2)
INFO: [HLS 200-1995] There were 188 instructions in the design after the 'Array/Struct (step 2)' phase of compilation. See the Design Size Report for more details (D:/Desktop/AMD/fpga/component_rgb2gray/hls/syn/report/csynth_design_size.rpt:2)
INFO: [HLS 200-1995] There were 188 instructions in the design after the 'Array/Struct (step 3)' phase of compilation. See the Design Size Report for more details (D:/Desktop/AMD/fpga/component_rgb2gray/hls/syn/report/csynth_design_size.rpt:2)
INFO: [HLS 200-1995] There were 188 instructions in the design after the 'Array/Struct (step 4)' phase of compilation. See the Design Size Report for more details (D:/Desktop/AMD/fpga/component_rgb2gray/hls/syn/report/csynth_design_size.rpt:2)
INFO: [HLS 200-1995] There were 302 instructions in the design after the 'Array/Struct (step 5)' phase of compilation. See the Design Size Report for more details (D:/Desktop/AMD/fpga/component_rgb2gray/hls/syn/report/csynth_design_size.rpt:2)
INFO: [HLS 200-1995] There were 298 instructions in the design after the 'Performance' phase of compilation. See the Design Size Report for more details (D:/Desktop/AMD/fpga/component_rgb2gray/hls/syn/report/csynth_design_size.rpt:2)
INFO: [HLS 200-1995] There were 271 instructions in the design after the 'Performance (step 2)' phase of compilation. See the Design Size Report for more details (D:/Desktop/AMD/fpga/component_rgb2gray/hls/syn/report/csynth_design_size.rpt:2)
INFO: [HLS 200-1995] There were 219 instructions in the design after the 'Performance (step 3)' phase of compilation. See the Design Size Report for more details (D:/Desktop/AMD/fpga/component_rgb2gray/hls/syn/report/csynth_design_size.rpt:2)
INFO: [HLS 200-1995] There were 219 instructions in the design after the 'Performance (step 4)' phase of compilation. See the Design Size Report for more details (D:/Desktop/AMD/fpga/component_rgb2gray/hls/syn/report/csynth_design_size.rpt:2)
INFO: [HLS 200-1995] There were 192 instructions in the design after the 'HW Transforms' phase of compilation. See the Design Size Report for more details (D:/Desktop/AMD/fpga/component_rgb2gray/hls/syn/report/csynth_design_size.rpt:2)
INFO: [HLS 200-1995] There were 141 instructions in the design after the 'HW Transforms (step 2)' phase of compilation. See the Design Size Report for more details (D:/Desktop/AMD/fpga/component_rgb2gray/hls/syn/report/csynth_design_size.rpt:2)
INFO: [HLS 200-111] Finished Compiling Optimization and Transform: CPU user time: 0 seconds. CPU system time: 0 seconds. Elapsed time: 7.568 seconds; current allocated memory: 161.320 MB.
INFO: [HLS 200-111] Finished Checking Pragmas: CPU user time: 0 seconds. CPU system time: 0 seconds. Elapsed time: 0.003 seconds; current allocated memory: 161.320 MB.
INFO: [HLS 200-10] Starting code transformations ...
INFO: [HLS 200-111] Finished Standard Transforms: CPU user time: 0 seconds. CPU system time: 0 seconds. Elapsed time: 0.028 seconds; current allocated memory: 166.113 MB.
INFO: [HLS 200-10] Checking synthesizability ...
INFO: [HLS 200-111] Finished Checking Synthesizability: CPU user time: 0 seconds. CPU system time: 0 seconds. Elapsed time: 0.02 seconds; current allocated memory: 167.859 MB.
INFO: [XFORM 203-401] Performing if-conversion on hyperblock from (src/rgb2gray.cpp:86:17) to (src/rgb2gray.cpp:90:22) in function 'rgb2gray'... converting 3 basic blocks.
INFO: [XFORM 203-11] Balancing expressions in function 'rgb2gray' (src/rgb2gray.cpp:51:22)...3 expression(s) balanced.
INFO: [HLS 200-111] Finished Loop, function and other optimizations: CPU user time: 0 seconds. CPU system time: 0 seconds. Elapsed time: 0.049 seconds; current allocated memory: 189.992 MB.
INFO: [HLS 200-111] Finished Architecture Synthesis: CPU user time: 1 seconds. CPU system time: 0 seconds. Elapsed time: 0.054 seconds; current allocated memory: 193.781 MB.
INFO: [HLS 200-2255] Checking Wire Delay Status: Wire Delay Mode is ON
INFO: [HLS 200-10] Starting hardware synthesis ...
INFO: [HLS 200-10] Synthesizing 'rgb2gray' ...
INFO: [HLS 200-10] ----------------------------------------------------------------
INFO: [HLS 200-42] -- Implementing module 'rgb2gray_Pipeline_VITIS_LOOP_90_1' 
INFO: [HLS 200-10] ----------------------------------------------------------------
INFO: [SCHED 204-11] Starting scheduling ...
INFO: [HLS 200-486] Changing DSP latency (root=add_ln108_1) to 3 in order to utilize available DSP registers.
INFO: [HLS 200-486] Changing DSP latency (root=add_ln108) to 3 in order to utilize available DSP registers.
INFO: [SCHED 204-61] Pipelining loop 'VITIS_LOOP_90_1'.
INFO: [HLS 200-1470] Pipelining result : Target II = 1, Final II = 1, Depth = 6, loop 'VITIS_LOOP_90_1'
INFO: [SCHED 204-11] Finished scheduling.
INFO: [HLS 200-111] Finished Scheduling: CPU user time: 0 seconds. CPU system time: 0 seconds. Elapsed time: 0.109 seconds; current allocated memory: 197.613 MB.
INFO: [BIND 205-100] Starting micro-architecture generation ...
INFO: [BIND 205-101] Performing variable lifetime analysis.
INFO: [BIND 205-101] Exploring resource sharing.
INFO: [BIND 205-101] Binding ...
INFO: [BIND 205-100] Finished micro-architecture generation.
INFO: [HLS 200-111] Finished Binding: CPU user time: 0 seconds. CPU system time: 0 seconds. Elapsed time: 0.024 seconds; current allocated memory: 198.652 MB.
INFO: [HLS 200-10] ----------------------------------------------------------------
INFO: [HLS 200-42] -- Implementing module 'rgb2gray' 
INFO: [HLS 200-10] ----------------------------------------------------------------
INFO: [SCHED 204-11] Starting scheduling ...
INFO: [SCHED 204-11] Finished scheduling.
INFO: [HLS 200-111] Finished Scheduling: CPU user time: 0 seconds. CPU system time: 0 seconds. Elapsed time: 0.036 seconds; current allocated memory: 198.738 MB.
INFO: [BIND 205-100] Starting micro-architecture generation ...
INFO: [BIND 205-101] Performing variable lifetime analysis.
INFO: [BIND 205-101] Exploring resource sharing.
INFO: [BIND 205-101] Binding ...
INFO: [BIND 205-100] Finished micro-architecture generation.
INFO: [HLS 200-111] Finished Binding: CPU user time: 0 seconds. CPU system time: 0 seconds. Elapsed time: 1.629 seconds; current allocated memory: 198.781 MB.
INFO: [HLS 200-10] ----------------------------------------------------------------
INFO: [HLS 200-10] -- Generating RTL for module 'rgb2gray_Pipeline_VITIS_LOOP_90_1' 
INFO: [HLS 200-10] ----------------------------------------------------------------
INFO: [HLS 200-1030] Apply Unified Pipeline Control on module 'rgb2gray_Pipeline_VITIS_LOOP_90_1' pipeline 'VITIS_LOOP_90_1' pipeline type 'loop pipeline'
INFO: [RTGEN 206-100] Generating core module 'mac_muladd_8ns_5ns_8ns_13_4_1': 1 instance(s).
INFO: [RTGEN 206-100] Generating core module 'mac_muladd_8ns_7ns_16s_16_4_1': 1 instance(s).
INFO: [RTGEN 206-100] Generating core module 'mul_8ns_9ns_16_1_1': 1 instance(s).
INFO: [RTGEN 206-100] Finished creating RTL model for 'rgb2gray_Pipeline_VITIS_LOOP_90_1'.
INFO: [HLS 200-111] Finished Creating RTL model: CPU user time: 0 seconds. CPU system time: 0 seconds. Elapsed time: 0.059 seconds; current allocated memory: 201.312 MB.
INFO: [HLS 200-10] ----------------------------------------------------------------
INFO: [HLS 200-10] -- Generating RTL for module 'rgb2gray' 
INFO: [HLS 200-10] ----------------------------------------------------------------
WARNING: [RTGEN 206-101] Design contains AXI ports. Reset is fixed to synchronous and active low.
INFO: [RTGEN 206-500] Setting interface mode on port 'rgb2gray/rgb_in_V_data_V' to 'axis' (register, both mode).
INFO: [RTGEN 206-500] Setting interface mode on port 'rgb2gray/rgb_in_V_keep_V' to 'axis' (register, both mode).
INFO: [RTGEN 206-500] Setting interface mode on port 'rgb2gray/rgb_in_V_strb_V' to 'axis' (register, both mode).
INFO: [RTGEN 206-500] Setting interface mode on port 'rgb2gray/rgb_in_V_user_V' to 'axis' (register, both mode).
INFO: [RTGEN 206-500] Setting interface mode on port 'rgb2gray/rgb_in_V_last_V' to 'axis' (register, both mode).
INFO: [RTGEN 206-500] Setting interface mode on port 'rgb2gray/rgb_in_V_id_V' to 'axis' (register, both mode).
INFO: [RTGEN 206-500] Setting interface mode on port 'rgb2gray/rgb_in_V_dest_V' to 'axis' (register, both mode).
INFO: [RTGEN 206-500] Setting interface mode on port 'rgb2gray/gray_out_V_data_V' to 'axis' (register, both mode).
INFO: [RTGEN 206-500] Setting interface mode on port 'rgb2gray/gray_out_V_keep_V' to 'axis' (register, both mode).
INFO: [RTGEN 206-500] Setting interface mode on port 'rgb2gray/gray_out_V_strb_V' to 'axis' (register, both mode).
INFO: [RTGEN 206-500] Setting interface mode on port 'rgb2gray/gray_out_V_user_V' to 'axis' (register, both mode).
INFO: [RTGEN 206-500] Setting interface mode on port 'rgb2gray/gray_out_V_last_V' to 'axis' (register, both mode).
INFO: [RTGEN 206-500] Setting interface mode on port 'rgb2gray/gray_out_V_id_V' to 'axis' (register, both mode).
INFO: [RTGEN 206-500] Setting interface mode on port 'rgb2gray/gray_out_V_dest_V' to 'axis' (register, both mode).
INFO: [RTGEN 206-500] Setting interface mode on port 'rgb2gray/width' to 's_axilite & ap_none'.
INFO: [RTGEN 206-500] Setting interface mode on port 'rgb2gray/height' to 's_axilite & ap_none'.
INFO: [RTGEN 206-500] Setting interface mode on port 'rgb2gray/out_width' to 's_axilite & ap_vld'.
INFO: [RTGEN 206-500] Setting interface mode on port 'rgb2gray/out_height' to 's_axilite & ap_vld'.
INFO: [RTGEN 206-500] Setting interface mode on port 'rgb2gray/pixel_count' to 's_axilite & ap_vld'.
INFO: [RTGEN 206-500] Setting interface mode on port 'rgb2gray/sum_gray' to 's_axilite & ap_vld'.
INFO: [RTGEN 206-500] Setting interface mode on port 'rgb2gray/frame_id' to 's_axilite & ap_vld'.
INFO: [RTGEN 206-500] Setting interface mode on function 'rgb2gray' to 's_axilite & ap_ctrl_hs'.
WARNING: [RTGEN 206-101] Register 'fid' is power-on initialization.
INFO: [RTGEN 206-100] Bundling port 'width', 'height', 'out_width', 'out_height', 'pixel_count', 'sum_gray', 'frame_id' and 'return' to AXI-Lite port ctrl.
INFO: [RTGEN 206-100] Generating core module 'mul_16ns_16ns_32_1_1': 1 instance(s).
INFO: [RTGEN 206-100] Generating core module 'mul_16ns_18ns_33_1_1': 2 instance(s).
INFO: [RTGEN 206-100] Finished creating RTL model for 'rgb2gray'.
INFO: [HLS 200-111] Finished Creating RTL model: CPU user time: 0 seconds. CPU system time: 0 seconds. Elapsed time: 1.978 seconds; current allocated memory: 204.402 MB.
INFO: [HLS 200-111] Finished Generating all RTL models: CPU user time: 0 seconds. CPU system time: 0 seconds. Elapsed time: 0.384 seconds; current allocated memory: 208.867 MB.
INFO: [HLS 200-2225] Wrote inferred directives to file D:/Desktop/AMD/fpga/component_rgb2gray/hls/syn/inferred_directives.ini
INFO: [HLS 200-111] Finished Updating report files: CPU user time: 1 seconds. CPU system time: 0 seconds. Elapsed time: 0.993 seconds; current allocated memory: 213.195 MB.
INFO: [VHDL 208-304] Generating VHDL RTL for rgb2gray.
INFO: [VLOG 209-307] Generating Verilog RTL for rgb2gray.
INFO: [HLS 200-790] **** Loop Constraint Status: All loop constraints were satisfied.
INFO: [HLS 200-789] **** Estimated Fmax: 137.46 MHz
INFO: [HLS 200-2161] Finished Command csynth_design Elapsed time: 00:00:20; Allocated memory: 57.340 MB.
INFO: [HLS 200-112] Total CPU user time: 3 seconds. Total CPU system time: 2 seconds. Total elapsed time: 31.538 seconds; peak allocated memory: 213.293 MB.
INFO: [vitis-run 60-791] Total elapsed time: 0h 0m 32s
INFO: [vitis-run 60-1662] Stopping dispatch session having empty uuid.
