== design_fir_coeffs: N=63, fs=30 Hz, 目标 -3dB 带 0.70~3.50 Hz ==
  指定设计边缘外扩 d=0.00 Hz -> 设计边缘 0.700 / 3.500 Hz

---- 主设计评估 ----
  阶数 N=63（线性相位 I 型），群延迟 31.0 样本 = 1033.3 ms
  Σh(Q15) = 897  (-31.25 dB @DC)   Σ|h| = 55073   峰值系数 = 6101
  累加器上界 |acc| <= 32768 * Σ|h| = 1804632064  (int32 上限 2147483647)  -> 安全 ✅
  实测 -3 dB 点：0.895 / 3.305 Hz   -6 dB 点：0.704 / 3.496 Hz
  通带 [0.70, 3.50] Hz 内：最低 -6.07 dB @3.500 Hz，最高 -0.00 dB @2.090 Hz
  通带（1.0~3.0 Hz 平台）起伏：1.90 dB
  低阻带 [0.02, 0.35] Hz：最差 -16.2 dB @0.350 Hz
  高阻带 [3.85, 15.00] Hz：最差 -16.0 dB @3.850 Hz
  抽样点 (Hz -> dB)： 0.1:-28.4 0.3:-18.3 0.5:-11.0 0.7:-6.1 1.0:-1.9 1.5:-0.1 2.0:-0.0 2.5:-0.0 3.0:-0.6 3.5:-6.1 4.0:-22.9 5.0:-68.0 8.0:-80.2 12.0:-94.5

已写冻结系数表：D:\Desktop\AMD\fpga\src\fir_coeffs_q15.h  (63 个 int16)

---- 对照：把同一阶数 N=63 用到呼吸带 0.1~0.5 Hz @30 Hz ----
  Hamming 过渡带宽 Δf ≈ 3.3/(2πN)·fs = 0.250 Hz；呼吸带宽仅 0.4 Hz
    要把过渡带压到 0.15 Hz，需要 N ≳ 105 阶
    要把过渡带压到 0.10 Hz，需要 N ≳ 158 阶
  ❌ 在 ±0.3 Hz 范围内找不到 -3 dB 边沿（说明通带已被过渡带吃掉）
     直接按设计边缘 0.1/0.5 Hz 出系数时的实测响应：
       0.05 Hz ->    0.1 dB
       0.10 Hz ->    0.0 dB
       0.20 Hz ->   -0.4 dB
       0.30 Hz ->   -1.2 dB
       0.40 Hz ->   -2.2 dB
       0.50 Hz ->   -3.6 dB
       0.60 Hz ->   -5.5 dB
       0.80 Hz ->  -10.7 dB
       1.00 Hz ->  -18.9 dB
  ⚠️ 结论：63 阶在 30 Hz 采样下**无法**实现 0.1~0.5 Hz 的呼吸带通 ——
     过渡带 0.25 Hz 已与整个通带（0.4 Hz）同量级。呼吸带必须靠
     PS 侧降采样（如降到 2 Hz 采样 -> 过渡带 0.02 Hz）后再用同一 IP，
     或对呼吸单独增加阶数/改用 IIR。这是一条**契约级已知限制**。
