  **** HLS Build v2026.1 6493734
Sourcing Tcl script 'D:/Desktop/AMD/fpga/run_hls.tcl'
INFO: HLS_IP    = roi_statistic
INFO: source    = src/roi_statistic.cpp
INFO: testbench = sim/tb_roi_statistic.cpp
INFO: [HLS 200-1510] Running: open_component -reset component_roi_statistic -flow_target vivado 
INFO: [HLS 200-10] Creating and opening component 'D:/Desktop/AMD/fpga/component_roi_statistic'.
INFO: [HLS 200-10] Cleaning up the component database.
INFO: [HLS 200-1505] Using flow_target 'vivado'
Resolution: For help on HLS 200-1505 see docs.amd.com/access/sources/dita/topic?Doc_Version=2026.1%20English&url=ug1448-hls-guidance&resourceid=200-1505.html
WARNING: [HLS 200-2149] The 'flow_target' option is deprecated and will be removed in a future release. For 'vivado' value you may simply remove the option for equivalent behavior.
INFO: [HLS 200-2176] Writing Vitis IDE component file D:/Desktop/AMD/fpga/component_roi_statistic/vitis-comp.json
INFO: [HLS 200-1915] Writing HLS config ini file D:/Desktop/AMD/fpga/component_roi_statistic/hls_config.cfg
WARNING: [HLS 200-484] The 'open_component -flow_target' command is deprecated and will be removed in a future release.
INFO: [HLS 200-1510] Running: add_files src/roi_statistic.cpp 
INFO: [HLS 200-10] Adding design file 'src/roi_statistic.cpp' to the project
INFO: [HLS 200-1510] Running: add_files -tb sim/tb_roi_statistic.cpp 
INFO: [HLS 200-10] Adding test bench file 'sim/tb_roi_statistic.cpp' to the project
INFO: [HLS 200-1510] Running: set_top roi_statistic 
INFO: [HLS 200-1510] Running: set_part xc7z020clg400-1 
INFO: [HLS 200-1611] Setting target device to 'xc7z020-clg400-1'
INFO: [HLS 200-1510] Running: create_clock -period 10 
INFO: [SYN 201-201] Setting up clock 'default' with a period of 10ns.
INFO: data dir  = D:/Desktop/AMD/fpga/sim/data_small
INFO: hls_exec  = 2  (1=csim+csynth, 2=+cosim, 3=+export)
INFO: [HLS 200-1510] Running: csim_design -argv D:/Desktop/AMD/fpga/sim/data_small 
INFO: [HLS 200-1915] Writing HLS config ini file D:/Desktop/AMD/fpga/component_roi_statistic/hls_config.cfg
INFO: [SIM 211-2] *************** CSIM start ***************
INFO: [HLS 200-2191] C-Simulation will use clang-16 as the compiler
INFO: [HLS 200-2036] Building debug C Simulation binaries
   Compiling ../../../../sim/tb_roi_statistic.cpp in debug mode
   Compiling ../../../../src/roi_statistic.cpp in debug mode
   Generating csim.exe
In file included from ../../../../sim/tb_roi_statistic.cpp:38:
In file included from D:/Xilinx/2026.1/Vitis/include\ap_axi_sdata.h:15:
In file included from D:/Xilinx/2026.1/Vitis/include/ap_int.h:10:
In file included from D:/Xilinx/2026.1/Vitis/include\etc/ap_common.h:668:
In file included from D:/Xilinx/2026.1/Vitis/include\etc/ap_private.h:68:
In file included from D:/Xilinx/2026.1/Vitis/include\hls_half.h:26:
In file included from D:/Xilinx/2026.1/Vitis/include/etc/hls_half_fpo.h:19:
In file included from D:/Xilinx/2026.1/Vitis/include\hls_fpo.h:140:
In file included from D:/Xilinx/2026.1/Vitis/include/floating_point_v7_1_bitacc_cmodel.h:150:
D:/Xilinx/2026.1/Vitis/include\gmp.h:58:9: warning: '__GMP_LIBGMP_DLL' macro redefined [-Wmacro-redefined]
#define __GMP_LIBGMP_DLL  0
        ^
D:/Xilinx/2026.1/Vitis/include/floating_point_v7_1_bitacc_cmodel.h:142:9: note: previous definition is here
#define __GMP_LIBGMP_DLL 1
        ^
1 warning generated.
In file included from ../../../../src/roi_statistic.cpp:26:
In file included from D:/Xilinx/2026.1/Vitis/include\ap_axi_sdata.h:15:
In file included from D:/Xilinx/2026.1/Vitis/include/ap_int.h:10:
In file included from D:/Xilinx/2026.1/Vitis/include\etc/ap_common.h:668:
In file included from D:/Xilinx/2026.1/Vitis/include\etc/ap_private.h:68:
In file included from D:/Xilinx/2026.1/Vitis/include\hls_half.h:26:
In file included from D:/Xilinx/2026.1/Vitis/include/etc/hls_half_fpo.h:19:
In file included from D:/Xilinx/2026.1/Vitis/include\hls_fpo.h:140:
In file included from D:/Xilinx/2026.1/Vitis/include/floating_point_v7_1_bitacc_cmodel.h:150:
D:/Xilinx/2026.1/Vitis/include\gmp.h:58:9: warning: '__GMP_LIBGMP_DLL' macro redefined [-Wmacro-redefined]
#define __GMP_LIBGMP_DLL  0
        ^
D:/Xilinx/2026.1/Vitis/include/floating_point_v7_1_bitacc_cmodel.h:142:9: note: previous definition is here
#define __GMP_LIBGMP_DLL 1
        ^
1 warning generated.
==== tb_roi_statistic: contract docs/interface.md (tolerance = 0) ====
---- [Layer 1] embedded boundary cases (8x6) ----
  Layer 1: 28 passed, 0 failed
---- [Layer 2] cross-language golden reference ----
  data dir : D:/Desktop/AMD/fpga/sim/data_small
  meta     : 64x48, 5 frames, 9216 bytes/frame, 45 golden rows
  Layer 2: 45 passed, 0 failed  (pass-through mismatched pixels: 0)

==== RESULT: PASS ====
INFO [HLS SIM]: The maximum depth reached by any hls::stream() instance in the design is 3072
INFO: [SIM 211-1] CSim done with 0 errors.
INFO: [SIM 211-3] *************** CSIM finish ***************
INFO: [HLS 200-2161] Finished Command csim_design Elapsed time: 00:00:05; Allocated memory: 1.742 MB.
INFO: [HLS 200-1510] Running: csynth_design 
INFO: [HLS 200-1915] Writing HLS config ini file D:/Desktop/AMD/fpga/component_roi_statistic/hls_config.cfg
INFO: [HLS 200-111] Finished File checks and directory preparation: CPU user time: 0 seconds. CPU system time: 0 seconds. Elapsed time: 3.214 seconds; current allocated memory: 155.723 MB.
INFO: [HLS 200-2191] C-Synthesis will use clang-16 as the compiler
INFO: [HLS 200-10] Analyzing design file 'src/roi_statistic.cpp' ... 
INFO: [HLS 200-111] Finished Source Code Analysis and Preprocessing: CPU user time: 0 seconds. CPU system time: 0 seconds. Elapsed time: 4.68 seconds; current allocated memory: 158.566 MB.
INFO: [HLS 200-1995] There were 984 instructions in the design after the 'Compile/Link' phase of compilation. See the Design Size Report for more details (D:/Desktop/AMD/fpga/component_roi_statistic/hls/syn/report/csynth_design_size.rpt:2)
INFO: [HLS 200-1995] There were 226 instructions in the design after the 'Unroll/Inline' phase of compilation. See the Design Size Report for more details (D:/Desktop/AMD/fpga/component_roi_statistic/hls/syn/report/csynth_design_size.rpt:2)
INFO: [HLS 200-1995] There were 190 instructions in the design after the 'Unroll/Inline (step 2)' phase of compilation. See the Design Size Report for more details (D:/Desktop/AMD/fpga/component_roi_statistic/hls/syn/report/csynth_design_size.rpt:2)
INFO: [HLS 214-178] Inlining function 'hls::axis<ap_uint<24>, 1ul, 1ul, 1ul, (unsigned char)56, false>::axis()' into 'roi_statistic(hls::stream<hls::axis<ap_uint<24>, 1ul, 1ul, 1ul, (unsigned char)56, false>, 0>&, hls::stream<hls::axis<ap_uint<24>, 1ul, 1ul, 1ul, (unsigned char)56, false>, 0>&, ap_uint<11>, ap_uint<11>, ap_uint<11>, ap_uint<11>, ap_uint<16>, ap_uint<16>, ap_uint<32>&, ap_uint<32>&, ap_uint<32>&, ap_uint<32>&, ap_uint<32>&)' (src/roi_statistic.cpp:45:0)
INFO: [HLS 200-1995] There were 189 instructions in the design after the 'Unroll/Inline (step 3)' phase of compilation. See the Design Size Report for more details (D:/Desktop/AMD/fpga/component_roi_statistic/hls/syn/report/csynth_design_size.rpt:2)
INFO: [HLS 200-1995] There were 189 instructions in the design after the 'Unroll/Inline (step 4)' phase of compilation. See the Design Size Report for more details (D:/Desktop/AMD/fpga/component_roi_statistic/hls/syn/report/csynth_design_size.rpt:2)
INFO: [HLS 200-1995] There were 188 instructions in the design after the 'Array/Struct' phase of compilation. See the Design Size Report for more details (D:/Desktop/AMD/fpga/component_roi_statistic/hls/syn/report/csynth_design_size.rpt:2)
INFO: [HLS 200-1995] There were 188 instructions in the design after the 'Array/Struct (step 2)' phase of compilation. See the Design Size Report for more details (D:/Desktop/AMD/fpga/component_roi_statistic/hls/syn/report/csynth_design_size.rpt:2)
INFO: [HLS 200-1995] There were 188 instructions in the design after the 'Array/Struct (step 3)' phase of compilation. See the Design Size Report for more details (D:/Desktop/AMD/fpga/component_roi_statistic/hls/syn/report/csynth_design_size.rpt:2)
INFO: [HLS 200-1995] There were 188 instructions in the design after the 'Array/Struct (step 4)' phase of compilation. See the Design Size Report for more details (D:/Desktop/AMD/fpga/component_roi_statistic/hls/syn/report/csynth_design_size.rpt:2)
INFO: [HLS 200-1995] There were 341 instructions in the design after the 'Array/Struct (step 5)' phase of compilation. See the Design Size Report for more details (D:/Desktop/AMD/fpga/component_roi_statistic/hls/syn/report/csynth_design_size.rpt:2)
INFO: [HLS 200-1995] There were 334 instructions in the design after the 'Performance' phase of compilation. See the Design Size Report for more details (D:/Desktop/AMD/fpga/component_roi_statistic/hls/syn/report/csynth_design_size.rpt:2)
INFO: [HLS 200-1995] There were 309 instructions in the design after the 'Performance (step 2)' phase of compilation. See the Design Size Report for more details (D:/Desktop/AMD/fpga/component_roi_statistic/hls/syn/report/csynth_design_size.rpt:2)
INFO: [HLS 200-1995] There were 238 instructions in the design after the 'Performance (step 3)' phase of compilation. See the Design Size Report for more details (D:/Desktop/AMD/fpga/component_roi_statistic/hls/syn/report/csynth_design_size.rpt:2)
INFO: [HLS 200-1995] There were 238 instructions in the design after the 'Performance (step 4)' phase of compilation. See the Design Size Report for more details (D:/Desktop/AMD/fpga/component_roi_statistic/hls/syn/report/csynth_design_size.rpt:2)
INFO: [HLS 200-1995] There were 200 instructions in the design after the 'HW Transforms' phase of compilation. See the Design Size Report for more details (D:/Desktop/AMD/fpga/component_roi_statistic/hls/syn/report/csynth_design_size.rpt:2)
INFO: [HLS 200-1995] There were 142 instructions in the design after the 'HW Transforms (step 2)' phase of compilation. See the Design Size Report for more details (D:/Desktop/AMD/fpga/component_roi_statistic/hls/syn/report/csynth_design_size.rpt:2)
INFO: [HLS 200-111] Finished Compiling Optimization and Transform: CPU user time: 0 seconds. CPU system time: 0 seconds. Elapsed time: 8.59 seconds; current allocated memory: 160.789 MB.
INFO: [HLS 200-111] Finished Checking Pragmas: CPU user time: 0 seconds. CPU system time: 0 seconds. Elapsed time: 0.003 seconds; current allocated memory: 160.789 MB.
INFO: [HLS 200-10] Starting code transformations ...
INFO: [HLS 200-111] Finished Standard Transforms: CPU user time: 0 seconds. CPU system time: 0 seconds. Elapsed time: 0.028 seconds; current allocated memory: 165.402 MB.
INFO: [HLS 200-10] Checking synthesizability ...
INFO: [HLS 200-111] Finished Checking Synthesizability: CPU user time: 0 seconds. CPU system time: 0 seconds. Elapsed time: 0.018 seconds; current allocated memory: 167.234 MB.
INFO: [XFORM 203-401] Performing if-conversion on hyperblock from (src/roi_statistic.cpp:77:1) to (src/roi_statistic.cpp:76:22) in function 'roi_statistic'... converting 3 basic blocks.
INFO: [XFORM 203-11] Balancing expressions in function 'roi_statistic' (src/roi_statistic.cpp:32:1)...3 expression(s) balanced.
INFO: [HLS 200-111] Finished Loop, function and other optimizations: CPU user time: 0 seconds. CPU system time: 0 seconds. Elapsed time: 0.059 seconds; current allocated memory: 188.773 MB.
INFO: [HLS 200-111] Finished Architecture Synthesis: CPU user time: 0 seconds. CPU system time: 0 seconds. Elapsed time: 0.059 seconds; current allocated memory: 192.297 MB.
INFO: [HLS 200-2255] Checking Wire Delay Status: Wire Delay Mode is ON
INFO: [HLS 200-10] Starting hardware synthesis ...
INFO: [HLS 200-10] Synthesizing 'roi_statistic' ...
INFO: [HLS 200-10] ----------------------------------------------------------------
INFO: [HLS 200-42] -- Implementing module 'roi_statistic_Pipeline_VITIS_LOOP_76_1' 
INFO: [HLS 200-10] ----------------------------------------------------------------
INFO: [SCHED 204-11] Starting scheduling ...
INFO: [SCHED 204-61] Pipelining loop 'VITIS_LOOP_76_1'.
INFO: [HLS 200-1470] Pipelining result : Target II = 1, Final II = 1, Depth = 2, loop 'VITIS_LOOP_76_1'
INFO: [SCHED 204-11] Finished scheduling.
INFO: [HLS 200-111] Finished Scheduling: CPU user time: 0 seconds. CPU system time: 0 seconds. Elapsed time: 0.124 seconds; current allocated memory: 196.066 MB.
INFO: [BIND 205-100] Starting micro-architecture generation ...
INFO: [BIND 205-101] Performing variable lifetime analysis.
INFO: [BIND 205-101] Exploring resource sharing.
INFO: [BIND 205-101] Binding ...
INFO: [BIND 205-100] Finished micro-architecture generation.
INFO: [HLS 200-111] Finished Binding: CPU user time: 0 seconds. CPU system time: 0 seconds. Elapsed time: 0.027 seconds; current allocated memory: 197.109 MB.
INFO: [HLS 200-10] ----------------------------------------------------------------
INFO: [HLS 200-42] -- Implementing module 'roi_statistic' 
INFO: [HLS 200-10] ----------------------------------------------------------------
INFO: [SCHED 204-11] Starting scheduling ...
INFO: [SCHED 204-11] Finished scheduling.
INFO: [HLS 200-111] Finished Scheduling: CPU user time: 0 seconds. CPU system time: 0 seconds. Elapsed time: 0.036 seconds; current allocated memory: 197.215 MB.
INFO: [BIND 205-100] Starting micro-architecture generation ...
INFO: [BIND 205-101] Performing variable lifetime analysis.
INFO: [BIND 205-101] Exploring resource sharing.
INFO: [BIND 205-101] Binding ...
INFO: [BIND 205-100] Finished micro-architecture generation.
INFO: [HLS 200-111] Finished Binding: CPU user time: 0 seconds. CPU system time: 0 seconds. Elapsed time: 0.021 seconds; current allocated memory: 197.262 MB.
INFO: [HLS 200-10] ----------------------------------------------------------------
INFO: [HLS 200-10] -- Generating RTL for module 'roi_statistic_Pipeline_VITIS_LOOP_76_1' 
INFO: [HLS 200-10] ----------------------------------------------------------------
INFO: [HLS 200-1030] Apply Unified Pipeline Control on module 'roi_statistic_Pipeline_VITIS_LOOP_76_1' pipeline 'VITIS_LOOP_76_1' pipeline type 'loop pipeline'
INFO: [RTGEN 206-100] Finished creating RTL model for 'roi_statistic_Pipeline_VITIS_LOOP_76_1'.
INFO: [HLS 200-111] Finished Creating RTL model: CPU user time: 0 seconds. CPU system time: 0 seconds. Elapsed time: 1.63 seconds; current allocated memory: 199.141 MB.
INFO: [HLS 200-10] ----------------------------------------------------------------
INFO: [HLS 200-10] -- Generating RTL for module 'roi_statistic' 
INFO: [HLS 200-10] ----------------------------------------------------------------
WARNING: [RTGEN 206-101] Design contains AXI ports. Reset is fixed to synchronous and active low.
INFO: [RTGEN 206-500] Setting interface mode on port 'roi_statistic/video_in_V_data_V' to 'axis' (register, both mode).
INFO: [RTGEN 206-500] Setting interface mode on port 'roi_statistic/video_in_V_keep_V' to 'axis' (register, both mode).
INFO: [RTGEN 206-500] Setting interface mode on port 'roi_statistic/video_in_V_strb_V' to 'axis' (register, both mode).
INFO: [RTGEN 206-500] Setting interface mode on port 'roi_statistic/video_in_V_user_V' to 'axis' (register, both mode).
INFO: [RTGEN 206-500] Setting interface mode on port 'roi_statistic/video_in_V_last_V' to 'axis' (register, both mode).
INFO: [RTGEN 206-500] Setting interface mode on port 'roi_statistic/video_in_V_id_V' to 'axis' (register, both mode).
INFO: [RTGEN 206-500] Setting interface mode on port 'roi_statistic/video_in_V_dest_V' to 'axis' (register, both mode).
INFO: [RTGEN 206-500] Setting interface mode on port 'roi_statistic/video_out_V_data_V' to 'axis' (register, both mode).
INFO: [RTGEN 206-500] Setting interface mode on port 'roi_statistic/video_out_V_keep_V' to 'axis' (register, both mode).
INFO: [RTGEN 206-500] Setting interface mode on port 'roi_statistic/video_out_V_strb_V' to 'axis' (register, both mode).
INFO: [RTGEN 206-500] Setting interface mode on port 'roi_statistic/video_out_V_user_V' to 'axis' (register, both mode).
INFO: [RTGEN 206-500] Setting interface mode on port 'roi_statistic/video_out_V_last_V' to 'axis' (register, both mode).
INFO: [RTGEN 206-500] Setting interface mode on port 'roi_statistic/video_out_V_id_V' to 'axis' (register, both mode).
INFO: [RTGEN 206-500] Setting interface mode on port 'roi_statistic/video_out_V_dest_V' to 'axis' (register, both mode).
INFO: [RTGEN 206-500] Setting interface mode on port 'roi_statistic/roi_x0' to 's_axilite & ap_none'.
INFO: [RTGEN 206-500] Setting interface mode on port 'roi_statistic/roi_y0' to 's_axilite & ap_none'.
INFO: [RTGEN 206-500] Setting interface mode on port 'roi_statistic/roi_x1' to 's_axilite & ap_none'.
INFO: [RTGEN 206-500] Setting interface mode on port 'roi_statistic/roi_y1' to 's_axilite & ap_none'.
INFO: [RTGEN 206-500] Setting interface mode on port 'roi_statistic/width' to 's_axilite & ap_none'.
INFO: [RTGEN 206-500] Setting interface mode on port 'roi_statistic/height' to 's_axilite & ap_none'.
INFO: [RTGEN 206-500] Setting interface mode on port 'roi_statistic/sum_r' to 's_axilite & ap_vld'.
INFO: [RTGEN 206-500] Setting interface mode on port 'roi_statistic/sum_g' to 's_axilite & ap_vld'.
INFO: [RTGEN 206-500] Setting interface mode on port 'roi_statistic/sum_b' to 's_axilite & ap_vld'.
INFO: [RTGEN 206-500] Setting interface mode on port 'roi_statistic/count' to 's_axilite & ap_vld'.
INFO: [RTGEN 206-500] Setting interface mode on port 'roi_statistic/frame_id' to 's_axilite & ap_vld'.
INFO: [RTGEN 206-500] Setting interface mode on function 'roi_statistic' to 's_axilite & ap_ctrl_hs'.
WARNING: [RTGEN 206-101] Register 'fid' is power-on initialization.
INFO: [RTGEN 206-100] Bundling port 'roi_x0', 'roi_y0', 'roi_x1', 'roi_y1', 'width', 'height', 'sum_r', 'sum_g', 'sum_b', 'count', 'frame_id' and 'return' to AXI-Lite port ctrl.
INFO: [RTGEN 206-100] Generating core module 'mul_16ns_16ns_32_1_1': 1 instance(s).
INFO: [RTGEN 206-100] Finished creating RTL model for 'roi_statistic'.
INFO: [HLS 200-111] Finished Creating RTL model: CPU user time: 1 seconds. CPU system time: 0 seconds. Elapsed time: 0.178 seconds; current allocated memory: 202.801 MB.
INFO: [HLS 200-111] Finished Generating all RTL models: CPU user time: 0 seconds. CPU system time: 0 seconds. Elapsed time: 0.395 seconds; current allocated memory: 207.016 MB.
INFO: [HLS 200-2225] Wrote inferred directives to file D:/Desktop/AMD/fpga/component_roi_statistic/hls/syn/inferred_directives.ini
INFO: [HLS 200-111] Finished Updating report files: CPU user time: 0 seconds. CPU system time: 1 seconds. Elapsed time: 1.163 seconds; current allocated memory: 211.766 MB.
INFO: [VHDL 208-304] Generating VHDL RTL for roi_statistic.
INFO: [VLOG 209-307] Generating Verilog RTL for roi_statistic.
INFO: [HLS 200-790] **** Loop Constraint Status: All loop constraints were satisfied.
INFO: [HLS 200-789] **** Estimated Fmax: 138.99 MHz
INFO: [HLS 200-2161] Finished Command csynth_design Elapsed time: 00:00:22; Allocated memory: 56.430 MB.
INFO: [HLS 200-1510] Running: cosim_design -rtl verilog -tool auto -argv D:/Desktop/AMD/fpga/sim/data_small 
INFO: [HLS 200-1915] Writing HLS config ini file D:/Desktop/AMD/fpga/component_roi_statistic/hls_config.cfg
INFO: [COSIM 212-47] Using XSIM for RTL simulation.
INFO: [COSIM 212-14] Instrumenting C test bench ...
   Build using "D:/Xilinx/2026.1/Vitis/win64/tools/clang-16/bin/clang++"
   Compiling apatb_roi_statistic.cpp
   Compiling apatb_roi_statistic_util.cpp
   Compiling roi_statistic.cpp_pre.cpp
   Compiling tb_roi_statistic.cpp_pre.cpp
   Compiling apatb_roi_statistic_ir.ll
   Generating cosim.tv.exe
INFO: [COSIM 212-302] Starting C TB testing ... 
==== tb_roi_statistic: contract docs/interface.md (tolerance = 0) ====
---- [Layer 1] embedded boundary cases (8x6) ----
  Layer 1: 28 passed, 0 failed
---- [Layer 2] cross-language golden reference ----
  data dir : D:/Desktop/AMD/fpga/sim/data_small
  meta     : 64x48, 5 frames, 9216 bytes/frame, 45 golden rows
  Layer 2: 45 passed, 0 failed  (pass-through mismatched pixels: 0)

==== RESULT: PASS ====
INFO [HLS SIM]: The maximum depth reached by any hls::stream() instance in the design is 3072
INFO: [COSIM 212-333] Generating C post check test bench ...
INFO: [COSIM 212-12] Generating RTL test bench ...
find not read role field
find not read role field
find not read role field
find not read role field
find not read role field
INFO: [COSIM 212-1] *** C/RTL co-simulation file generation completed. ***
INFO: [COSIM 212-323] Starting verilog simulation. 
INFO: [COSIM 212-15] Starting XSIM ...

D:\Desktop\AMD\fpga\component_roi_statistic\hls\sim\verilog>set PATH= 

D:\Desktop\AMD\fpga\component_roi_statistic\hls\sim\verilog>call D:/Xilinx/2026.1/Vivado/bin/xelab xil_defaultlib.apatb_roi_statistic_top xil_defaultlib.glbl -Oenable_linking_all_libraries -prj roi_statistic.prj -L smartconnect_v1_0 -L axi_protocol_checker_v1_1_12 -L axi_protocol_checker_v1_1_13 -L axis_protocol_checker_v1_1_11 -L axis_protocol_checker_v1_1_12 -L xil_defaultlib -L unisims_ver -L xpm  -L floating_point_v7_1_22 -L floating_point_v7_0_27 --lib "ieee_proposed=./ieee_proposed" -L uvm -relax -i ./svr -i ./axivip -i ./svtb -i ./file_agent -i ./roi_statistic_subsystem  -s roi_statistic  
Vivado Simulator v2026.1
Copyright 1986-2022 Xilinx, Inc. All Rights Reserved.
Copyright 2022-2026 Advanced Micro Devices, Inc. All Rights Reserved.
Running: D:/Xilinx/2026.1/Vivado/bin/unwrapped/win64.o/xelab.exe xil_defaultlib.apatb_roi_statistic_top xil_defaultlib.glbl -Oenable_linking_all_libraries -prj roi_statistic.prj -L smartconnect_v1_0 -L axi_protocol_checker_v1_1_12 -L axi_protocol_checker_v1_1_13 -L axis_protocol_checker_v1_1_11 -L axis_protocol_checker_v1_1_12 -L xil_defaultlib -L unisims_ver -L xpm -L floating_point_v7_1_22 -L floating_point_v7_0_27 --lib ieee_proposed=./ieee_proposed -L uvm -relax -i ./svr -i ./axivip -i ./svtb -i ./file_agent -i ./roi_statistic_subsystem -s roi_statistic 
Multi-threading is on. Using 22 slave threads.
INFO: [VRFC 10-2263] Analyzing SystemVerilog file "D:/Desktop/AMD/fpga/component_roi_statistic/hls/sim/verilog/glbl.v" into library xil_defaultlib
INFO: [VRFC 10-311] analyzing module glbl
INFO: [VRFC 10-2263] Analyzing SystemVerilog file "D:/Desktop/AMD/fpga/component_roi_statistic/hls/sim/verilog/AESL_deadlock_idx0_monitor.v" into library xil_defaultlib
INFO: [VRFC 10-311] analyzing module AESL_deadlock_idx0_monitor
INFO: [VRFC 10-2263] Analyzing SystemVerilog file "D:/Desktop/AMD/fpga/component_roi_statistic/hls/sim/verilog/AESL_deadlock_idx1_monitor.v" into library xil_defaultlib
INFO: [VRFC 10-311] analyzing module AESL_deadlock_idx1_monitor
INFO: [VRFC 10-2263] Analyzing SystemVerilog file "D:/Desktop/AMD/fpga/component_roi_statistic/hls/sim/verilog/AESL_deadlock_kernel_monitor_top.v" into library xil_defaultlib
INFO: [VRFC 10-311] analyzing module AESL_deadlock_kernel_monitor_top
INFO: [VRFC 10-2263] Analyzing SystemVerilog file "D:/Desktop/AMD/fpga/component_roi_statistic/hls/sim/verilog/roi_statistic.autotb.v" into library xil_defaultlib
INFO: [VRFC 10-311] analyzing module apatb_roi_statistic_top
INFO: [VRFC 10-2263] Analyzing SystemVerilog file "D:/Desktop/AMD/fpga/component_roi_statistic/hls/sim/verilog/roi_statistic.v" into library xil_defaultlib
INFO: [VRFC 10-311] analyzing module roi_statistic
INFO: [VRFC 10-2263] Analyzing SystemVerilog file "D:/Desktop/AMD/fpga/component_roi_statistic/hls/sim/verilog/roi_statistic_ctrl_s_axi.v" into library xil_defaultlib
INFO: [VRFC 10-311] analyzing module roi_statistic_ctrl_s_axi
INFO: [VRFC 10-2263] Analyzing SystemVerilog file "D:/Desktop/AMD/fpga/component_roi_statistic/hls/sim/verilog/roi_statistic_flow_control_loop_pipe_sequential_init.v" into library xil_defaultlib
INFO: [VRFC 10-311] analyzing module roi_statistic_flow_control_loop_pipe_sequential_init
INFO: [VRFC 10-2263] Analyzing SystemVerilog file "D:/Desktop/AMD/fpga/component_roi_statistic/hls/sim/verilog/roi_statistic_mul_16ns_16ns_32_1_1.v" into library xil_defaultlib
INFO: [VRFC 10-311] analyzing module roi_statistic_mul_16ns_16ns_32_1_1
INFO: [VRFC 10-2263] Analyzing SystemVerilog file "D:/Desktop/AMD/fpga/component_roi_statistic/hls/sim/verilog/roi_statistic_regslice_both.v" into library xil_defaultlib
INFO: [VRFC 10-311] analyzing module roi_statistic_regslice_both
INFO: [VRFC 10-2263] Analyzing SystemVerilog file "D:/Desktop/AMD/fpga/component_roi_statistic/hls/sim/verilog/roi_statistic_roi_statistic_Pipeline_VITIS_LOOP_76_1.v" into library xil_defaultlib
INFO: [VRFC 10-311] analyzing module roi_statistic_roi_statistic_Pipeline_VITIS_LOOP_76_1
INFO: [VRFC 10-2263] Analyzing SystemVerilog file "D:/Desktop/AMD/fpga/component_roi_statistic/hls/sim/verilog/dataflow_monitor.sv" into library xil_defaultlib
INFO: [VRFC 10-311] analyzing module dataflow_monitor
INFO: [VRFC 10-2263] Analyzing SystemVerilog file "D:/Desktop/AMD/fpga/component_roi_statistic/hls/sim/verilog/file_agent/file_agent_pkg.sv" into library xil_defaultlib
INFO: [VRFC 10-2263] Analyzing SystemVerilog file "D:/Desktop/AMD/fpga/component_roi_statistic/hls/sim/verilog/svr/svr_pkg.sv" into library xil_defaultlib
INFO: [VRFC 10-2263] Analyzing SystemVerilog file "D:/Desktop/AMD/fpga/component_roi_statistic/hls/sim/verilog/svr/svr_if.sv" into library xil_defaultlib
INFO: [VRFC 10-2263] Analyzing SystemVerilog file "D:/Desktop/AMD/fpga/component_roi_statistic/hls/sim/verilog/axivip/axi_pkg.sv" into library xil_defaultlib
INFO: [VRFC 10-2263] Analyzing SystemVerilog file "D:/Desktop/AMD/fpga/component_roi_statistic/hls/sim/verilog/axivip/axi_if.sv" into library xil_defaultlib
INFO: [VRFC 10-2263] Analyzing SystemVerilog file "D:/Desktop/AMD/fpga/component_roi_statistic/hls/sim/verilog/roi_statistic_subsystem/roi_statistic_subsystem_pkg.sv" into library xil_defaultlib
INFO: [VRFC 10-2263] Analyzing SystemVerilog file "D:/Desktop/AMD/fpga/component_roi_statistic/hls/sim/verilog/svtb/misc_interface.sv" into library xil_defaultlib
INFO: [VRFC 10-2263] Analyzing SystemVerilog file "D:/Desktop/AMD/fpga/component_roi_statistic/hls/sim/verilog/svtb/sv_module_top.sv" into library xil_defaultlib
INFO: [VRFC 10-311] analyzing module sv_module_top
Starting static elaboration
Pass Through NonSizing Optimizer
Completed static elaboration
Starting simulation data flow analysis
Completed simulation data flow analysis
Time Resolution for simulation is 1ps
Compiling package xil_defaultlib.$unit_sv_module_top_sv
Compiling package uvm.uvm_pkg
Compiling package std.std
Compiling package xil_defaultlib.svr_pkg
Compiling package xil_defaultlib.file_agent_pkg
Compiling package xil_defaultlib.axi_pkg
Compiling package xil_defaultlib.roi_statistic_subsystem_pkg
Compiling package xil_defaultlib.$unit_dataflow_monitor_sv
Compiling module xil_defaultlib.roi_statistic_flow_control_loop_...
Compiling module xil_defaultlib.roi_statistic_roi_statistic_Pipe...
Compiling module xil_defaultlib.roi_statistic_ctrl_s_axi
Compiling module xil_defaultlib.roi_statistic_mul_16ns_16ns_32_1...
Compiling module xil_defaultlib.roi_statistic_regslice_both(Data...
Compiling module xil_defaultlib.roi_statistic_regslice_both(Data...
Compiling module xil_defaultlib.roi_statistic_regslice_both(Data...
Compiling module xil_defaultlib.roi_statistic
Compiling module xil_defaultlib.misc_interface_default
Compiling module xil_defaultlib.svr_if(DATA_WIDTH=34)
Compiling module xil_defaultlib.axi_if(ADDR_WIDTH=7,STRB_WIDTH=4...
Compiling module xil_defaultlib.sv_module_top
Compiling module xil_defaultlib.AESL_deadlock_idx1_monitor
Compiling module xil_defaultlib.AESL_deadlock_idx0_monitor
Compiling module xil_defaultlib.AESL_deadlock_kernel_monitor_top...
Compiling module xil_defaultlib.nodf_module_intf_default
Compiling module xil_defaultlib.upc_loop_intf(FSM_WIDTH=1)
Compiling module xil_defaultlib.dataflow_monitor_1
Compiling module xil_defaultlib.apatb_roi_statistic_top
Compiling module xil_defaultlib.glbl
Built simulation snapshot roi_statistic

****** xsim v2026.1 (64-bit)
  **** SW Build 6511674 on Tue Jun 16 11:02:23 MDT 2026
  **** IP Build 6504888 on Tue Jun 09 09:05:25 MDT 2026
  **** SharedData Build 6501428 on Mon Jun 08 17:34:18 MDT 2026
  **** Start of session at: Thu Sep 10 23:39:07 2026
    ** Copyright 1986-2022 Xilinx, Inc. All Rights Reserved.
    ** Copyright 2022-2026 Advanced Micro Devices, Inc. All Rights Reserved.

source xsim.dir/roi_statistic/xsim_script.tcl
# xsim {roi_statistic} -testplusarg UVM_VERBOSITY=UVM_NONE -testplusarg UVM_TESTNAME=roi_statistic_test_lib -testplusarg UVM_TIMEOUT=20000000000000 -autoloadwcfg -tclbatch {roi_statistic.tcl}
Time resolution is 1 ps
source roi_statistic.tcl
## run all
UVM_INFO D:Xiliÿÿ‚6.1Vivado/data/system_verilog/uvm_1.2/xlnx_uvm_package.sv(18601) @ 0: reporter [UVM/RELNOTES] 
----------------------------------------------------------------
UVM-1.2
(C) 2007-2014 Mentor Graphics Corporation
(C) 2007-2014 Cadence Design Systems, Inc.
(C) 2006-2014 Synopsys, Inc.
(C) 2011-2013 Cypress Semiconductor Corp.
(C) 2013-2014 NVIDIA Corporation
----------------------------------------------------------------

  ***********       IMPORTANT RELEASE NOTES         ************

  You are using a version of the UVM library that has been compiled
  with `UVM_NO_DEPRECATED undefined.

  You are using a version of the UVM library that has been compiled
  with `UVM_OBJECT_DO_NOT_NEED_CONSTRUCTOR undefined.

      (Specify +UVM_NO_RELNOTES to turn off this notice)

UVM_INFO D:Xiliÿÿ‚6.1Vivado/data/system_verilog/uvm_1.2/xlnx_uvm_package.sv(18648) @ 0: reporter [NO_DPI_TSTNAME] UVM_NO_DPI defined--getting UVM_TESTNAME directly, without DPI
UVM_INFO D:Xiliÿÿ‚6.1Vivado/data/system_verilog/uvm_1.2/xlnx_uvm_package.sv(18752) @ 0: reporter [UVMTOP] UVM testbench topology:
-----------------------------------------------------------------------------------------------------------------
Name                                                  Type                                  Size  Value          
-----------------------------------------------------------------------------------------------------------------
uvm_test_top                                          roi_statistic_test_lib                -     @370           
  top_env                                             roi_statistic_env                     -     @381           
    axi_lite_ctrl                                     uvm_env                               -     @428           
      item_rtr_port                                   uvm_analysis_port                     -     @447           
      item_wtr_port                                   uvm_analysis_port                     -     @437           
      master                                          uvm_agent                             -     @840           
        ardrv                                         uvm_driver #(REQ,RSP)                 -     @1515          
          item_read_imp                               uvm_analysis_port                     -     @1544          
          rsp_port                                    uvm_analysis_port                     -     @1534          
          seq_item_port                               uvm_seq_item_pull_port                -     @1524          
          m_num_sent                                  integral                              32    'h0            
        arsqr                                         axi_sequencer                         -     @1554          
          rsp_export                                  uvm_analysis_export                   -     @1563          
          seq_item_export                             uvm_seq_item_pull_imp                 -     @1681          
          arbitration_queue                           array                                 0     -              
          lock_queue                                  array                                 0     -              
          num_last_reqs                               integral                              32    'd1            
          num_last_rsps                               integral                              32    'd1            
        awdrv                                         uvm_driver #(REQ,RSP)                 -     @987           
          item_read_imp                               uvm_analysis_port                     -     @1016          
          rsp_port                                    uvm_analysis_port                     -     @1006          
          seq_item_port                               uvm_seq_item_pull_port                -     @996           
          m_num_sent                                  integral                              32    'h0            
        awsqr                                         axi_sequencer                         -     @1026          
          rsp_export                                  uvm_analysis_export                   -     @1035          
          seq_item_export                             uvm_seq_item_pull_imp                 -     @1153          
          arbitration_queue                           array                                 0     -              
          lock_queue                                  array                                 0     -              
          num_last_reqs                               integral                              32    'd1            
          num_last_rsps                               integral                              32    'd1            
        bdrv                                          uvm_driver #(REQ,RSP)                 -     @1339          
          item_read_imp                               uvm_analysis_port                     -     @1368          
          rsp_port                                    uvm_analysis_port                     -     @1358          
          seq_item_port                               uvm_seq_item_pull_port                -     @1348          
          m_num_sent                                  integral                              32    'h0            
        bsqr                                          axi_sequencer                         -     @1378          
          rsp_export                                  uvm_analysis_export                   -     @1387          
          seq_item_export                             uvm_seq_item_pull_imp                 -     @1505          
          arbitration_queue                           array                                 0     -              
          lock_queue                                  array                                 0     -              
          num_last_reqs                               integral                              32    'd1            
          num_last_rsps                               integral                              32    'd1            
        rdrv                                          uvm_driver #(REQ,RSP)                 -     @1691          
          item_read_imp                               uvm_analysis_port                     -     @1720          
          rsp_port                                    uvm_analysis_port                     -     @1710          
          seq_item_port                               uvm_seq_item_pull_port                -     @1700          
          m_num_sent                                  integral                              32    'h0            
        rsqr                                          axi_sequencer                         -     @1730          
          rsp_export                                  uvm_analysis_export                   -     @1739          
          seq_item_export                             uvm_seq_item_pull_imp                 -     @1857          
          arbitration_queue                           array                                 0     -              
          lock_queue                                  array                                 0     -              
          num_last_reqs                               integral                              32    'd1            
          num_last_rsps                               integral                              32    'd1            
        wdrv                                          uvm_driver #(REQ,RSP)                 -     @1163          
          item_read_imp                               uvm_analysis_port                     -     @1192          
          rsp_port                                    uvm_analysis_port                     -     @1182          
          seq_item_port                               uvm_seq_item_pull_port                -     @1172          
          m_num_sent                                  integral                              32    'h0            
        wsqr                                          axi_sequencer                         -     @1202          
          rsp_export                                  uvm_analysis_export                   -     @1211          
          seq_item_export                             uvm_seq_item_pull_imp                 -     @1329          
          arbitration_queue                           array                                 0     -              
          lock_queue                                  array                                 0     -              
          num_last_reqs                               integral                              32    'd1            
          num_last_rsps                               integral                              32    'd1            
      monitor                                         uvm_monitor                           -     @662           
        item_ar2r_port                                uvm_analysis_port                     -     @731           
        item_ar_port                                  uvm_analysis_port                     -     @701           
        item_aw2b_port                                uvm_analysis_port                     -     @721           
        item_aw_port                                  uvm_analysis_port                     -     @671           
        item_b_port                                   uvm_analysis_port                     -     @691           
        item_r_port                                   uvm_analysis_port                     -     @711           
        item_w_port                                   uvm_analysis_port                     -     @681           
        checks_enable                                 integral                              1     'h1            
        coverage_enable                               integral                              1     'h1            
      state                                           axi_state                             -     @741           
        ar2r_imp                                      uvm_analysis_imp_ar2r                 -     @810           
        ar_imp                                        uvm_analysis_imp_ar                   -     @780           
        aw2b_imp                                      uvm_analysis_imp_aw2b                 -     @800           
        aw_imp                                        uvm_analysis_imp_aw                   -     @750           
        b_imp                                         uvm_analysis_imp_b                    -     @770           
        item_rtr_port                                 uvm_analysis_port                     -     @830           
        item_wtr_port                                 uvm_analysis_port                     -     @820           
        r_imp                                         uvm_analysis_imp_r                    -     @790           
        w_imp                                         uvm_analysis_imp_w                    -     @760           
        avg_rate                                      integral                              32    'h0            
        exp_rate                                      integral                              32    'h0            
        win_size                                      integral                              32    'h0            
        bqnum_for_slaseq                              integral                              32    'h0            
        rq_from_model_num                             integral                              32    'h0            
      vsqr                                            axi_virtual_sequencer                 -     @849           
        rsp_export                                    uvm_analysis_export                   -     @858           
        seq_item_export                               uvm_seq_item_pull_imp                 -     @976           
        arbitration_queue                             array                                 0     -              
        lock_queue                                    array                                 0     -              
        num_last_reqs                                 integral                              32    'd1            
        num_last_rsps                                 integral                              32    'd1            
      cfg                                             axi_cfg                               -     @400           
        has_checker                                   integral                              1     'h1            
        has_coverage                                  integral                              1     'h1            
        id_num                                        integral                              32    'h1            
        reset_level                                   reset_level_enum                      32    RESET_LEVEL_LOW
        drv_type                                      drv_type_enum                         32    MASTER         
        write_latency_mode                            latency_mode_enum                     32    CHANNEL_FIRST  
        read_latency_mode                             latency_mode_enum                     32    CHANNEL_FIRST  
        clatency                                      axi_latency                           -     @424           
          wr_latency                                  integral                              32    'h0            
          rd_latency                                  integral                              32    'h0            
    env_master_svr_video_in                           uvm_env                               -     @401           
      m_agt                                           uvm_agent                             -     @1935          
        drv                                           uvm_driver #(REQ,RSP)                 -     @2083          
          rsp_port                                    uvm_analysis_port                     -     @2102          
          seq_item_port                               uvm_seq_item_pull_port                -     @2092          
        mon                                           uvm_monitor                           -     @2112          
          item_collect_port                           uvm_analysis_port                     -     @2123          
        sqr                                           uvm_sequencer                         -     @1946          
          rsp_export                                  uvm_analysis_export                   -     @1955          
          seq_item_export                             uvm_seq_item_pull_imp                 -     @2073          
          arbitration_queue                           array                                 0     -              
          lock_queue                                  array                                 0     -              
          num_last_reqs                               integral                              32    'd1            
          num_last_rsps                               integral                              32    'd1            
    env_slave_svr_video_out                           uvm_env                               -     @414           
      s_agt                                           uvm_agent                             -     @2141          
        drv                                           uvm_driver #(REQ,RSP)                 -     @2289          
          rsp_port                                    uvm_analysis_port                     -     @2308          
          seq_item_port                               uvm_seq_item_pull_port                -     @2298          
        mon                                           uvm_monitor                           -     @2318          
          item_collect_port                           uvm_analysis_port                     -     @2329          
        sqr                                           uvm_sequencer                         -     @2152          
          rsp_export                                  uvm_analysis_export                   -     @2161          
          seq_item_export                             uvm_seq_item_pull_imp                 -     @2279          
          arbitration_queue                           array                                 0     -              
          lock_queue                                  array                                 0     -              
          num_last_reqs                               integral                              32    'd1            
          num_last_rsps                               integral                              32    'd1            
    refm                                              roi_statistic_reference_model         -     @457           
      trans_num_idx                                   integral                              32    'h0            
    roi_statistic_virtual_sqr                         roi_statistic_virtual_sequencer       -     @519           
      rsp_export                                      uvm_analysis_export                   -     @528           
      seq_item_export                                 uvm_seq_item_pull_imp                 -     @646           
      arbitration_queue                               array                                 0     -              
      lock_queue                                      array                                 0     -              
      num_last_reqs                                   integral                              32    'd1            
      num_last_rsps                                   integral                              32    'd1            
    subsys_mon                                        roi_statistic_subsystem_monitor       -     @470           
      ctrl_rtr_imp                                    uvm_analysis_imp_axi_rtr_ctrl         -     @509           
      ctrl_wtr_imp                                    uvm_analysis_imp_axi_wtr_ctrl         -     @499           
      scbd                                            roi_statistic_scoreboard              -     @2356          
        refm                                          roi_statistic_reference_model         -     @457           
          trans_num_idx                               integral                              32    'h0            
        file_rd_TVOUT_transaction_size                <unknown>                             -     @2366          
          TV_FILE                                     string                                0     ""             
          fp                                          integral                              32    'hxxxxxxxx     
          TV_FILE_num                                 integral                              32    'h0            
          HEX_read                                    integral                              32    'h0            
          DEC_read                                    integral                              32    'h0            
          is_binary                                   integral                              32    'h0            
          TV_FILE_COMPARE                             string                                0     ""             
          fp_compare                                  integral                              32    'hxxxxxxxx     
        TVOUT_transaction_size_queue                  da(integral)                          0     -              
        file_wr_port_video_out_video_out_TDATA        <unknown>                             -     @2367          
          TV_FILE                                     string                                0     ""             
          fp                                          integral                              32    'hxxxxxxxx     
          file_open                                   integral                              32    'h0            
          write_file_done                             integral                              32    'h0            
          write_section_done                          integral                              32    'h0            
          TRANSACTION_NUM                             integral                              32    'h0            
          transaction_num_idx                         integral                              32    'h0            
          TRANSACTION_DEPTH                           integral                              32    'h0            
          TRANSACTION_DEPTH_queue                     da(integral)                          0     -              
          TRANSACTION_DEPTH_queue_for_depth_check     da(integral)                          0     -              
          transaction_depth_idx                       integral                              32    'h0            
          ap_done_num_idx                             integral                              32    'h0            
          is_binary                                   integral                              32    'h0            
        write_file_done_video_out_video_out_TDATA     integral                              32    'h0            
        write_section_done_video_out_video_out_TDATA  integral                              32    'h0            
        file_wr_port_video_out_video_out_TKEEP        <unknown>                             -     @2368          
          TV_FILE                                     string                                0     ""             
          fp                                          integral                              32    'hxxxxxxxx     
          file_open                                   integral                              32    'h0            
          write_file_done                             integral                              32    'h0            
          write_section_done                          integral                              32    'h0            
          TRANSACTION_NUM                             integral                              32    'h0            
          transaction_num_idx                         integral                              32    'h0            
          TRANSACTION_DEPTH                           integral                              32    'h0            
          TRANSACTION_DEPTH_queue                     da(integral)                          0     -              
          TRANSACTION_DEPTH_queue_for_depth_check     da(integral)                          0     -              
          transaction_depth_idx                       integral                              32    'h0            
          ap_done_num_idx                             integral                              32    'h0            
          is_binary                                   integral                              32    'h0            
        write_file_done_video_out_video_out_TKEEP     integral                              32    'h0            
        write_section_done_video_out_video_out_TKEEP  integral                              32    'h0            
        file_wr_port_video_out_video_out_TSTRB        <unknown>                             -     @2369          
          TV_FILE                                     string                                0     ""             
          fp                                          integral                              32    'hxxxxxxxx     
          file_open                                   integral                              32    'h0            
          write_file_done                             integral                              32    'h0            
          write_section_done                          integral                              32    'h0            
          TRANSACTION_NUM                             integral                              32    'h0            
          transaction_num_idx                         integral                              32    'h0            
          TRANSACTION_DEPTH                           integral                              32    'h0            
          TRANSACTION_DEPTH_queue                     da(integral)                          0     -              
          TRANSACTION_DEPTH_queue_for_depth_check     da(integral)                          0     -              
          transaction_depth_idx                       integral                              32    'h0            
          ap_done_num_idx                             integral                              32    'h0            
          is_binary                                   integral                              32    'h0            
        write_file_done_video_out_video_out_TSTRB     integral                              32    'h0            
        write_section_done_video_out_video_out_TSTRB  integral                              32    'h0            
        file_wr_port_video_out_video_out_TUSER        <unknown>                             -     @2370          
          TV_FILE                                     string                                0     ""             
          fp                                          integral                              32    'hxxxxxxxx     
          file_open                                   integral                              32    'h0            
          write_file_done                             integral                              32    'h0            
          write_section_done                          integral                              32    'h0            
          TRANSACTION_NUM                             integral                              32    'h0            
          transaction_num_idx                         integral                              32    'h0            
          TRANSACTION_DEPTH                           integral                              32    'h0            
          TRANSACTION_DEPTH_queue                     da(integral)                          0     -              
          TRANSACTION_DEPTH_queue_for_depth_check     da(integral)                          0     -              
          transaction_depth_idx                       integral                              32    'h0            
          ap_done_num_idx                             integral                              32    'h0            
          is_binary                                   integral                              32    'h0            
        write_file_done_video_out_video_out_TUSER     integral                              32    'h0            
        write_section_done_video_out_video_out_TUSER  integral                              32    'h0            
        file_wr_port_video_out_video_out_TLAST        <unknown>                             -     @2371          
          TV_FILE                                     string                                0     ""             
          fp                                          integral                              32    'hxxxxxxxx     
          file_open                                   integral                              32    'h0            
          write_file_done                             integral                              32    'h0            
          write_section_done                          integral                              32    'h0            
          TRANSACTION_NUM                             integral                              32    'h0            
          transaction_num_idx                         integral                              32    'h0            
          TRANSACTION_DEPTH                           integral                              32    'h0            
          TRANSACTION_DEPTH_queue                     da(integral)                          0     -              
          TRANSACTION_DEPTH_queue_for_depth_check     da(integral)                          0     -              
          transaction_depth_idx                       integral                              32    'h0            
          ap_done_num_idx                             integral                              32    'h0            
          is_binary                                   integral                              32    'h0            
        write_file_done_video_out_video_out_TLAST     integral                              32    'h0            
        write_section_done_video_out_video_out_TLAST  integral                              32    'h0            
        file_wr_port_video_out_video_out_TID          <unknown>                             -     @2372          
          TV_FILE                                     string                                0     ""             
          fp                                          integral                              32    'hxxxxxxxx     
          file_open                                   integral                              32    'h0            
          write_file_done                             integral                              32    'h0            
          write_section_done                          integral                              32    'h0            
          TRANSACTION_NUM                             integral                              32    'h0            
          transaction_num_idx                         integral                              32    'h0            
          TRANSACTION_DEPTH                           integral                              32    'h0            
          TRANSACTION_DEPTH_queue                     da(integral)                          0     -              
          TRANSACTION_DEPTH_queue_for_depth_check     da(integral)                          0     -              
          transaction_depth_idx                       integral                              32    'h0            
          ap_done_num_idx                             integral                              32    'h0            
          is_binary                                   integral                              32    'h0            
        write_file_done_video_out_video_out_TID       integral                              32    'h0            
        write_section_done_video_out_video_out_TID    integral                              32    'h0            
        file_wr_port_video_out_video_out_TDEST        <unknown>                             -     @2373          
          TV_FILE                                     string                                0     ""             
          fp                                          integral                              32    'hxxxxxxxx     
          file_open                                   integral                              32    'h0            
          write_file_done                             integral                              32    'h0            
          write_section_done                          integral                              32    'h0            
          TRANSACTION_NUM                             integral                              32    'h0            
          transaction_num_idx                         integral                              32    'h0            
          TRANSACTION_DEPTH                           integral                              32    'h0            
          TRANSACTION_DEPTH_queue                     da(integral)                          0     -              
          TRANSACTION_DEPTH_queue_for_depth_check     da(integral)                          0     -              
          transaction_depth_idx                       integral                              32    'h0            
          ap_done_num_idx                             integral                              32    'h0            
          is_binary                                   integral                              32    'h0            
        write_file_done_video_out_video_out_TDEST     integral                              32    'h0            
        write_section_done_video_out_video_out_TDEST  integral                              32    'h0            
      svr_master_video_in_imp                         uvm_analysis_imp_svr_master_video_in  -     @479           
      svr_slave_video_out_imp                         uvm_analysis_imp_svr_slave_video_out  -     @489           
    env_master_svr_video_in                           uvm_env                               -     @401           
    env_slave_svr_video_out                           uvm_env                               -     @414           
    refm                                              roi_statistic_reference_model         -     @457           
    roi_statistic_virtual_sqr                         roi_statistic_virtual_sequencer       -     @519           
    roi_statistic_cfg                                 roi_statistic_config                  -     @395           
      port_video_in_cfg                               svr_config                            -     @396           
        svr_type                                      svr_inst_type                         32    SVR_MASTER     
        prt_type                                      svr_protocol_type                     32    AXIS           
        is_active                                     svr_active_passive_enum               1     SVR_ACTIVE     
        reset_level                                   svr_reset_level_enum                  1     RESET_LEVEL_LOW
        spec_cfg                                      svr_spec_cfg_enum                     32    NORMAL         
        clatency                                      svr_latency                           -     @397           
          transfer_latency                            integral                              32    'h0            
      port_video_out_cfg                              svr_config                            -     @398           
        svr_type                                      svr_inst_type                         32    SVR_SLAVE      
        prt_type                                      svr_protocol_type                     32    AXIS           
        is_active                                     svr_active_passive_enum               1     SVR_ACTIVE     
        reset_level                                   svr_reset_level_enum                  1     RESET_LEVEL_LOW
        spec_cfg                                      svr_spec_cfg_enum                     32    NORMAL         
        clatency                                      svr_latency                           -     @399           
          transfer_latency                            integral                              32    'h0            
      ctrl_cfg                                        axi_cfg                               -     @400           
        has_checker                                   integral                              1     'h1            
        has_coverage                                  integral                              1     'h1            
        id_num                                        integral                              32    'h1            
        reset_level                                   reset_level_enum                      32    RESET_LEVEL_LOW
        drv_type                                      drv_type_enum                         32    MASTER         
        write_latency_mode                            latency_mode_enum                     32    CHANNEL_FIRST  
        read_latency_mode                             latency_mode_enum                     32    CHANNEL_FIRST  
        clatency                                      axi_latency                           -     @424           
          wr_latency                                  integral                              32    'h0            
          rd_latency                                  integral                              32    'h0            
      check_ena                                       integral                              32    'h0            
      cover_ena                                       integral                              32    'h0            
-----------------------------------------------------------------------------------------------------------------

UVM_INFO D:Xiliÿÿ‚6.1Vivado/data/system_verilog/uvm_1.2/xlnx_uvm_package.sv(20867) @ 0: reporter [UVM/COMP/NAMECHECK] This implementation of the component name checks requires DPI to be enabled
////////////////////////////////////////////////////////////////////////////////////
// Inter-Transaction Progress: Completed Transaction / Total Transaction
// Intra-Transaction Progress: Measured Latency / Latency Estimation * 100%
//
// RTL Simulation : "Inter-Transaction Progress" ["Intra-Transaction Progress"] @ "Simulation Time"
////////////////////////////////////////////////////////////////////////////////////
// RTL Simulation : 0 / 73 [n/a] @ "125000"
// RTL Simulation : 1 / 73 [n/a] @ "895000"
// RTL Simulation : 2 / 73 [n/a] @ "1735000"
// RTL Simulation : 3 / 73 [n/a] @ "2575000"
// RTL Simulation : 4 / 73 [n/a] @ "3415000"
// RTL Simulation : 5 / 73 [n/a] @ "4255000"
// RTL Simulation : 6 / 73 [n/a] @ "5095000"
// RTL Simulation : 7 / 73 [n/a] @ "5905000"
// RTL Simulation : 8 / 73 [n/a] @ "6745000"
// RTL Simulation : 9 / 73 [n/a] @ "7585000"
// RTL Simulation : 10 / 73 [n/a] @ "8425000"
// RTL Simulation : 11 / 73 [n/a] @ "9265000"
// RTL Simulation : 12 / 73 [n/a] @ "10105000"
// RTL Simulation : 13 / 73 [n/a] @ "10945000"
// RTL Simulation : 14 / 73 [n/a] @ "11755000"
// RTL Simulation : 15 / 73 [n/a] @ "12595000"
// RTL Simulation : 16 / 73 [n/a] @ "13435000"
// RTL Simulation : 17 / 73 [n/a] @ "14275000"
// RTL Simulation : 18 / 73 [n/a] @ "15115000"
// RTL Simulation : 19 / 73 [n/a] @ "15955000"
// RTL Simulation : 20 / 73 [n/a] @ "16795000"
// RTL Simulation : 21 / 73 [n/a] @ "17605000"
// RTL Simulation : 22 / 73 [n/a] @ "18445000"
// RTL Simulation : 23 / 73 [n/a] @ "19285000"
// RTL Simulation : 24 / 73 [n/a] @ "20125000"
// RTL Simulation : 25 / 73 [n/a] @ "20965000"
// RTL Simulation : 26 / 73 [n/a] @ "21805000"
// RTL Simulation : 27 / 73 [n/a] @ "22645000"
// RTL Simulation : 28 / 73 [n/a] @ "23455000"
// RTL Simulation : 29 / 73 [n/a] @ "54595000"
// RTL Simulation : 30 / 73 [n/a] @ "85555000"
// RTL Simulation : 31 / 73 [n/a] @ "116515000"
// RTL Simulation : 32 / 73 [n/a] @ "147475000"
// RTL Simulation : 33 / 73 [n/a] @ "178435000"
// RTL Simulation : 34 / 73 [n/a] @ "209515000"
// RTL Simulation : 35 / 73 [n/a] @ "240475000"
// RTL Simulation : 36 / 73 [n/a] @ "271435000"
// RTL Simulation : 37 / 73 [n/a] @ "302395000"
// RTL Simulation : 38 / 73 [n/a] @ "333355000"
// RTL Simulation : 39 / 73 [n/a] @ "364435000"
// RTL Simulation : 40 / 73 [n/a] @ "395395000"
// RTL Simulation : 41 / 73 [n/a] @ "426355000"
// RTL Simulation : 42 / 73 [n/a] @ "457315000"
// RTL Simulation : 43 / 73 [n/a] @ "488275000"
// RTL Simulation : 44 / 73 [n/a] @ "519355000"
// RTL Simulation : 45 / 73 [n/a] @ "550315000"
// RTL Simulation : 46 / 73 [n/a] @ "581275000"
// RTL Simulation : 47 / 73 [n/a] @ "612235000"
// RTL Simulation : 48 / 73 [n/a] @ "643195000"
// RTL Simulation : 49 / 73 [n/a] @ "674275000"
// RTL Simulation : 50 / 73 [n/a] @ "705235000"
// RTL Simulation : 51 / 73 [n/a] @ "736195000"
// RTL Simulation : 52 / 73 [n/a] @ "767155000"
// RTL Simulation : 53 / 73 [n/a] @ "798115000"
// RTL Simulation : 54 / 73 [n/a] @ "829195000"
// RTL Simulation : 55 / 73 [n/a] @ "860155000"
// RTL Simulation : 56 / 73 [n/a] @ "891115000"
// RTL Simulation : 57 / 73 [n/a] @ "922075000"
// RTL Simulation : 58 / 73 [n/a] @ "953035000"
// RTL Simulation : 59 / 73 [n/a] @ "984115000"
// RTL Simulation : 60 / 73 [n/a] @ "1015075000"
// RTL Simulation : 61 / 73 [n/a] @ "1046035000"
// RTL Simulation : 62 / 73 [n/a] @ "1076995000"
// RTL Simulation : 63 / 73 [n/a] @ "1107955000"
// RTL Simulation : 64 / 73 [n/a] @ "1139035000"
// RTL Simulation : 65 / 73 [n/a] @ "1169995000"
// RTL Simulation : 66 / 73 [n/a] @ "1200955000"
// RTL Simulation : 67 / 73 [n/a] @ "1231915000"
// RTL Simulation : 68 / 73 [n/a] @ "1262875000"
// RTL Simulation : 69 / 73 [n/a] @ "1293955000"
// RTL Simulation : 70 / 73 [n/a] @ "1324915000"
// RTL Simulation : 71 / 73 [n/a] @ "1355875000"
// RTL Simulation : 72 / 73 [n/a] @ "1386835000"
// RTL Simulation : 73 / 73 [n/a] @ "1417795000"
////////////////////////////////////////////////////////////////////////////////////
$finish called at time : 1418005 ns : File "D:\Xilinx\2026.1\Vivado/data/system_verilog/uvm_1.2/xlnx_uvm_package.sv" Line 18699
run: Time (s): cpu = 00:00:00 ; elapsed = 00:00:21 . Memory (MB): peak = 233.395 ; gain = 0.000
## quit
INFO: xsimkernel Simulation Memory Usage: 1020356 KB (Peak: 1020356 KB), Simulation CPU Usage: 20624 ms
INFO: [Common 17-206] Exiting xsim at Thu Sep 10 23:39:30 2026...
INFO: [COSIM 212-316] Starting C post checking ...
==== tb_roi_statistic: contract docs/interface.md (tolerance = 0) ====
---- [Layer 1] embedded boundary cases (8x6) ----
  Layer 1: 28 passed, 0 failed
---- [Layer 2] cross-language golden reference ----
  data dir : D:/Desktop/AMD/fpga/sim/data_small
  meta     : 64x48, 5 frames, 9216 bytes/frame, 45 golden rows
  Layer 2: 45 passed, 0 failed  (pass-through mismatched pixels: 0)

==== RESULT: PASS ====
INFO [HLS SIM]: The maximum depth reached by any hls::stream() instance in the design is 3072
INFO: [COSIM 212-1000] *** C/RTL co-simulation finished: PASS ***
INFO: [HLS 200-2161] Finished Command cosim_design Elapsed time: 00:01:03; Allocated memory: 14.090 MB.
INFO: [HLS 200-112] Total CPU user time: 3 seconds. Total CPU system time: 3 seconds. Total elapsed time: 93.549 seconds; peak allocated memory: 225.863 MB.
INFO: [vitis-run 60-791] Total elapsed time: 0h 1m 34s
INFO: [vitis-run 60-1662] Stopping dispatch session having empty uuid.
