  **** HLS Build v2026.1 6493734
Sourcing Tcl script 'D:/Desktop/AMD/fpga/run_hls.tcl'
INFO: HLS_IP    = roi_statistic
INFO: source    = src/roi_statistic.cpp
INFO: testbench = sim/tb_roi_statistic.cpp
INFO: [HLS 200-1510] Running: open_component -reset component_roi_statistic -flow_target vivado 
INFO: [HLS 200-10] Creating and opening component 'D:/Desktop/AMD/fpga/component_roi_statistic'.
INFO: [HLS 200-10] Cleaning up the component database.
INFO: [HLS 200-1505] Using flow_target 'vivado'
Resolution: For help on HLS 200-1505 see docs.amd.com/access/sources/dita/topic?Doc_Version=2026.1%20English&url=ug1448-hls-guidance&resourceid=200-1505.html
WARNING: [HLS 200-2149] The 'flow_target' option is deprecated and will be removed in a future release. For 'vivado' value you may simply remove the option for equivalent behavior.
INFO: [HLS 200-2176] Writing Vitis IDE component file D:/Desktop/AMD/fpga/component_roi_statistic/vitis-comp.json
INFO: [HLS 200-1915] Writing HLS config ini file D:/Desktop/AMD/fpga/component_roi_statistic/hls_config.cfg
WARNING: [HLS 200-484] The 'open_component -flow_target' command is deprecated and will be removed in a future release.
INFO: [HLS 200-1510] Running: add_files src/roi_statistic.cpp 
INFO: [HLS 200-10] Adding design file 'src/roi_statistic.cpp' to the project
INFO: [HLS 200-1510] Running: add_files -tb sim/tb_roi_statistic.cpp 
INFO: [HLS 200-10] Adding test bench file 'sim/tb_roi_statistic.cpp' to the project
INFO: [HLS 200-1510] Running: set_top roi_statistic 
INFO: [HLS 200-1510] Running: set_part xc7z020clg400-1 
INFO: [HLS 200-1611] Setting target device to 'xc7z020-clg400-1'
INFO: [HLS 200-1510] Running: create_clock -period 10 
INFO: [SYN 201-201] Setting up clock 'default' with a period of 10ns.
INFO: data dir  = D:/Desktop/AMD/fpga/sim/data
INFO: hls_exec  = 1  (1=csim+csynth, 2=+cosim, 3=+export)
INFO: [HLS 200-1510] Running: csim_design -argv D:/Desktop/AMD/fpga/sim/data 
INFO: [HLS 200-1915] Writing HLS config ini file D:/Desktop/AMD/fpga/component_roi_statistic/hls_config.cfg
INFO: [SIM 211-2] *************** CSIM start ***************
INFO: [HLS 200-2191] C-Simulation will use clang-16 as the compiler
INFO: [HLS 200-2036] Building debug C Simulation binaries
   Compiling ../../../../sim/tb_roi_statistic.cpp in debug mode
   Compiling ../../../../src/roi_statistic.cpp in debug mode
   Generating csim.exe
In file included from ../../../../sim/tb_roi_statistic.cpp:38:
In file included from D:/Xilinx/2026.1/Vitis/include\ap_axi_sdata.h:15:
In file included from D:/Xilinx/2026.1/Vitis/include/ap_int.h:10:
In file included from D:/Xilinx/2026.1/Vitis/include\etc/ap_common.h:668:
In file included from D:/Xilinx/2026.1/Vitis/include\etc/ap_private.h:68:
In file included from D:/Xilinx/2026.1/Vitis/include\hls_half.h:26:
In file included from D:/Xilinx/2026.1/Vitis/include/etc/hls_half_fpo.h:19:
In file included from D:/Xilinx/2026.1/Vitis/include\hls_fpo.h:140:
In file included from D:/Xilinx/2026.1/Vitis/include/floating_point_v7_1_bitacc_cmodel.h:150:
D:/Xilinx/2026.1/Vitis/include\gmp.h:58:9: warning: '__GMP_LIBGMP_DLL' macro redefined [-Wmacro-redefined]
#define __GMP_LIBGMP_DLL  0
        ^
D:/Xilinx/2026.1/Vitis/include/floating_point_v7_1_bitacc_cmodel.h:142:9: note: previous definition is here
#define __GMP_LIBGMP_DLL 1
        ^
1 warning generated.
In file included from ../../../../src/roi_statistic.cpp:26:
In file included from D:/Xilinx/2026.1/Vitis/include\ap_axi_sdata.h:15:
In file included from D:/Xilinx/2026.1/Vitis/include/ap_int.h:10:
In file included from D:/Xilinx/2026.1/Vitis/include\etc/ap_common.h:668:
In file included from D:/Xilinx/2026.1/Vitis/include\etc/ap_private.h:68:
In file included from D:/Xilinx/2026.1/Vitis/include\hls_half.h:26:
In file included from D:/Xilinx/2026.1/Vitis/include/etc/hls_half_fpo.h:19:
In file included from D:/Xilinx/2026.1/Vitis/include\hls_fpo.h:140:
In file included from D:/Xilinx/2026.1/Vitis/include/floating_point_v7_1_bitacc_cmodel.h:150:
D:/Xilinx/2026.1/Vitis/include\gmp.h:58:9: warning: '__GMP_LIBGMP_DLL' macro redefined [-Wmacro-redefined]
#define __GMP_LIBGMP_DLL  0
        ^
D:/Xilinx/2026.1/Vitis/include/floating_point_v7_1_bitacc_cmodel.h:142:9: note: previous definition is here
#define __GMP_LIBGMP_DLL 1
        ^
1 warning generated.
==== tb_roi_statistic: contract docs/interface.md (tolerance = 0) ====
---- [Layer 1] embedded boundary cases (8x6) ----
  Layer 1: 28 passed, 0 failed
---- [Layer 2] cross-language golden reference ----
  data dir : D:/Desktop/AMD/fpga/sim/data
  meta     : 640x480, 5 frames, 921600 bytes/frame, 45 golden rows
  Layer 2: 45 passed, 0 failed  (pass-through mismatched pixels: 0)

==== RESULT: PASS ====
INFO [HLS SIM]: The maximum depth reached by any hls::stream() instance in the design is 307200
INFO: [SIM 211-1] CSim done with 0 errors.
INFO: [SIM 211-3] *************** CSIM finish ***************
INFO: [HLS 200-2161] Finished Command csim_design Elapsed time: 00:00:20; Allocated memory: 1.699 MB.
INFO: [HLS 200-1510] Running: csynth_design 
INFO: [HLS 200-1915] Writing HLS config ini file D:/Desktop/AMD/fpga/component_roi_statistic/hls_config.cfg
INFO: [HLS 200-111] Finished File checks and directory preparation: CPU user time: 0 seconds. CPU system time: 0 seconds. Elapsed time: 3.212 seconds; current allocated memory: 155.734 MB.
INFO: [HLS 200-2191] C-Synthesis will use clang-16 as the compiler
INFO: [HLS 200-10] Analyzing design file 'src/roi_statistic.cpp' ... 
INFO: [HLS 200-111] Finished Source Code Analysis and Preprocessing: CPU user time: 0 seconds. CPU system time: 0 seconds. Elapsed time: 4.569 seconds; current allocated memory: 158.680 MB.
INFO: [HLS 200-1995] There were 985 instructions in the design after the 'Compile/Link' phase of compilation. See the Design Size Report for more details (D:/Desktop/AMD/fpga/component_roi_statistic/hls/syn/report/csynth_design_size.rpt:2)
INFO: [HLS 200-1995] There were 227 instructions in the design after the 'Unroll/Inline' phase of compilation. See the Design Size Report for more details (D:/Desktop/AMD/fpga/component_roi_statistic/hls/syn/report/csynth_design_size.rpt:2)
INFO: [HLS 200-1995] There were 191 instructions in the design after the 'Unroll/Inline (step 2)' phase of compilation. See the Design Size Report for more details (D:/Desktop/AMD/fpga/component_roi_statistic/hls/syn/report/csynth_design_size.rpt:2)
INFO: [HLS 214-178] Inlining function 'hls::axis<ap_uint<24>, 1ul, 1ul, 1ul, (unsigned char)56, false>::axis()' into 'roi_statistic(hls::stream<hls::axis<ap_uint<24>, 1ul, 1ul, 1ul, (unsigned char)56, false>, 0>&, hls::stream<hls::axis<ap_uint<24>, 1ul, 1ul, 1ul, (unsigned char)56, false>, 0>&, ap_uint<11>, ap_uint<11>, ap_uint<11>, ap_uint<11>, ap_uint<16>, ap_uint<16>, ap_uint<32>&, ap_uint<32>&, ap_uint<32>&, ap_uint<32>&, ap_uint<32>&)' (src/roi_statistic.cpp:45:0)
INFO: [HLS 200-1995] There were 190 instructions in the design after the 'Unroll/Inline (step 3)' phase of compilation. See the Design Size Report for more details (D:/Desktop/AMD/fpga/component_roi_statistic/hls/syn/report/csynth_design_size.rpt:2)
INFO: [HLS 200-1995] There were 190 instructions in the design after the 'Unroll/Inline (step 4)' phase of compilation. See the Design Size Report for more details (D:/Desktop/AMD/fpga/component_roi_statistic/hls/syn/report/csynth_design_size.rpt:2)
INFO: [HLS 200-1995] There were 189 instructions in the design after the 'Array/Struct' phase of compilation. See the Design Size Report for more details (D:/Desktop/AMD/fpga/component_roi_statistic/hls/syn/report/csynth_design_size.rpt:2)
INFO: [HLS 200-1995] There were 189 instructions in the design after the 'Array/Struct (step 2)' phase of compilation. See the Design Size Report for more details (D:/Desktop/AMD/fpga/component_roi_statistic/hls/syn/report/csynth_design_size.rpt:2)
INFO: [HLS 200-1995] There were 189 instructions in the design after the 'Array/Struct (step 3)' phase of compilation. See the Design Size Report for more details (D:/Desktop/AMD/fpga/component_roi_statistic/hls/syn/report/csynth_design_size.rpt:2)
INFO: [HLS 200-1995] There were 189 instructions in the design after the 'Array/Struct (step 4)' phase of compilation. See the Design Size Report for more details (D:/Desktop/AMD/fpga/component_roi_statistic/hls/syn/report/csynth_design_size.rpt:2)
INFO: [HLS 200-1995] There were 342 instructions in the design after the 'Array/Struct (step 5)' phase of compilation. See the Design Size Report for more details (D:/Desktop/AMD/fpga/component_roi_statistic/hls/syn/report/csynth_design_size.rpt:2)
INFO: [HLS 200-1995] There were 335 instructions in the design after the 'Performance' phase of compilation. See the Design Size Report for more details (D:/Desktop/AMD/fpga/component_roi_statistic/hls/syn/report/csynth_design_size.rpt:2)
INFO: [HLS 200-1995] There were 310 instructions in the design after the 'Performance (step 2)' phase of compilation. See the Design Size Report for more details (D:/Desktop/AMD/fpga/component_roi_statistic/hls/syn/report/csynth_design_size.rpt:2)
INFO: [HLS 200-1995] There were 239 instructions in the design after the 'Performance (step 3)' phase of compilation. See the Design Size Report for more details (D:/Desktop/AMD/fpga/component_roi_statistic/hls/syn/report/csynth_design_size.rpt:2)
INFO: [HLS 200-1995] There were 239 instructions in the design after the 'Performance (step 4)' phase of compilation. See the Design Size Report for more details (D:/Desktop/AMD/fpga/component_roi_statistic/hls/syn/report/csynth_design_size.rpt:2)
INFO: [HLS 200-1995] There were 201 instructions in the design after the 'HW Transforms' phase of compilation. See the Design Size Report for more details (D:/Desktop/AMD/fpga/component_roi_statistic/hls/syn/report/csynth_design_size.rpt:2)
INFO: [HLS 200-1995] There were 143 instructions in the design after the 'HW Transforms (step 2)' phase of compilation. See the Design Size Report for more details (D:/Desktop/AMD/fpga/component_roi_statistic/hls/syn/report/csynth_design_size.rpt:2)
INFO: [HLS 200-111] Finished Compiling Optimization and Transform: CPU user time: 0 seconds. CPU system time: 0 seconds. Elapsed time: 7.526 seconds; current allocated memory: 160.902 MB.
INFO: [HLS 200-111] Finished Checking Pragmas: CPU user time: 0 seconds. CPU system time: 0 seconds. Elapsed time: 0.003 seconds; current allocated memory: 160.902 MB.
INFO: [HLS 200-10] Starting code transformations ...
INFO: [HLS 200-111] Finished Standard Transforms: CPU user time: 0 seconds. CPU system time: 0 seconds. Elapsed time: 0.028 seconds; current allocated memory: 165.703 MB.
INFO: [HLS 200-10] Checking synthesizability ...
INFO: [HLS 200-111] Finished Checking Synthesizability: CPU user time: 0 seconds. CPU system time: 0 seconds. Elapsed time: 0.02 seconds; current allocated memory: 167.414 MB.
INFO: [XFORM 203-401] Performing if-conversion on hyperblock from (src/roi_statistic.cpp:82:1) to (src/roi_statistic.cpp:81:22) in function 'roi_statistic'... converting 3 basic blocks.
INFO: [XFORM 203-11] Balancing expressions in function 'roi_statistic' (src/roi_statistic.cpp:32:1)...3 expression(s) balanced.
INFO: [HLS 200-111] Finished Loop, function and other optimizations: CPU user time: 0 seconds. CPU system time: 0 seconds. Elapsed time: 0.055 seconds; current allocated memory: 189.180 MB.
INFO: [HLS 200-111] Finished Architecture Synthesis: CPU user time: 0 seconds. CPU system time: 0 seconds. Elapsed time: 0.057 seconds; current allocated memory: 192.961 MB.
INFO: [HLS 200-2255] Checking Wire Delay Status: Wire Delay Mode is ON
INFO: [HLS 200-10] Starting hardware synthesis ...
INFO: [HLS 200-10] Synthesizing 'roi_statistic' ...
INFO: [HLS 200-10] ----------------------------------------------------------------
INFO: [HLS 200-42] -- Implementing module 'roi_statistic_Pipeline_VITIS_LOOP_81_1' 
INFO: [HLS 200-10] ----------------------------------------------------------------
INFO: [SCHED 204-11] Starting scheduling ...
INFO: [SCHED 204-61] Pipelining loop 'VITIS_LOOP_81_1'.
INFO: [HLS 200-1470] Pipelining result : Target II = 1, Final II = 1, Depth = 2, loop 'VITIS_LOOP_81_1'
INFO: [SCHED 204-11] Finished scheduling.
INFO: [HLS 200-111] Finished Scheduling: CPU user time: 0 seconds. CPU system time: 0 seconds. Elapsed time: 0.118 seconds; current allocated memory: 196.699 MB.
INFO: [BIND 205-100] Starting micro-architecture generation ...
INFO: [BIND 205-101] Performing variable lifetime analysis.
INFO: [BIND 205-101] Exploring resource sharing.
INFO: [BIND 205-101] Binding ...
INFO: [BIND 205-100] Finished micro-architecture generation.
INFO: [HLS 200-111] Finished Binding: CPU user time: 0 seconds. CPU system time: 0 seconds. Elapsed time: 0.027 seconds; current allocated memory: 197.727 MB.
INFO: [HLS 200-10] ----------------------------------------------------------------
INFO: [HLS 200-42] -- Implementing module 'roi_statistic' 
INFO: [HLS 200-10] ----------------------------------------------------------------
INFO: [SCHED 204-11] Starting scheduling ...
INFO: [SCHED 204-11] Finished scheduling.
INFO: [HLS 200-111] Finished Scheduling: CPU user time: 0 seconds. CPU system time: 0 seconds. Elapsed time: 0.037 seconds; current allocated memory: 197.828 MB.
INFO: [BIND 205-100] Starting micro-architecture generation ...
INFO: [BIND 205-101] Performing variable lifetime analysis.
INFO: [BIND 205-101] Exploring resource sharing.
INFO: [BIND 205-101] Binding ...
INFO: [BIND 205-100] Finished micro-architecture generation.
INFO: [HLS 200-111] Finished Binding: CPU user time: 0 seconds. CPU system time: 0 seconds. Elapsed time: 0.022 seconds; current allocated memory: 197.879 MB.
INFO: [HLS 200-10] ----------------------------------------------------------------
INFO: [HLS 200-10] -- Generating RTL for module 'roi_statistic_Pipeline_VITIS_LOOP_81_1' 
INFO: [HLS 200-10] ----------------------------------------------------------------
INFO: [HLS 200-1030] Apply Unified Pipeline Control on module 'roi_statistic_Pipeline_VITIS_LOOP_81_1' pipeline 'VITIS_LOOP_81_1' pipeline type 'loop pipeline'
INFO: [RTGEN 206-100] Finished creating RTL model for 'roi_statistic_Pipeline_VITIS_LOOP_81_1'.
INFO: [HLS 200-111] Finished Creating RTL model: CPU user time: 0 seconds. CPU system time: 0 seconds. Elapsed time: 1.618 seconds; current allocated memory: 199.562 MB.
INFO: [HLS 200-10] ----------------------------------------------------------------
INFO: [HLS 200-10] -- Generating RTL for module 'roi_statistic' 
INFO: [HLS 200-10] ----------------------------------------------------------------
WARNING: [RTGEN 206-101] Design contains AXI ports. Reset is fixed to synchronous and active low.
INFO: [RTGEN 206-500] Setting interface mode on port 'roi_statistic/video_in_V_data_V' to 'axis' (register, both mode).
INFO: [RTGEN 206-500] Setting interface mode on port 'roi_statistic/video_in_V_keep_V' to 'axis' (register, both mode).
INFO: [RTGEN 206-500] Setting interface mode on port 'roi_statistic/video_in_V_strb_V' to 'axis' (register, both mode).
INFO: [RTGEN 206-500] Setting interface mode on port 'roi_statistic/video_in_V_user_V' to 'axis' (register, both mode).
INFO: [RTGEN 206-500] Setting interface mode on port 'roi_statistic/video_in_V_last_V' to 'axis' (register, both mode).
INFO: [RTGEN 206-500] Setting interface mode on port 'roi_statistic/video_in_V_id_V' to 'axis' (register, both mode).
INFO: [RTGEN 206-500] Setting interface mode on port 'roi_statistic/video_in_V_dest_V' to 'axis' (register, both mode).
INFO: [RTGEN 206-500] Setting interface mode on port 'roi_statistic/video_out_V_data_V' to 'axis' (register, both mode).
INFO: [RTGEN 206-500] Setting interface mode on port 'roi_statistic/video_out_V_keep_V' to 'axis' (register, both mode).
INFO: [RTGEN 206-500] Setting interface mode on port 'roi_statistic/video_out_V_strb_V' to 'axis' (register, both mode).
INFO: [RTGEN 206-500] Setting interface mode on port 'roi_statistic/video_out_V_user_V' to 'axis' (register, both mode).
INFO: [RTGEN 206-500] Setting interface mode on port 'roi_statistic/video_out_V_last_V' to 'axis' (register, both mode).
INFO: [RTGEN 206-500] Setting interface mode on port 'roi_statistic/video_out_V_id_V' to 'axis' (register, both mode).
INFO: [RTGEN 206-500] Setting interface mode on port 'roi_statistic/video_out_V_dest_V' to 'axis' (register, both mode).
INFO: [RTGEN 206-500] Setting interface mode on port 'roi_statistic/roi_x0' to 's_axilite & ap_none'.
INFO: [RTGEN 206-500] Setting interface mode on port 'roi_statistic/roi_y0' to 's_axilite & ap_none'.
INFO: [RTGEN 206-500] Setting interface mode on port 'roi_statistic/roi_x1' to 's_axilite & ap_none'.
INFO: [RTGEN 206-500] Setting interface mode on port 'roi_statistic/roi_y1' to 's_axilite & ap_none'.
INFO: [RTGEN 206-500] Setting interface mode on port 'roi_statistic/width' to 's_axilite & ap_none'.
INFO: [RTGEN 206-500] Setting interface mode on port 'roi_statistic/height' to 's_axilite & ap_none'.
INFO: [RTGEN 206-500] Setting interface mode on port 'roi_statistic/sum_r' to 's_axilite & ap_vld'.
INFO: [RTGEN 206-500] Setting interface mode on port 'roi_statistic/sum_g' to 's_axilite & ap_vld'.
INFO: [RTGEN 206-500] Setting interface mode on port 'roi_statistic/sum_b' to 's_axilite & ap_vld'.
INFO: [RTGEN 206-500] Setting interface mode on port 'roi_statistic/count' to 's_axilite & ap_vld'.
INFO: [RTGEN 206-500] Setting interface mode on port 'roi_statistic/frame_id' to 's_axilite & ap_vld'.
INFO: [RTGEN 206-500] Setting interface mode on function 'roi_statistic' to 's_axilite & ap_ctrl_hs'.
WARNING: [RTGEN 206-101] Register 'fid' is power-on initialization.
INFO: [RTGEN 206-100] Bundling port 'roi_x0', 'roi_y0', 'roi_x1', 'roi_y1', 'width', 'height', 'sum_r', 'sum_g', 'sum_b', 'count', 'frame_id' and 'return' to AXI-Lite port ctrl.
INFO: [RTGEN 206-100] Generating core module 'mul_16ns_16ns_32_1_1': 1 instance(s).
INFO: [RTGEN 206-100] Finished creating RTL model for 'roi_statistic'.
INFO: [HLS 200-111] Finished Creating RTL model: CPU user time: 0 seconds. CPU system time: 0 seconds. Elapsed time: 0.174 seconds; current allocated memory: 203.102 MB.
INFO: [HLS 200-111] Finished Generating all RTL models: CPU user time: 1 seconds. CPU system time: 0 seconds. Elapsed time: 0.363 seconds; current allocated memory: 207.285 MB.
INFO: [HLS 200-2225] Wrote inferred directives to file D:/Desktop/AMD/fpga/component_roi_statistic/hls/syn/inferred_directives.ini
INFO: [HLS 200-111] Finished Updating report files: CPU user time: 0 seconds. CPU system time: 1 seconds. Elapsed time: 1.165 seconds; current allocated memory: 211.934 MB.
INFO: [VHDL 208-304] Generating VHDL RTL for roi_statistic.
INFO: [VLOG 209-307] Generating Verilog RTL for roi_statistic.
INFO: [HLS 200-790] **** Loop Constraint Status: All loop constraints were satisfied.
INFO: [HLS 200-789] **** Estimated Fmax: 138.99 MHz
INFO: [HLS 200-2161] Finished Command csynth_design Elapsed time: 00:00:20; Allocated memory: 56.266 MB.
INFO: [HLS 200-112] Total CPU user time: 2 seconds. Total CPU system time: 2 seconds. Total elapsed time: 43.586 seconds; peak allocated memory: 212.020 MB.
INFO: [vitis-run 60-791] Total elapsed time: 0h 0m 44s
INFO: [vitis-run 60-1662] Stopping dispatch session having empty uuid.
