
D:\Desktop\AMD\fpga\component_cosim_roi_720p\hls\sim\verilog>call D:\Xilinx\2026.1\Vitis\settings64.bat  1>nul 2>&1 
Vivado Simulator v2026.1
Copyright 1986-2022 Xilinx, Inc. All Rights Reserved.
Copyright 2022-2026 Advanced Micro Devices, Inc. All Rights Reserved.
Running: D:/Xilinx/2026.1/Vivado/bin/unwrapped/win64.o/xelab.exe xil_defaultlib.apatb_roi_statistic_top xil_defaultlib.glbl -Oenable_linking_all_libraries -prj roi_statistic.prj -L xil_defaultlib -L unisims_ver -L xpm -L floating_point_v7_1_22 -L floating_point_v7_0_27 -L uvm -relax -i ./svr -i ./axivip -i ./svtb -i ./file_agent -i ./roi_statistic_subsystem -mt off -s roi720x 
Turned off multi-threading.
INFO: [VRFC 10-2263] Analyzing SystemVerilog file "D:/Desktop/AMD/fpga/component_cosim_roi_720p/hls/sim/verilog/glbl.v" into library xil_defaultlib
INFO: [VRFC 10-311] analyzing module glbl
INFO: [VRFC 10-2263] Analyzing SystemVerilog file "D:/Desktop/AMD/fpga/component_cosim_roi_720p/hls/sim/verilog/AESL_deadlock_idx0_monitor.v" into library xil_defaultlib
INFO: [VRFC 10-311] analyzing module AESL_deadlock_idx0_monitor
INFO: [VRFC 10-2263] Analyzing SystemVerilog file "D:/Desktop/AMD/fpga/component_cosim_roi_720p/hls/sim/verilog/AESL_deadlock_idx1_monitor.v" into library xil_defaultlib
INFO: [VRFC 10-311] analyzing module AESL_deadlock_idx1_monitor
INFO: [VRFC 10-2263] Analyzing SystemVerilog file "D:/Desktop/AMD/fpga/component_cosim_roi_720p/hls/sim/verilog/AESL_deadlock_kernel_monitor_top.v" into library xil_defaultlib
INFO: [VRFC 10-311] analyzing module AESL_deadlock_kernel_monitor_top
INFO: [VRFC 10-2263] Analyzing SystemVerilog file "D:/Desktop/AMD/fpga/component_cosim_roi_720p/hls/sim/verilog/roi_statistic.autotb.v" into library xil_defaultlib
INFO: [VRFC 10-311] analyzing module apatb_roi_statistic_top
INFO: [VRFC 10-2263] Analyzing SystemVerilog file "D:/Desktop/AMD/fpga/component_cosim_roi_720p/hls/sim/verilog/roi_statistic.v" into library xil_defaultlib
INFO: [VRFC 10-311] analyzing module roi_statistic
INFO: [VRFC 10-2263] Analyzing SystemVerilog file "D:/Desktop/AMD/fpga/component_cosim_roi_720p/hls/sim/verilog/roi_statistic_ctrl_s_axi.v" into library xil_defaultlib
INFO: [VRFC 10-311] analyzing module roi_statistic_ctrl_s_axi
INFO: [VRFC 10-2263] Analyzing SystemVerilog file "D:/Desktop/AMD/fpga/component_cosim_roi_720p/hls/sim/verilog/roi_statistic_flow_control_loop_pipe_sequential_init.v" into library xil_defaultlib
INFO: [VRFC 10-311] analyzing module roi_statistic_flow_control_loop_pipe_sequential_init
INFO: [VRFC 10-2263] Analyzing SystemVerilog file "D:/Desktop/AMD/fpga/component_cosim_roi_720p/hls/sim/verilog/roi_statistic_mul_16ns_16ns_32_1_1.v" into library xil_defaultlib
INFO: [VRFC 10-311] analyzing module roi_statistic_mul_16ns_16ns_32_1_1
INFO: [VRFC 10-2263] Analyzing SystemVerilog file "D:/Desktop/AMD/fpga/component_cosim_roi_720p/hls/sim/verilog/roi_statistic_regslice_both.v" into library xil_defaultlib
INFO: [VRFC 10-311] analyzing module roi_statistic_regslice_both
INFO: [VRFC 10-2263] Analyzing SystemVerilog file "D:/Desktop/AMD/fpga/component_cosim_roi_720p/hls/sim/verilog/roi_statistic_roi_statistic_Pipeline_VITIS_LOOP_81_1.v" into library xil_defaultlib
INFO: [VRFC 10-311] analyzing module roi_statistic_roi_statistic_Pipeline_VITIS_LOOP_81_1
INFO: [VRFC 10-2263] Analyzing SystemVerilog file "D:/Desktop/AMD/fpga/component_cosim_roi_720p/hls/sim/verilog/dataflow_monitor.sv" into library xil_defaultlib
INFO: [VRFC 10-311] analyzing module dataflow_monitor
INFO: [VRFC 10-2263] Analyzing SystemVerilog file "D:/Desktop/AMD/fpga/component_cosim_roi_720p/hls/sim/verilog/file_agent/file_agent_pkg.sv" into library xil_defaultlib
INFO: [VRFC 10-2263] Analyzing SystemVerilog file "D:/Desktop/AMD/fpga/component_cosim_roi_720p/hls/sim/verilog/svr/svr_pkg.sv" into library xil_defaultlib
INFO: [VRFC 10-2263] Analyzing SystemVerilog file "D:/Desktop/AMD/fpga/component_cosim_roi_720p/hls/sim/verilog/svr/svr_if.sv" into library xil_defaultlib
INFO: [VRFC 10-2263] Analyzing SystemVerilog file "D:/Desktop/AMD/fpga/component_cosim_roi_720p/hls/sim/verilog/axivip/axi_pkg.sv" into library xil_defaultlib
INFO: [VRFC 10-2263] Analyzing SystemVerilog file "D:/Desktop/AMD/fpga/component_cosim_roi_720p/hls/sim/verilog/axivip/axi_if.sv" into library xil_defaultlib
INFO: [VRFC 10-2263] Analyzing SystemVerilog file "D:/Desktop/AMD/fpga/component_cosim_roi_720p/hls/sim/verilog/roi_statistic_subsystem/roi_statistic_subsystem_pkg.sv" into library xil_defaultlib
INFO: [VRFC 10-2263] Analyzing SystemVerilog file "D:/Desktop/AMD/fpga/component_cosim_roi_720p/hls/sim/verilog/svtb/misc_interface.sv" into library xil_defaultlib
INFO: [VRFC 10-2263] Analyzing SystemVerilog file "D:/Desktop/AMD/fpga/component_cosim_roi_720p/hls/sim/verilog/svtb/sv_module_top.sv" into library xil_defaultlib
INFO: [VRFC 10-311] analyzing module sv_module_top
Starting static elaboration
Pass Through NonSizing Optimizer
Completed static elaboration
Starting simulation data flow analysis
Completed simulation data flow analysis
Time Resolution for simulation is 1ps
Compiling package xil_defaultlib.$unit_sv_module_top_sv
Compiling package uvm.uvm_pkg
Compiling package std.std
Compiling package xil_defaultlib.svr_pkg
Compiling package xil_defaultlib.file_agent_pkg
Compiling package xil_defaultlib.axi_pkg
Compiling package xil_defaultlib.roi_statistic_subsystem_pkg
Compiling package xil_defaultlib.$unit_dataflow_monitor_sv
Compiling module xil_defaultlib.roi_statistic_flow_control_loop_...
Compiling module xil_defaultlib.roi_statistic_roi_statistic_Pipe...
Compiling module xil_defaultlib.roi_statistic_ctrl_s_axi
Compiling module xil_defaultlib.roi_statistic_mul_16ns_16ns_32_1...
Compiling module xil_defaultlib.roi_statistic_regslice_both(Data...
Compiling module xil_defaultlib.roi_statistic_regslice_both(Data...
Compiling module xil_defaultlib.roi_statistic_regslice_both(Data...
Compiling module xil_defaultlib.roi_statistic
Compiling module xil_defaultlib.misc_interface_default
Compiling module xil_defaultlib.svr_if(DATA_WIDTH=34)
Compiling module xil_defaultlib.axi_if(ADDR_WIDTH=7,STRB_WIDTH=4...
Compiling module xil_defaultlib.sv_module_top
Compiling module xil_defaultlib.AESL_deadlock_idx1_monitor
Compiling module xil_defaultlib.AESL_deadlock_idx0_monitor
Compiling module xil_defaultlib.AESL_deadlock_kernel_monitor_top...
Compiling module xil_defaultlib.nodf_module_intf_default
Compiling module xil_defaultlib.upc_loop_intf(FSM_WIDTH=1)
Compiling module xil_defaultlib.dataflow_monitor_1
Compiling module xil_defaultlib.apatb_roi_statistic_top
Compiling module xil_defaultlib.glbl
Built simulation snapshot roi720x

****** xsim v2026.1 (64-bit)
  **** SW Build 6511674 on Tue Jun 16 11:02:23 MDT 2026
  **** IP Build 6504888 on Tue Jun 09 09:05:25 MDT 2026
  **** SharedData Build 6501428 on Mon Jun 08 17:34:18 MDT 2026
  **** Start of session at: Thu Oct  1 14:13:17 2026
    ** Copyright 1986-2022 Xilinx, Inc. All Rights Reserved.
    ** Copyright 2022-2026 Advanced Micro Devices, Inc. All Rights Reserved.

source xsim.dir/roi720x/xsim_script.tcl
# xsim {roi720x} -testplusarg UVM_VERBOSITY=UVM_NONE -testplusarg UVM_TESTNAME=roi_statistic_test_lib -testplusarg UVM_TIMEOUT=20000000000000 -autoloadwcfg -tclbatch {roi_statistic.tcl}
Time resolution is 1 ps
source roi_statistic.tcl
## run all
UVM_INFO D:Xiliÿÿ‚6.1Vivado/data/system_verilog/uvm_1.2/xlnx_uvm_package.sv(18601) @ 0: reporter [UVM/RELNOTES] 
----------------------------------------------------------------
UVM-1.2
(C) 2007-2014 Mentor Graphics Corporation
(C) 2007-2014 Cadence Design Systems, Inc.
(C) 2006-2014 Synopsys, Inc.
(C) 2011-2013 Cypress Semiconductor Corp.
(C) 2013-2014 NVIDIA Corporation
----------------------------------------------------------------

  ***********       IMPORTANT RELEASE NOTES         ************

  You are using a version of the UVM library that has been compiled
  with `UVM_NO_DEPRECATED undefined.

  You are using a version of the UVM library that has been compiled
  with `UVM_OBJECT_DO_NOT_NEED_CONSTRUCTOR undefined.

      (Specify +UVM_NO_RELNOTES to turn off this notice)

UVM_INFO D:Xiliÿÿ‚6.1Vivado/data/system_verilog/uvm_1.2/xlnx_uvm_package.sv(18648) @ 0: reporter [NO_DPI_TSTNAME] UVM_NO_DPI defined--getting UVM_TESTNAME directly, without DPI
UVM_INFO D:Xiliÿÿ‚6.1Vivado/data/system_verilog/uvm_1.2/xlnx_uvm_package.sv(18752) @ 0: reporter [UVMTOP] UVM testbench topology:
-----------------------------------------------------------------------------------------------------------------
Name                                                  Type                                  Size  Value          
-----------------------------------------------------------------------------------------------------------------
uvm_test_top                                          roi_statistic_test_lib                -     @370           
  top_env                                             roi_statistic_env                     -     @381           
    axi_lite_ctrl                                     uvm_env                               -     @428           
      item_rtr_port                                   uvm_analysis_port                     -     @447           
      item_wtr_port                                   uvm_analysis_port                     -     @437           
      master                                          uvm_agent                             -     @840           
        ardrv                                         uvm_driver #(REQ,RSP)                 -     @1515          
          item_read_imp                               uvm_analysis_port                     -     @1544          
          rsp_port                                    uvm_analysis_port                     -     @1534          
          seq_item_port                               uvm_seq_item_pull_port                -     @1524          
          m_num_sent                                  integral                              32    'h0            
        arsqr                                         axi_sequencer                         -     @1554          
          rsp_export                                  uvm_analysis_export                   -     @1563          
          seq_item_export                             uvm_seq_item_pull_imp                 -     @1681          
          arbitration_queue                           array                                 0     -              
          lock_queue                                  array                                 0     -              
          num_last_reqs                               integral                              32    'd1            
          num_last_rsps                               integral                              32    'd1            
        awdrv                                         uvm_driver #(REQ,RSP)                 -     @987           
          item_read_imp                               uvm_analysis_port                     -     @1016          
          rsp_port                                    uvm_analysis_port                     -     @1006          
          seq_item_port                               uvm_seq_item_pull_port                -     @996           
          m_num_sent                                  integral                              32    'h0            
        awsqr                                         axi_sequencer                         -     @1026          
          rsp_export                                  uvm_analysis_export                   -     @1035          
          seq_item_export                             uvm_seq_item_pull_imp                 -     @1153          
          arbitration_queue                           array                                 0     -              
          lock_queue                                  array                                 0     -              
          num_last_reqs                               integral                              32    'd1            
          num_last_rsps                               integral                              32    'd1            
        bdrv                                          uvm_driver #(REQ,RSP)                 -     @1339          
          item_read_imp                               uvm_analysis_port                     -     @1368          
          rsp_port                                    uvm_analysis_port                     -     @1358          
          seq_item_port                               uvm_seq_item_pull_port                -     @1348          
          m_num_sent                                  integral                              32    'h0            
        bsqr                                          axi_sequencer                         -     @1378          
          rsp_export                                  uvm_analysis_export                   -     @1387          
          seq_item_export                             uvm_seq_item_pull_imp                 -     @1505          
          arbitration_queue                           array                                 0     -              
          lock_queue                                  array                                 0     -              
          num_last_reqs                               integral                              32    'd1            
          num_last_rsps                               integral                              32    'd1            
        rdrv                                          uvm_driver #(REQ,RSP)                 -     @1691          
          item_read_imp                               uvm_analysis_port                     -     @1720          
          rsp_port                                    uvm_analysis_port                     -     @1710          
          seq_item_port                               uvm_seq_item_pull_port                -     @1700          
          m_num_sent                                  integral                              32    'h0            
        rsqr                                          axi_sequencer                         -     @1730          
          rsp_export                                  uvm_analysis_export                   -     @1739          
          seq_item_export                             uvm_seq_item_pull_imp                 -     @1857          
          arbitration_queue                           array                                 0     -              
          lock_queue                                  array                                 0     -              
          num_last_reqs                               integral                              32    'd1            
          num_last_rsps                               integral                              32    'd1            
        wdrv                                          uvm_driver #(REQ,RSP)                 -     @1163          
          item_read_imp                               uvm_analysis_port                     -     @1192          
          rsp_port                                    uvm_analysis_port                     -     @1182          
          seq_item_port                               uvm_seq_item_pull_port                -     @1172          
          m_num_sent                                  integral                              32    'h0            
        wsqr                                          axi_sequencer                         -     @1202          
          rsp_export                                  uvm_analysis_export                   -     @1211          
          seq_item_export                             uvm_seq_item_pull_imp                 -     @1329          
          arbitration_queue                           array                                 0     -              
          lock_queue                                  array                                 0     -              
          num_last_reqs                               integral                              32    'd1            
          num_last_rsps                               integral                              32    'd1            
      monitor                                         uvm_monitor                           -     @662           
        item_ar2r_port                                uvm_analysis_port                     -     @731           
        item_ar_port                                  uvm_analysis_port                     -     @701           
        item_aw2b_port                                uvm_analysis_port                     -     @721           
        item_aw_port                                  uvm_analysis_port                     -     @671           
        item_b_port                                   uvm_analysis_port                     -     @691           
        item_r_port                                   uvm_analysis_port                     -     @711           
        item_w_port                                   uvm_analysis_port                     -     @681           
        checks_enable                                 integral                              1     'h1            
        coverage_enable                               integral                              1     'h1            
      state                                           axi_state                             -     @741           
        ar2r_imp                                      uvm_analysis_imp_ar2r                 -     @810           
        ar_imp                                        uvm_analysis_imp_ar                   -     @780           
        aw2b_imp                                      uvm_analysis_imp_aw2b                 -     @800           
        aw_imp                                        uvm_analysis_imp_aw                   -     @750           
        b_imp                                         uvm_analysis_imp_b                    -     @770           
        item_rtr_port                                 uvm_analysis_port                     -     @830           
        item_wtr_port                                 uvm_analysis_port                     -     @820           
        r_imp                                         uvm_analysis_imp_r                    -     @790           
        w_imp                                         uvm_analysis_imp_w                    -     @760           
        avg_rate                                      integral                              32    'h0            
        exp_rate                                      integral                              32    'h0            
        win_size                                      integral                              32    'h0            
        bqnum_for_slaseq                              integral                              32    'h0            
        rq_from_model_num                             integral                              32    'h0            
      vsqr                                            axi_virtual_sequencer                 -     @849           
        rsp_export                                    uvm_analysis_export                   -     @858           
        seq_item_export                               uvm_seq_item_pull_imp                 -     @976           
        arbitration_queue                             array                                 0     -              
        lock_queue                                    array                                 0     -              
        num_last_reqs                                 integral                              32    'd1            
        num_last_rsps                                 integral                              32    'd1            
      cfg                                             axi_cfg                               -     @400           
        has_checker                                   integral                              1     'h1            
        has_coverage                                  integral                              1     'h1            
        id_num                                        integral                              32    'h1            
        reset_level                                   reset_level_enum                      32    RESET_LEVEL_LOW
        drv_type                                      drv_type_enum                         32    MASTER         
        write_latency_mode                            latency_mode_enum                     32    CHANNEL_FIRST  
        read_latency_mode                             latency_mode_enum                     32    CHANNEL_FIRST  
        clatency                                      axi_latency                           -     @424           
          wr_latency                                  integral                              32    'h0            
          rd_latency                                  integral                              32    'h0            
    env_master_svr_video_in                           uvm_env                               -     @401           
      m_agt                                           uvm_agent                             -     @1935          
        drv                                           uvm_driver #(REQ,RSP)                 -     @2083          
          rsp_port                                    uvm_analysis_port                     -     @2102          
          seq_item_port                               uvm_seq_item_pull_port                -     @2092          
        mon                                           uvm_monitor                           -     @2112          
          item_collect_port                           uvm_analysis_port                     -     @2123          
        sqr                                           uvm_sequencer                         -     @1946          
          rsp_export                                  uvm_analysis_export                   -     @1955          
          seq_item_export                             uvm_seq_item_pull_imp                 -     @2073          
          arbitration_queue                           array                                 0     -              
          lock_queue                                  array                                 0     -              
          num_last_reqs                               integral                              32    'd1            
          num_last_rsps                               integral                              32    'd1            
    env_slave_svr_video_out                           uvm_env                               -     @414           
      s_agt                                           uvm_agent                             -     @2141          
        drv                                           uvm_driver #(REQ,RSP)                 -     @2289          
          rsp_port                                    uvm_analysis_port                     -     @2308          
          seq_item_port                               uvm_seq_item_pull_port                -     @2298          
        mon                                           uvm_monitor                           -     @2318          
          item_collect_port                           uvm_analysis_port                     -     @2329          
        sqr                                           uvm_sequencer                         -     @2152          
          rsp_export                                  uvm_analysis_export                   -     @2161          
          seq_item_export                             uvm_seq_item_pull_imp                 -     @2279          
          arbitration_queue                           array                                 0     -              
          lock_queue                                  array                                 0     -              
          num_last_reqs                               integral                              32    'd1            
          num_last_rsps                               integral                              32    'd1            
    refm                                              roi_statistic_reference_model         -     @457           
      trans_num_idx                                   integral                              32    'h0            
    roi_statistic_virtual_sqr                         roi_statistic_virtual_sequencer       -     @519           
      rsp_export                                      uvm_analysis_export                   -     @528           
      seq_item_export                                 uvm_seq_item_pull_imp                 -     @646           
      arbitration_queue                               array                                 0     -              
      lock_queue                                      array                                 0     -              
      num_last_reqs                                   integral                              32    'd1            
      num_last_rsps                                   integral                              32    'd1            
    subsys_mon                                        roi_statistic_subsystem_monitor       -     @470           
      ctrl_rtr_imp                                    uvm_analysis_imp_axi_rtr_ctrl         -     @509           
      ctrl_wtr_imp                                    uvm_analysis_imp_axi_wtr_ctrl         -     @499           
      scbd                                            roi_statistic_scoreboard              -     @2356          
        refm                                          roi_statistic_reference_model         -     @457           
          trans_num_idx                               integral                              32    'h0            
        file_rd_TVOUT_transaction_size                <unknown>                             -     @2366          
          TV_FILE                                     string                                0     ""             
          fp                                          integral                              32    'hxxxxxxxx     
          TV_FILE_num                                 integral                              32    'h0            
          HEX_read                                    integral                              32    'h0            
          DEC_read                                    integral                              32    'h0            
          is_binary                                   integral                              32    'h0            
          TV_FILE_COMPARE                             string                                0     ""             
          fp_compare                                  integral                              32    'hxxxxxxxx     
        TVOUT_transaction_size_queue                  da(integral)                          0     -              
        file_wr_port_video_out_video_out_TDATA        <unknown>                             -     @2367          
          TV_FILE                                     string                                0     ""             
          fp                                          integral                              32    'hxxxxxxxx     
          file_open                                   integral                              32    'h0            
          write_file_done                             integral                              32    'h0            
          write_section_done                          integral                              32    'h0            
          TRANSACTION_NUM                             integral                              32    'h0            
          transaction_num_idx                         integral                              32    'h0            
          TRANSACTION_DEPTH                           integral                              32    'h0            
          TRANSACTION_DEPTH_queue                     da(integral)                          0     -              
          TRANSACTION_DEPTH_queue_for_depth_check     da(integral)                          0     -              
          transaction_depth_idx                       integral                              32    'h0            
          ap_done_num_idx                             integral                              32    'h0            
          is_binary                                   integral                              32    'h0            
        write_file_done_video_out_video_out_TDATA     integral                              32    'h0            
        write_section_done_video_out_video_out_TDATA  integral                              32    'h0            
        file_wr_port_video_out_video_out_TKEEP        <unknown>                             -     @2368          
          TV_FILE                                     string                                0     ""             
          fp                                          integral                              32    'hxxxxxxxx     
          file_open                                   integral                              32    'h0            
          write_file_done                             integral                              32    'h0            
          write_section_done                          integral                              32    'h0            
          TRANSACTION_NUM                             integral                              32    'h0            
          transaction_num_idx                         integral                              32    'h0            
          TRANSACTION_DEPTH                           integral                              32    'h0            
          TRANSACTION_DEPTH_queue                     da(integral)                          0     -              
          TRANSACTION_DEPTH_queue_for_depth_check     da(integral)                          0     -              
          transaction_depth_idx                       integral                              32    'h0            
          ap_done_num_idx                             integral                              32    'h0            
          is_binary                                   integral                              32    'h0            
        write_file_done_video_out_video_out_TKEEP     integral                              32    'h0            
        write_section_done_video_out_video_out_TKEEP  integral                              32    'h0            
        file_wr_port_video_out_video_out_TSTRB        <unknown>                             -     @2369          
          TV_FILE                                     string                                0     ""             
          fp                                          integral                              32    'hxxxxxxxx     
          file_open                                   integral                              32    'h0            
          write_file_done                             integral                              32    'h0            
          write_section_done                          integral                              32    'h0            
          TRANSACTION_NUM                             integral                              32    'h0            
          transaction_num_idx                         integral                              32    'h0            
          TRANSACTION_DEPTH                           integral                              32    'h0            
          TRANSACTION_DEPTH_queue                     da(integral)                          0     -              
          TRANSACTION_DEPTH_queue_for_depth_check     da(integral)                          0     -              
          transaction_depth_idx                       integral                              32    'h0            
          ap_done_num_idx                             integral                              32    'h0            
          is_binary                                   integral                              32    'h0            
        write_file_done_video_out_video_out_TSTRB     integral                              32    'h0            
        write_section_done_video_out_video_out_TSTRB  integral                              32    'h0            
        file_wr_port_video_out_video_out_TUSER        <unknown>                             -     @2370          
          TV_FILE                                     string                                0     ""             
          fp                                          integral                              32    'hxxxxxxxx     
          file_open                                   integral                              32    'h0            
          write_file_done                             integral                              32    'h0            
          write_section_done                          integral                              32    'h0            
          TRANSACTION_NUM                             integral                              32    'h0            
          transaction_num_idx                         integral                              32    'h0            
          TRANSACTION_DEPTH                           integral                              32    'h0            
          TRANSACTION_DEPTH_queue                     da(integral)                          0     -              
          TRANSACTION_DEPTH_queue_for_depth_check     da(integral)                          0     -              
          transaction_depth_idx                       integral                              32    'h0            
          ap_done_num_idx                             integral                              32    'h0            
          is_binary                                   integral                              32    'h0            
        write_file_done_video_out_video_out_TUSER     integral                              32    'h0            
        write_section_done_video_out_video_out_TUSER  integral                              32    'h0            
        file_wr_port_video_out_video_out_TLAST        <unknown>                             -     @2371          
          TV_FILE                                     string                                0     ""             
          fp                                          integral                              32    'hxxxxxxxx     
          file_open                                   integral                              32    'h0            
          write_file_done                             integral                              32    'h0            
          write_section_done                          integral                              32    'h0            
          TRANSACTION_NUM                             integral                              32    'h0            
          transaction_num_idx                         integral                              32    'h0            
          TRANSACTION_DEPTH                           integral                              32    'h0            
          TRANSACTION_DEPTH_queue                     da(integral)                          0     -              
          TRANSACTION_DEPTH_queue_for_depth_check     da(integral)                          0     -              
          transaction_depth_idx                       integral                              32    'h0            
          ap_done_num_idx                             integral                              32    'h0            
          is_binary                                   integral                              32    'h0            
        write_file_done_video_out_video_out_TLAST     integral                              32    'h0            
        write_section_done_video_out_video_out_TLAST  integral                              32    'h0            
        file_wr_port_video_out_video_out_TID          <unknown>                             -     @2372          
          TV_FILE                                     string                                0     ""             
          fp                                          integral                              32    'hxxxxxxxx     
          file_open                                   integral                              32    'h0            
          write_file_done                             integral                              32    'h0            
          write_section_done                          integral                              32    'h0            
          TRANSACTION_NUM                             integral                              32    'h0            
          transaction_num_idx                         integral                              32    'h0            
          TRANSACTION_DEPTH                           integral                              32    'h0            
          TRANSACTION_DEPTH_queue                     da(integral)                          0     -              
          TRANSACTION_DEPTH_queue_for_depth_check     da(integral)                          0     -              
          transaction_depth_idx                       integral                              32    'h0            
          ap_done_num_idx                             integral                              32    'h0            
          is_binary                                   integral                              32    'h0            
        write_file_done_video_out_video_out_TID       integral                              32    'h0            
        write_section_done_video_out_video_out_TID    integral                              32    'h0            
        file_wr_port_video_out_video_out_TDEST        <unknown>                             -     @2373          
          TV_FILE                                     string                                0     ""             
          fp                                          integral                              32    'hxxxxxxxx     
          file_open                                   integral                              32    'h0            
          write_file_done                             integral                              32    'h0            
          write_section_done                          integral                              32    'h0            
          TRANSACTION_NUM                             integral                              32    'h0            
          transaction_num_idx                         integral                              32    'h0            
          TRANSACTION_DEPTH                           integral                              32    'h0            
          TRANSACTION_DEPTH_queue                     da(integral)                          0     -              
          TRANSACTION_DEPTH_queue_for_depth_check     da(integral)                          0     -              
          transaction_depth_idx                       integral                              32    'h0            
          ap_done_num_idx                             integral                              32    'h0            
          is_binary                                   integral                              32    'h0            
        write_file_done_video_out_video_out_TDEST     integral                              32    'h0            
        write_section_done_video_out_video_out_TDEST  integral                              32    'h0            
      svr_master_video_in_imp                         uvm_analysis_imp_svr_master_video_in  -     @479           
      svr_slave_video_out_imp                         uvm_analysis_imp_svr_slave_video_out  -     @489           
    env_master_svr_video_in                           uvm_env                               -     @401           
    env_slave_svr_video_out                           uvm_env                               -     @414           
    refm                                              roi_statistic_reference_model         -     @457           
    roi_statistic_virtual_sqr                         roi_statistic_virtual_sequencer       -     @519           
    roi_statistic_cfg                                 roi_statistic_config                  -     @395           
      port_video_in_cfg                               svr_config                            -     @396           
        svr_type                                      svr_inst_type                         32    SVR_MASTER     
        prt_type                                      svr_protocol_type                     32    AXIS           
        is_active                                     svr_active_passive_enum               1     SVR_ACTIVE     
        reset_level                                   svr_reset_level_enum                  1     RESET_LEVEL_LOW
        spec_cfg                                      svr_spec_cfg_enum                     32    NORMAL         
        clatency                                      svr_latency                           -     @397           
          transfer_latency                            integral                              32    'h0            
      port_video_out_cfg                              svr_config                            -     @398           
        svr_type                                      svr_inst_type                         32    SVR_SLAVE      
        prt_type                                      svr_protocol_type                     32    AXIS           
        is_active                                     svr_active_passive_enum               1     SVR_ACTIVE     
        reset_level                                   svr_reset_level_enum                  1     RESET_LEVEL_LOW
        spec_cfg                                      svr_spec_cfg_enum                     32    NORMAL         
        clatency                                      svr_latency                           -     @399           
          transfer_latency                            integral                              32    'h0            
      ctrl_cfg                                        axi_cfg                               -     @400           
        has_checker                                   integral                              1     'h1            
        has_coverage                                  integral                              1     'h1            
        id_num                                        integral                              32    'h1            
        reset_level                                   reset_level_enum                      32    RESET_LEVEL_LOW
        drv_type                                      drv_type_enum                         32    MASTER         
        write_latency_mode                            latency_mode_enum                     32    CHANNEL_FIRST  
        read_latency_mode                             latency_mode_enum                     32    CHANNEL_FIRST  
        clatency                                      axi_latency                           -     @424           
          wr_latency                                  integral                              32    'h0            
          rd_latency                                  integral                              32    'h0            
      check_ena                                       integral                              32    'h0            
      cover_ena                                       integral                              32    'h0            
-----------------------------------------------------------------------------------------------------------------

UVM_INFO D:Xiliÿÿ‚6.1Vivado/data/system_verilog/uvm_1.2/xlnx_uvm_package.sv(20867) @ 0: reporter [UVM/COMP/NAMECHECK] This implementation of the component name checks requires DPI to be enabled
////////////////////////////////////////////////////////////////////////////////////
// Inter-Transaction Progress: Completed Transaction / Total Transaction
// Intra-Transaction Progress: Measured Latency / Latency Estimation * 100%
//
// RTL Simulation : "Inter-Transaction Progress" ["Intra-Transaction Progress"] @ "Simulation Time"
////////////////////////////////////////////////////////////////////////////////////
// RTL Simulation : 0 / 73 [n/a] @ "125000"
// RTL Simulation : 1 / 73 [n/a] @ "895000"
// RTL Simulation : 2 / 73 [n/a] @ "1735000"
// RTL Simulation : 3 / 73 [n/a] @ "2575000"
// RTL Simulation : 4 / 73 [n/a] @ "3415000"
// RTL Simulation : 5 / 73 [n/a] @ "4255000"
// RTL Simulation : 6 / 73 [n/a] @ "5095000"
// RTL Simulation : 7 / 73 [n/a] @ "5905000"
// RTL Simulation : 8 / 73 [n/a] @ "6745000"
// RTL Simulation : 9 / 73 [n/a] @ "7585000"
// RTL Simulation : 10 / 73 [n/a] @ "8425000"
// RTL Simulation : 11 / 73 [n/a] @ "9265000"
// RTL Simulation : 12 / 73 [n/a] @ "10105000"
// RTL Simulation : 13 / 73 [n/a] @ "10945000"
// RTL Simulation : 14 / 73 [n/a] @ "11755000"
// RTL Simulation : 15 / 73 [n/a] @ "12595000"
// RTL Simulation : 16 / 73 [n/a] @ "13435000"
// RTL Simulation : 17 / 73 [n/a] @ "14275000"
// RTL Simulation : 18 / 73 [n/a] @ "15115000"
// RTL Simulation : 19 / 73 [n/a] @ "15955000"
// RTL Simulation : 20 / 73 [n/a] @ "16795000"
// RTL Simulation : 21 / 73 [n/a] @ "17605000"
// RTL Simulation : 22 / 73 [n/a] @ "18445000"
// RTL Simulation : 23 / 73 [n/a] @ "19285000"
// RTL Simulation : 24 / 73 [n/a] @ "20125000"
// RTL Simulation : 25 / 73 [n/a] @ "20965000"
// RTL Simulation : 26 / 73 [n/a] @ "21805000"
// RTL Simulation : 27 / 73 [n/a] @ "22645000"
// RTL Simulation : 28 / 73 [n/a] @ "23455000"
// RTL Simulation : 29 / 73 [n/a] @ "9239875000"
// RTL Simulation : 30 / 73 [n/a] @ "18456115000"
// RTL Simulation : 31 / 73 [n/a] @ "27672355000"
// RTL Simulation : 32 / 73 [n/a] @ "36888595000"
// RTL Simulation : 33 / 73 [n/a] @ "46104835000"
// RTL Simulation : 34 / 73 [n/a] @ "55321195000"
// RTL Simulation : 35 / 73 [n/a] @ "64537435000"
// RTL Simulation : 36 / 73 [n/a] @ "73753675000"
// RTL Simulation : 37 / 73 [n/a] @ "82969915000"
// RTL Simulation : 38 / 73 [n/a] @ "92186155000"
// RTL Simulation : 39 / 73 [n/a] @ "101402515000"
// RTL Simulation : 40 / 73 [n/a] @ "110618755000"


Out of memory on request for a fresh 8388608 bytes
Total memory consumed so far :98001632 bytes
Command failed: Simulator command interrupted.

Simulation engine not responding
The simulator has terminated in an unexpected manner.  Please review the simulation log (xsim.log) for details.
run: Time (s): cpu = 00:00:01 ; elapsed = 01:17:26 . Memory (MB): peak = 231.324 ; gain = 0.000
## quit
INFO: [Common 17-206] Exiting xsim at Thu Oct  1 15:30:46 2026...
ÕÒ²»µ½Åú´¦ÀíÎÄ¼þ¡£
